{"browser":"153.0.8010.12","syntheticOnly":true,"providerSuccess":false,"crossDocumentOneExchange":true,"twoPendingStateSelection":true,"nativeTransportUnavailable":true,"deterministicHTTPRefusal":true,"reloadRestored":true,"keyProperties":[{"privateExtractable":false,"privateType":"private","publicExtractable":true}],"cookiesSent":0,"isolatedPublisherAndAppOrigin":true}
✔ Chromium exercises maintained OAuth, custody origin, reload, cross-document consume and non-extractable key (788.107375ms)
{"custodyCase":"counts-consent-expiry","pendingCap":10,"accountCap":10,"onePendingPerDid":true,"refreshDoesNotExtendConsent":true,"expiredNeverRefreshes":true}
✔ owned custody atomic counts, one pending per DID, expiry, and fixed consent lifetime (581.086541ms)
{"custodyCase":"actual-write-abort","callbackAndRefreshRejected":true,"selectedSdkRevocation":true,"localPurge":true}
✔ actual IDB session abort propagates and selected SDK revokes new refresh token (259.744583ms)
{"custodyCase":"read-crash","realDocumentClosed":true,"uncertainNotRestored":true,"noRefreshRetry":true,"oneBestEffortRevoke":true}
✔ crash during a logical read retains uncertainty, reopens with one revocation and no refresh retry (297.379833ms)
{"custodyCase":"callback-after-commit-crash","actualCommittedCredential":true,"authorityChecksUnfinished":true,"noReturnedHandle":true,"noRefreshRetry":true}
✔ committed callback is not live before fresh authority checks; closing document retires it (276.126917ms)
{"custodyCase":"cross-document-lock-key","actualWebLocks":true,"reloadedNonextractablePrivateKey":true,"distinctLockPrefixes":true}
✔ two documents serialize custody and distinct SDK locks without a process local fallback (407.578ms)
{"custodyCase":"actual-browser-quota","chromiumQuotaOverride":1,"writeRejected":true,"physicalCountsPreserved":true,"recoveredAfterQuotaRestored":true}
✔ browser quota refusal aborts real owned writes without exceeding physical slot counts (216.226917ms)
{"custodyCase":"purge-failure-reset","actualDeleteTransactionAborts":true,"countedWhileUnusable":true,"noRefreshRetry":true,"repairAndTrustedResetReenrollment":true}
✔ failed local purge remains counted and unusable until storage repair or trusted explicit reset (299.215167ms)
{"custodyCase":"remote-refusal","localDeletionIndependent":true,"noDurableRemoteRetryQueue":true}
✔ remote revocation refusal cannot prevent local purge (232.831416ms)
{"custodyCase":"legacy-origin-reset","legacyRefused":true,"explicitDeletionWithoutDecoding":true,"freshEnrollment":true}
✔ legacy private SDK origin is refused until trusted reset; no private database migration (217.624416ms)
{"custodyCase":"exact-metadata-ceiling","utf8Bytes":65536,"oneByteOverRejected":true,"opaquePairExcluded":true,"journalIncluded":true}
✔ 64 KiB logical UTF-8 metadata ceiling includes the account journal while opaque keypair is excluded (249.739083ms)
{"custodyCase":"refresh-issued-before-commit-crash","realTokenResponsePrepared":true,"oldCredentialUncertain":true,"noOneUseRefreshRetry":true,"actualDistinctSdkAndCustodyLocks":true}
✔ refresh response issued before local commit leaves the old credential uncertain and never retries it on reopen (292.573ms)
{"custodyCase":"final-live-commit-abort","actualFinalTransactionAborted":true,"noAcceptedHandle":true,"committedCredentialRetiredOnReopen":true}
✔ final live-marker transaction abort returns no handle and retains committed uncertain credential for cleanup (292.915125ms)
{"custodyCase":"journal-first","actualMarkerAbort":true,"noCredentialDispatchBeforeCommit":true,"untouchedLiveConsentPreserved":true}
✔ journal write must commit before any credential read, refresh or resource request (230.274334ms)
{"custodyCase":"subject-and-401","foreignSubjectNeverAllocated":true,"implicitRefreshJournalRetained":true,"consentNotExtended":true,"changedScopeRefusedBeforeSecondResourceDispatch":true}
✔ subject mismatch cannot allocate another account and resource 401 refresh retains the journal and checks exact scopes (249.972958ms)
{"custodyCase":"plain-reset-keeps-consent","originalUnavailableError":true,"unchangedDeadline":true,"noRefreshOrRevoke":true,"nextRequestSucceeded":true}
✔ plain resource transport reset preserves live consent, deadline and next successful request without refresh or revocation (228.683167ms)
{"custodyCase":"resource-form-not-token","normalizedPostBody":true,"authorizationProvenanceSeparatesResource":true,"consentPreserved":true}
✔ an authenticated resource form cannot masquerade as a maintained token request (216.575583ms)
{"custodyCase":"lost-401-refresh-response","actualPreparedTokenResponseLost":true,"sdkInitial401Preserved":true,"uncertainRetired":true,"noOneUseRetry":true}
✔ lost 401 refresh response retires uncertainty even when the maintained resource helper returns its initial 401 (237.783292ms)
{"custodyCase":"token-dispatch-normalized-form","publicSdkFetchDecoratorOnly":true,"optionalFieldsAccepted":true,"mixedCaseCharsetAccepted":true,"lostResponseRetired":true}
✔ token dispatch marker accepts maintained normalized form with extra fields and mixed-case media type with charset (228.251041ms)
{"custodyCase":"safe-finalization-abort","actualTransactionAbort":true,"originalTransientErrorPreserved":true,"uncertainNotUsable":true,"noRefreshRetry":true}
✔ safe failure finalization must commit; aborted live marker leaves uncertainty and preserves original transient error (289.6495ms)
ℹ tests 20
ℹ suites 0
ℹ pass 20
ℹ fail 0
ℹ cancelled 0
ℹ skipped 0
ℹ todo 0
ℹ duration_ms 5665.48525
