TAP version 13
# Subtest: Node resolution consumes stdin payloads larger than 64 KiB
ok 1 - Node resolution consumes stdin payloads larger than 64 KiB
  ---
  duration_ms: 12938.413667
  type: 'test'
  ...
# Subtest: package file patches and unlisted nested resolution fail before interpretation
ok 2 - package file patches and unlisted nested resolution fail before interpretation
  ---
  duration_ms: 29282.408625
  type: 'test'
  ...
# {"node":"v22.19.0","cases":["actual-maintained-PAR-PKCE-DPoP-nonce-refresh-resource-revoke","duplicate-callback-single-exchange","opaque-session-and-adapter-serialization","missing-issuer","oversized-callback","duplicate-issuer","wrong-subject","wrong-scopes","extra-scopes","wrong-callback-issuer","changed-authority","refresh-extra-scopes-before-resource-retry","scope-refusal-before-resource","resource-path-escape","oversized-outgoing-body","caller-aborted-request","unsafe-token-url","oversized-resource","refused-token","refused-refresh","refused-resource","refused-revoke","callback-state-selects-one-of-two-pending-transactions","secret-free-identity-content_unavailable-class","secret-free-identity-origin-class","actual-native-fetch/drop-transient","actual-native-fetch/body-drop-transient","actual-native-fetch/deadline-transient","failed-PAR-state-count-bounded","expired-transaction-before-token-exchange","expired-callback-leaves-later-live-transaction-usable","new-volatile-Node-instance-refuses-abandoned-callback","identity-request-count-budget","identity-cumulative-byte-budget","path-based-issuer-binding-preserved"],"dispatcherCalls":446,"providerSuccess":false,"syntheticOnly":true}
# Subtest: actual Node OAuth adapter uses maintained client, guarded edges, races and private custody
ok 3 - actual Node OAuth adapter uses maintained client, guarded edges, races and private custody
  ---
  duration_ms: 37494.281084
  type: 'test'
  ...
# Subtest: browser-visible OAuth URL policy refuses unsafe schemes, hosts, credentials and fragments
ok 4 - browser-visible OAuth URL policy refuses unsafe schemes, hosts, credentials and fragments
  ---
  duration_ms: 0.559625
  type: 'test'
  ...
# {"browser":"153.0.8010.12","syntheticOnly":true,"providerSuccess":false,"crossDocumentOneExchange":true,"twoPendingStateSelection":true,"nativeTransportUnavailable":true,"deterministicHTTPRefusal":true,"reloadRestored":true,"keyProperties":[{"privateExtractable":false,"privateType":"private","publicExtractable":true}],"cookiesSent":0,"isolatedPublisherAndAppOrigin":true}
# Subtest: Chromium exercises maintained OAuth, custody origin, reload, cross-document consume and non-extractable key
ok 5 - Chromium exercises maintained OAuth, custody origin, reload, cross-document consume and non-extractable key
  ---
  duration_ms: 2337.087667
  type: 'test'
  ...
# [{"name":"browser-app","delta":{"raw":90436,"gzip":8971},"metadataRawBytesInOutput":54920,"grouped":{"raw":55001,"gzip":5231,"method":"Separate standalone minified JS array of the same 47 exact manifests; gzip is not an additive contribution in the ordinary bundle"}},{"name":"browser-worker","delta":{"raw":102686,"gzip":10125},"metadataRawBytesInOutput":54920,"grouped":{"raw":55001,"gzip":5231,"method":"Separate standalone minified JS array of the same 47 exact manifests; gzip is not an additive contribution in the ordinary bundle"}},{"name":"portable-verifier","delta":{"raw":90248,"gzip":8710},"metadataRawBytesInOutput":54920,"grouped":{"raw":55001,"gzip":5231,"method":"Separate standalone minified JS array of the same 47 exact manifests; gzip is not an additive contribution in the ordinary bundle"}},{"name":"node-cli-start","delta":{"raw":345573,"gzip":90940},"metadataRawBytesInOutput":54967,"grouped":{"raw":55001,"gzip":5231,"method":"Separate standalone minified JS array of the same 47 exact manifests; gzip is not an additive contribution in the ordinary bundle"}},{"name":"node-host-start","delta":{"raw":333325,"gzip":90523},"metadataRawBytesInOutput":54967,"grouped":{"raw":55001,"gzip":5231,"method":"Separate standalone minified JS array of the same 47 exact manifests; gzip is not an additive contribution in the ordinary bundle"}}]
# Subtest: actual ordinary browser/verifier/Node start graphs retain only added OAuth manifests, never executable modules
ok 6 - actual ordinary browser/verifier/Node start graphs retain only added OAuth manifests, never executable modules
  ---
  duration_ms: 7478.072916
  type: 'test'
  ...
# [{"platform":"browser","dynamicImports":2,"chunks":[{"path":"oauth-loader.js","rawBytes":213,"gzipBytes":183},{"path":"dist-PBJBG52W.js","rawBytes":254159,"gzipBytes":69393},{"path":"oauth-adapter-YVSLHPVI.js","rawBytes":99901,"gzipBytes":24918},{"path":"chunk-C7IDU5NN.js","rawBytes":414610,"gzipBytes":82220},{"path":"chunk-OOJM4CTU.js","rawBytes":638,"gzipBytes":388}]},{"platform":"node","dynamicImports":2,"chunks":[{"path":"oauth-loader.js","rawBytes":207,"gzipBytes":179},{"path":"dist-BWVBLADZ.js","rawBytes":242020,"gzipBytes":67441},{"path":"oauth-adapter-3R57ORRW.js","rawBytes":90534,"gzipBytes":22340},{"path":"chunk-3PPTV3RF.js","rawBytes":8311330,"gzipBytes":2119794},{"path":"chunk-2SEI3BXJ.js","rawBytes":1521386,"gzipBytes":480596},{"path":"chunk-IYWUY3VA.js","rawBytes":894,"gzipBytes":506}]}]
# Subtest: OAuth enrolment loaders retain a dynamic adapter/client chunk boundary
ok 7 - OAuth enrolment loaders retain a dynamic adapter/client chunk boundary
  ---
  duration_ms: 3187.505083
  type: 'test'
  ...
# {"case":"actual-bfcache-housekeeping","chromium":"153.0.8010.12","compiled":false,"nativeTLS":true,"requestInterception":false,"restorations":3,"initial":{"instance":"d0b56f4d-8822-4a28-b9fc-d6f64f346be9","events":[{"event":"pageshow","persisted":false}],"activeTimers":1,"fires":0},"final":{"instance":"d0b56f4d-8822-4a28-b9fc-d6f64f346be9","events":[{"event":"pageshow","persisted":false},{"event":"pagehide","persisted":true},{"event":"pageshow","persisted":true},{"event":"pagehide","persisted":true},{"event":"pageshow","persisted":true},{"event":"pagehide","persisted":true},{"event":"pageshow","persisted":true}],"activeTimers":1,"fires":1},"actualMinuteTimerFired":true,"idleReservedRowsPurged":true,"providerSuccess":false}
# Subtest: actual BFCache restores exactly one custody timer, which performs idle cleanup after repeated restores
ok 8 - actual BFCache restores exactly one custody timer, which performs idle cleanup after repeated restores
  ---
  duration_ms: 62385.779916
  type: 'test'
  ...
# {"custodyCase":"counts-consent-expiry","pendingCap":10,"accountCap":10,"onePendingPerDid":true,"refreshDoesNotExtendConsent":true,"expiredNeverRefreshes":true}
# Subtest: owned custody atomic counts, one pending per DID, expiry, and fixed consent lifetime
ok 9 - owned custody atomic counts, one pending per DID, expiry, and fixed consent lifetime
  ---
  duration_ms: 1954.638708
  type: 'test'
  ...
# {"custodyCase":"actual-write-abort","callbackAndRefreshRejected":true,"selectedSdkRevocation":true,"localPurge":true}
# Subtest: actual IDB session abort propagates and selected SDK revokes new refresh token
ok 10 - actual IDB session abort propagates and selected SDK revokes new refresh token
  ---
  duration_ms: 605.037333
  type: 'test'
  ...
# {"custodyCase":"read-crash","realDocumentClosed":true,"uncertainNotRestored":true,"noRefreshRetry":true,"oneBestEffortRevoke":true}
# Subtest: crash during a logical read retains uncertainty, reopens with one revocation and no refresh retry
ok 11 - crash during a logical read retains uncertainty, reopens with one revocation and no refresh retry
  ---
  duration_ms: 482.498
  type: 'test'
  ...
# {"custodyCase":"callback-after-commit-crash","actualCommittedCredential":true,"authorityChecksUnfinished":true,"noReturnedHandle":true,"noRefreshRetry":true}
# Subtest: committed callback is not live before fresh authority checks; closing document retires it
ok 12 - committed callback is not live before fresh authority checks; closing document retires it
  ---
  duration_ms: 566.074667
  type: 'test'
  ...
# {"custodyCase":"cross-document-lock-key","actualWebLocks":true,"reloadedNonextractablePrivateKey":true,"distinctLockPrefixes":true}
# Subtest: two documents serialize custody and distinct SDK locks without a process local fallback
ok 13 - two documents serialize custody and distinct SDK locks without a process local fallback
  ---
  duration_ms: 865.368208
  type: 'test'
  ...
# {"custodyCase":"actual-browser-quota","chromiumQuotaOverride":1,"writeRejected":true,"physicalCountsPreserved":true,"recoveredAfterQuotaRestored":true}
# Subtest: browser quota refusal aborts real owned writes without exceeding physical slot counts
ok 14 - browser quota refusal aborts real owned writes without exceeding physical slot counts
  ---
  duration_ms: 497.878792
  type: 'test'
  ...
# {"custodyCase":"purge-failure-reset","actualDeleteTransactionAborts":true,"countedWhileUnusable":true,"noRefreshRetry":true,"repairAndTrustedResetReenrollment":true}
# Subtest: failed local purge remains counted and unusable until storage repair or trusted explicit reset
ok 15 - failed local purge remains counted and unusable until storage repair or trusted explicit reset
  ---
  duration_ms: 619.229333
  type: 'test'
  ...
# {"custodyCase":"remote-refusal","localDeletionIndependent":true,"noDurableRemoteRetryQueue":true}
# Subtest: remote revocation refusal cannot prevent local purge
ok 16 - remote revocation refusal cannot prevent local purge
  ---
  duration_ms: 697.752625
  type: 'test'
  ...
# {"custodyCase":"legacy-origin-reset","legacyRefused":true,"explicitDeletionWithoutDecoding":true,"freshEnrollment":true}
# Subtest: legacy private SDK origin is refused until trusted reset; no private database migration
ok 17 - legacy private SDK origin is refused until trusted reset; no private database migration
  ---
  duration_ms: 387.359875
  type: 'test'
  ...
# {"custodyCase":"exact-metadata-ceiling","utf8Bytes":65536,"oneByteOverRejected":true,"opaquePairExcluded":true,"journalIncluded":true}
# Subtest: 64 KiB logical UTF-8 metadata ceiling includes the account journal while opaque keypair is excluded
ok 18 - 64 KiB logical UTF-8 metadata ceiling includes the account journal while opaque keypair is excluded
  ---
  duration_ms: 637.558291
  type: 'test'
  ...
# {"custodyCase":"refresh-issued-before-commit-crash","realTokenResponsePrepared":true,"oldCredentialUncertain":true,"noOneUseRefreshRetry":true,"actualDistinctSdkAndCustodyLocks":true}
# Subtest: refresh response issued before local commit leaves the old credential uncertain and never retries it on reopen
ok 19 - refresh response issued before local commit leaves the old credential uncertain and never retries it on reopen
  ---
  duration_ms: 635.687625
  type: 'test'
  ...
# {"custodyCase":"final-live-commit-abort","actualFinalTransactionAborted":true,"noAcceptedHandle":true,"committedCredentialRetiredOnReopen":true}
# Subtest: final live-marker transaction abort returns no handle and retains committed uncertain credential for cleanup
ok 20 - final live-marker transaction abort returns no handle and retains committed uncertain credential for cleanup
  ---
  duration_ms: 574.643708
  type: 'test'
  ...
# {"custodyCase":"journal-first","actualMarkerAbort":true,"noCredentialDispatchBeforeCommit":true,"untouchedLiveConsentPreserved":true}
# Subtest: journal write must commit before any credential read, refresh or resource request
ok 21 - journal write must commit before any credential read, refresh or resource request
  ---
  duration_ms: 587.525958
  type: 'test'
  ...
# {"custodyCase":"subject-and-401","foreignSubjectNeverAllocated":true,"implicitRefreshJournalRetained":true,"consentNotExtended":true,"changedScopeRefusedBeforeSecondResourceDispatch":true}
# Subtest: subject mismatch cannot allocate another account and resource 401 refresh retains the journal and checks exact scopes
ok 22 - subject mismatch cannot allocate another account and resource 401 refresh retains the journal and checks exact scopes
  ---
  duration_ms: 772.255917
  type: 'test'
  ...
# {"custodyCase":"plain-reset-keeps-consent","originalUnavailableError":true,"unchangedDeadline":true,"noRefreshOrRevoke":true,"nextRequestSucceeded":true}
# Subtest: plain resource transport reset preserves live consent, deadline and next successful request without refresh or revocation
ok 23 - plain resource transport reset preserves live consent, deadline and next successful request without refresh or revocation
  ---
  duration_ms: 413.685
  type: 'test'
  ...
# {"custodyCase":"resource-form-not-token","normalizedPostBody":true,"authorizationProvenanceSeparatesResource":true,"consentPreserved":true}
# Subtest: an authenticated resource form cannot masquerade as a maintained token request
ok 24 - an authenticated resource form cannot masquerade as a maintained token request
  ---
  duration_ms: 509.452625
  type: 'test'
  ...
# {"custodyCase":"lost-401-refresh-response","actualPreparedTokenResponseLost":true,"sdkInitial401Preserved":true,"uncertainRetired":true,"noOneUseRetry":true}
# Subtest: lost 401 refresh response retires uncertainty even when the maintained resource helper returns its initial 401
ok 25 - lost 401 refresh response retires uncertainty even when the maintained resource helper returns its initial 401
  ---
  duration_ms: 569.671083
  type: 'test'
  ...
# {"custodyCase":"token-dispatch-normalized-form","publicSdkFetchDecoratorOnly":true,"optionalFieldsAccepted":true,"mixedCaseCharsetAccepted":true,"lostResponseRetired":true}
# Subtest: token dispatch marker accepts maintained normalized form with extra fields and mixed-case media type with charset
ok 26 - token dispatch marker accepts maintained normalized form with extra fields and mixed-case media type with charset
  ---
  duration_ms: 491.569041
  type: 'test'
  ...
# {"custodyCase":"safe-finalization-abort","actualTransactionAbort":true,"originalTransientErrorPreserved":true,"uncertainNotUsable":true,"noRefreshRetry":true}
# Subtest: safe failure finalization must commit; aborted live marker leaves uncertainty and preserves original transient error
ok 27 - safe failure finalization must commit; aborted live marker leaves uncertainty and preserves original transient error
  ---
  duration_ms: 648.466042
  type: 'test'
  ...
# {"custodyCase":"plain-caller-abort","existingConsentLive":true,"noTokenOrRevoke":true,"originalUnavailableClass":true}
# Subtest: plain caller abort without token dispatch preserves existing consent and original unavailable class
ok 28 - plain caller abort without token dispatch preserves existing consent and original unavailable class
  ---
  duration_ms: 466.093125
  type: 'test'
  ...
# {"custodyCase":"token-handoff-sync-rejection","markedBeforeTransport":true,"noServerTokenResponseRequiredForConservativeRetirement":true,"noAutomaticRetry":true}
# Subtest: token handoff is marked before transport can synchronously reject, retaining conservative no-retry semantics
ok 29 - token handoff is marked before transport can synchronously reject, retaining conservative no-retry semantics
  ---
  duration_ms: 413.890583
  type: 'test'
  ...
1..29
# tests 29
# suites 0
# pass 29
# fail 0
# cancelled 0
# skipped 0
# todo 0
# duration_ms 63435.3025
