{"chromium":"153.0.8010.12","identityCases":["strict retained JSON positive","duplicate names","escaped duplicate names","nested duplicate names","comment","trailing comma","trailing value","empty JSON","deep JSON","UTF-8 BOM rejected","fatal UTF-8","response budget before parsing","JSON depth32 accepted","p256 whole-log canonical tip, earlier selection rejected","p256 truncated authenticity is not latestness; before/after compares tips","p256 exact genesis DID and row issuer","p256 signed genesis cannot invent another principal","p256 invalid operation signature","p256 valid-hash high-S signature rejected","p256 canonical unpadded signature encoding","p256 tombstone tip cannot select older active operation","p256 duplicate operation CID","p256 nullification annotations checked","p256 higher-priority recovery and strict timestamp ordering","p256 no lossy signed-field projection","secp256k1 whole-log canonical tip, earlier selection rejected","secp256k1 truncated authenticity is not latestness; before/after compares tips","secp256k1 exact genesis DID and row issuer","secp256k1 signed genesis cannot invent another principal","secp256k1 invalid operation signature","secp256k1 valid-hash high-S signature rejected","secp256k1 canonical unpadded signature encoding","secp256k1 tombstone tip cannot select older active operation","secp256k1 duplicate operation CID","secp256k1 nullification annotations checked","secp256k1 higher-priority recovery and strict timestamp ordering","secp256k1 no lossy signed-field projection","PLC total response budget","PLC row budget","PLC operation array budget","PLC operation byte budget","web observation assurance and ignored unrelated metadata","web exact document DID","ATproto hostname web restriction","typed assurance cannot substitute method","relative and own-DID fragments","web key controller","web controller type is not coerced","HTTPS origin endpoint rules","first matching bad service cannot fall through","first ATproto service ID with bad type cannot fall through","first ATproto key ID with foreign controller cannot fall through","first ATproto key ID with unsupported JsonWebKey2020 cannot fall through","web service array budget","web response byte budget","p256 web legacy/modern canonical key equivalence","p256 web off-curve legacy point rejected","secp256k1 web legacy/modern canonical key equivalence","secp256k1 web off-curve legacy point rejected","legacy genesis exact DID/signature before maintained normalization"],"shared":["did:plc:syothgxga62kcmxfvyrzjlsw","did:plc:4lgyyszuab7nupf6c4bktfx7"]}
✔ Chromium runs retained identity corpus and shared Node signed PLC fixtures (422.345375ms)
✔ Node resolution consumes stdin payloads larger than 64 KiB (5170.8295ms)
✔ package file patches and unlisted nested resolution fail before interpretation (8355.648209ms)
{"node":"v26.10.0","chromium":"153.0.8010.12","cases":["initial selected epoch and immutable grant admission","genesis role disable changes revision to unsigned request CID","stale assignment cannot revive disabled role","second immutable grant admission","one referenced grant cannot union another grant role scope","explicit one-grant owner role administration","role no-change retains its effective revision","source grant deletion does not revoke retained device authority","terminal revoke before first grant admission needs no target grant or epoch","never-admitted terminal revoked grant cannot be revived","fresh repeated revoke no-op advances observation floor","same grant path with different CID cannot edit admitted signer","linked epoch reset retires all earlier grants without walking them","queued old-epoch device operation is ineffective","never-seen pre-reset grant cannot enter current epoch","fresh reset epoch needs fresh exact grant admission","copied backup cannot restore a retired epoch","authentic lower repository revision cannot lower ordinary admission floor","greater revision does not repair a conflicting epoch predecessor","appointed recovery permits lower floor only with never-accepted fresh epoch","appointed recovery cannot revive a retired epoch","stale signed recovery consumes descriptor but changes no epoch or floor","govern may explicitly remove owner without revoking devices","routine admission after recovery preserves fresh scope","participation grant does not appoint owner/admin authority","appointed governance assigns domain role without target device grant","govern adds fifteen certify-only pairs while preserving mixed recovery exactly","recovery input bound does not waive sixteen combined-pair capacity","govern cannot alter lower powers on a mixed recover pair","specific capacity route first prunes one non-recover certifier by govern","specific capacity route then rotates recovery preserving old governance","removed recovery signer cannot rotate newly appointed peers","specific capacity route newly appointed recovery replaces governance only","one recovery signer may remove all existing governance without removing certify","one recovery signer may restore a selected governance pair","whole-map replacement equality ignores object property insertion order","claimed-key P1 root cannot substitute for authentic retained app identity","authentic app history truncation changes before/after tip even with unchanged key and PDS","complete selected root proves claimed entry absent: invalid history","missing native tree node stalls without proven absence","missing exact retained method chunk stalls rather than granting authority","invalid device signature stays invalid before delegated checks","authentic app publication cannot rebind descriptor subject","signed published ordinary action stalls without supported source/action derivation and preserves prior","repeated recovery request/descriptor is invalid before missing observation fetch","same actor nonce with changed signed contents is invalid before live-grant denial","unknown app initializes current epoch without replaying pre-app resets; secp256k1 repo and P-256 device","secp256k1 repository key does not change P-256 owner role authorization","hostname web observation/native grant retains weaker assurance class","web account publication still needs a separate P-256 actor signature and owner scope","sixteen mixed recover/certify pairs cannot add a new recovery pair without govern","disabled recovery-to-govern policy cannot manufacture a capacity escape","recover/certify alone cannot prune lower powers through setControl","native app repository key cannot appoint governance by itself"],"fixtureBytes":24651321,"fixtureSha256":"8bad62196fd3c2279ac566175e47d913c9afe333b7e2aa9297418abf44d22203","bundleBytes":889483,"bundleSha256":"8125479b0991de1ad31a7cf6a41a4ba9a05a62f7d192802582908fa18e1de75a","exactWholeSnapshotsAgree":true}
✔ Chromium replays exact Node-produced authenticated authority vectors and complete snapshots (16425.988958ms)
{"cases":["initial selected epoch and immutable grant admission","genesis role disable changes revision to unsigned request CID","stale assignment cannot revive disabled role","second immutable grant admission","one referenced grant cannot union another grant role scope","explicit one-grant owner role administration","role no-change retains its effective revision","source grant deletion does not revoke retained device authority","terminal revoke before first grant admission needs no target grant or epoch","never-admitted terminal revoked grant cannot be revived","fresh repeated revoke no-op advances observation floor","same grant path with different CID cannot edit admitted signer","linked epoch reset retires all earlier grants without walking them","queued old-epoch device operation is ineffective","never-seen pre-reset grant cannot enter current epoch","fresh reset epoch needs fresh exact grant admission","copied backup cannot restore a retired epoch","authentic lower repository revision cannot lower ordinary admission floor","greater revision does not repair a conflicting epoch predecessor","appointed recovery permits lower floor only with never-accepted fresh epoch","appointed recovery cannot revive a retired epoch","stale signed recovery consumes descriptor but changes no epoch or floor","govern may explicitly remove owner without revoking devices","routine admission after recovery preserves fresh scope","participation grant does not appoint owner/admin authority","appointed governance assigns domain role without target device grant","govern adds fifteen certify-only pairs while preserving mixed recovery exactly","recovery input bound does not waive sixteen combined-pair capacity","govern cannot alter lower powers on a mixed recover pair","specific capacity route first prunes one non-recover certifier by govern","specific capacity route then rotates recovery preserving old governance","removed recovery signer cannot rotate newly appointed peers","specific capacity route newly appointed recovery replaces governance only","one recovery signer may remove all existing governance without removing certify","one recovery signer may restore a selected governance pair","whole-map replacement equality ignores object property insertion order","claimed-key P1 root cannot substitute for authentic retained app identity","authentic app history truncation changes before/after tip even with unchanged key and PDS","complete selected root proves claimed entry absent: invalid history","missing native tree node stalls without proven absence","missing exact retained method chunk stalls rather than granting authority","invalid device signature stays invalid before delegated checks","authentic app publication cannot rebind descriptor subject","signed published ordinary action stalls without supported source/action derivation and preserves prior","repeated recovery request/descriptor is invalid before missing observation fetch","same actor nonce with changed signed contents is invalid before live-grant denial","unknown app initializes current epoch without replaying pre-app resets; secp256k1 repo and P-256 device","secp256k1 repository key does not change P-256 owner role authorization","hostname web observation/native grant retains weaker assurance class","web account publication still needs a separate P-256 actor signature and owner scope","sixteen mixed recover/certify pairs cannot add a new recovery pair without govern","disabled recovery-to-govern policy cannot manufacture a capacity escape","recover/certify alone cannot prune lower powers through setControl","native app repository key cannot appoint governance by itself"],"authoritySnapshotBytes":14131,"retainedPublicFixtureBytes":24348811,"noPrivateKeysRetained":true}
✔ native participant authority, role revisions and recovery use authenticated retained evidence (2807.586833ms)
{"browserCases":51,"bundleBytes":584283,"shared":["p256","secp256k1"]}
✔ Chromium executes native hostile cases and shared Node key/commit fixtures (530.483167ms)
{"nativeProofCases":["root fields, raw membership, absence and whole-tree checks","non-forgeable capability","wrong DID","wrong key","wrong root","truncated CAR","CAR byte budget: resource limit and sufficient-budget recovery","block count budget: resource limit and sufficient-budget recovery","block byte budget: resource limit and sufficient-budget recovery","header budget: resource limit and sufficient-budget recovery","native header depth budget: resource limit and sufficient-budget recovery","CAR type and truncated/zero header are input before local header policy","unknown and nonpositive/fractional/nonfinite/unsafe bounds remain caller input errors","corrupt block","wrong record CID","path protocol syntax/1024 maximum precede stricter local character policy","path node, full-tree node and walker-depth budgets are resource limits","node-entry policy yields resource limit and sufficient-budget recovery","native cached-node depth is local policy distinct from Atseq wire depth","cached native block bytes obey resource policy","caller CAR, options and returned-byte mutation isolation","sparse missing evidence distinct from absence","missing record bytes","full-export cache recovery","failed admission preserves prior evidence","single-CAR cache byte/count budgets are resource limits","LRU eviction yields missing evidence","optional expected root","exactly one selected CAR root","oversized authenticated admission is atomic","p256 legacy/compressed/off-curve keys and compact low-S signatures","secp256k1 legacy/compressed/off-curve keys and compact low-S signatures","wrong-layer signed MST node","unordered signed MST keys","wrong child layer","overlapping child interval","signed walked interval fault overrides withheld child for lookup and full tree","signed walked interval fault overrides node-load limit before withheld child for lookup and full tree","canonical MST fields","invalid node shape precedes local node-entry policy","canonical empty repository root","height-one signed empty non-root MST node","leaf signed empty non-root MST node","untrimmed keyless root is invalid input","noncanonical signed MST CBOR is invalid input","maintained MST deserialization errors are invalid input","noncanonical commit CBOR is invalid input","lookup/tree preserve observed runtime/resource/input/missing failures instead of cleanup depth error","genuine walker runtime faults retain identity","native depth limit does not claim validity; raised policy detects malformed commit","native membership cannot bypass strict Atseq record limits"]}
✔ native repository proof corpus rejects hostile inputs and separates missing evidence (1243.128125ms)
▶ isolated native foundation agrees with independent fixtures in Node and Chromium
  ✔ independent exact block disableRoleIntent (0.353042ms)
  ✔ independent exact block appBinding (0.039ms)
  ✔ independent exact block receipt (0.029416ms)
  ✔ independent exact block definition (0.042625ms)
  ✔ independent exact block policy (0.028041ms)
  ✔ independent exact block genesis (0.025125ms)
  ✔ independent exact block epoch (0.023ms)
  ✔ independent exact block epochCurrent (0.024041ms)
  ✔ independent exact block grant (0.036375ms)
  ✔ independent exact block revoke (0.046ms)
  ✔ independent exact block intent (0.025667ms)
  ✔ independent exact block signed (0.017333ms)
  ✔ independent exact block entry (0.076708ms)
  ✔ independent exact block head (0.041292ms)
  ✔ independent exact block account (0.025208ms)
  ✔ independent exact block observation (0.019375ms)
  ✔ independent exact block accountEntry (0.017584ms)
  ✔ independent exact block chunk0 (0.056792ms)
  ✔ independent exact block chunk1 (0.027167ms)
  ✔ independent exact block manifest (0.01475ms)
  ✔ independent exact block file (0.011709ms)
  ✔ independent exact block setControl (0.014791ms)
  ✔ independent exact block setRecovery (0.009584ms)
  ✔ independent exact block setOwner (0.009291ms)
  ✔ independent exact block setRole (0.009417ms)
  ✔ independent exact block activate (0.008916ms)
  ✔ independent exact block recoverParticipant (0.022334ms)
  ✔ independent exact block recoverGovernance (0.00875ms)
  ✔ independent exact block assignRole (0.01175ms)
  ✔ independent exact block advanceEpoch (0.008542ms)
  ✔ independent exact block revokeGrant (0.007959ms)
  ✔ native record canonical keys and exact owned bytes (0.008583ms)
  ✔ positive safe positions and full genesis paths (0.008958ms)
  ✔ genesis external pin is exact and required (0.008458ms)
  ✔ head zero/genesis equivalence and append overflow (0.00825ms)
  ✔ two valid signatures share unsigned request and retry identity (0.008833ms)
  ✔ every mutated signed binding fails verification (0.008666ms)
  ✔ P256 devices and control; dual repository curve representation (0.008417ms)
  ✔ closed schemas reject extra fields, unknown unions and coercion (0.008375ms)
  ✔ ordinary entry content needs no extra ordering signature (0.008459ms)
  ✔ proof-derived outer context mismatch is invalid content (0.008375ms)
  ✔ observation projection binds everything except observation reference (0.0085ms)
  ✔ five-field metadata excludes enrolment identity (0.008ms)
  ✔ chunked exact bytes keep raw file and native locator identities distinct (0.011291ms)
  ✔ missing bytes and local limits stay transient (0.008292ms)
  ✔ chunk tampering and noncanonical chunk lengths fail (0.011084ms)
  ✔ typed shape remains separate from native authority acceptance (0.008208ms)
  ✔ account principals use PLC or hostname web throughout (0.008208ms)
  ✔ retained file-table order and unused assets remain exact identity (0.008459ms)
  ✔ high-S signatures do not create accepted retry aliases (0.007959ms)
  ✔ sparse receipt is closed framing, never self-appointed assurance (0.007917ms)
  ✔ native preparation does not advertise a new supported profile (0.008042ms)
  ✔ native shape returns owned immutable content and bounds enclosing blocks (0.008042ms)
[plugin builtin:vite-reporter] 
(!) Some chunks are larger than 500 kB after minification. Consider:
- Using dynamic import() to code-split the application
- Use build.rolldownOptions.output.codeSplitting to improve chunking: https://rolldown.rs/reference/OutputOptions.codeSplitting
- Adjust chunk size limit for this warning via build.chunkSizeWarningLimit.
✔ isolated native foundation agrees with independent fixtures in Node and Chromium (1705.181458ms)
{"node":"v26.10.0","cases":["actual-maintained-PAR-PKCE-DPoP-nonce-refresh-resource-revoke","duplicate-callback-single-exchange","opaque-session-and-adapter-serialization","missing-issuer","oversized-callback","duplicate-issuer","wrong-subject","wrong-scopes","extra-scopes","wrong-callback-issuer","changed-authority","refresh-extra-scopes-before-resource-retry","scope-refusal-before-resource","resource-path-escape","oversized-outgoing-body","caller-aborted-request","unsafe-token-url","oversized-resource","refused-token","refused-refresh","refused-resource","refused-revoke","callback-state-selects-one-of-two-pending-transactions","secret-free-identity-content_unavailable-class","secret-free-identity-origin-class","actual-native-fetch/drop-transient","actual-native-fetch/body-drop-transient","actual-native-fetch/deadline-transient","failed-PAR-state-count-bounded","expired-transaction-before-token-exchange","expired-callback-leaves-later-live-transaction-usable","new-volatile-Node-instance-refuses-abandoned-callback","identity-request-count-budget","identity-cumulative-byte-budget","path-based-issuer-binding-preserved"],"dispatcherCalls":446,"providerSuccess":false,"syntheticOnly":true}
✔ actual Node OAuth adapter uses maintained client, guarded edges, races and private custody (32185.565708ms)
✔ browser-visible OAuth URL policy refuses unsafe schemes, hosts, credentials and fragments (0.291292ms)
{"browser":"153.0.8010.12","syntheticOnly":true,"providerSuccess":false,"crossDocumentOneExchange":true,"twoPendingStateSelection":true,"nativeTransportUnavailable":true,"deterministicHTTPRefusal":true,"reloadRestored":true,"keyProperties":[{"privateExtractable":false,"privateType":"private","publicExtractable":true}],"cookiesSent":0,"isolatedPublisherAndAppOrigin":true}
✔ Chromium exercises maintained OAuth, custody origin, reload, cross-document consume and non-extractable key (1078.856708ms)
[{"name":"browser-app","delta":{"raw":90436,"gzip":8329},"metadataRawBytesInOutput":54920,"grouped":{"raw":55001,"gzip":5217,"method":"Separate standalone minified JS array of the same 47 exact manifests; gzip is not an additive contribution in the ordinary bundle"}},{"name":"browser-worker","delta":{"raw":102686,"gzip":9079},"metadataRawBytesInOutput":54920,"grouped":{"raw":55001,"gzip":5217,"method":"Separate standalone minified JS array of the same 47 exact manifests; gzip is not an additive contribution in the ordinary bundle"}},{"name":"portable-verifier","delta":{"raw":90248,"gzip":9457},"metadataRawBytesInOutput":54920,"grouped":{"raw":55001,"gzip":5217,"method":"Separate standalone minified JS array of the same 47 exact manifests; gzip is not an additive contribution in the ordinary bundle"}},{"name":"node-cli-start","delta":{"raw":345573,"gzip":95063},"metadataRawBytesInOutput":54967,"grouped":{"raw":55001,"gzip":5217,"method":"Separate standalone minified JS array of the same 47 exact manifests; gzip is not an additive contribution in the ordinary bundle"}},{"name":"node-host-start","delta":{"raw":333325,"gzip":94487},"metadataRawBytesInOutput":54967,"grouped":{"raw":55001,"gzip":5217,"method":"Separate standalone minified JS array of the same 47 exact manifests; gzip is not an additive contribution in the ordinary bundle"}}]
✔ actual ordinary browser/verifier/Node start graphs retain only added OAuth manifests, never executable modules (3719.636833ms)
[{"platform":"browser","dynamicImports":2,"chunks":[{"path":"oauth-loader.js","rawBytes":213,"gzipBytes":181},{"path":"dist-PBJBG52W.js","rawBytes":254159,"gzipBytes":69204},{"path":"oauth-adapter-5HBAUOVW.js","rawBytes":89946,"gzipBytes":22023},{"path":"chunk-C7IDU5NN.js","rawBytes":414610,"gzipBytes":82263},{"path":"chunk-OOJM4CTU.js","rawBytes":638,"gzipBytes":385}]},{"platform":"node","dynamicImports":2,"chunks":[{"path":"oauth-loader.js","rawBytes":207,"gzipBytes":181},{"path":"dist-BWVBLADZ.js","rawBytes":242020,"gzipBytes":67211},{"path":"oauth-adapter-KDXZSVE2.js","rawBytes":89562,"gzipBytes":21938},{"path":"chunk-3PPTV3RF.js","rawBytes":8311330,"gzipBytes":2142577},{"path":"chunk-2SEI3BXJ.js","rawBytes":1521386,"gzipBytes":478039},{"path":"chunk-IYWUY3VA.js","rawBytes":894,"gzipBytes":503}]}]
✔ OAuth enrolment loaders retain a dynamic adapter/client chunk boundary (1028.985125ms)
✔ packed APIs, declarations, JSON CLI and host work in a fresh native Node consumer (40068.222542ms)
ℹ tests 67
ℹ suites 0
ℹ pass 67
ℹ fail 0
ℹ cancelled 0
ℹ skipped 0
ℹ todo 0
ℹ duration_ms 41118.145541
