TAP version 13
# node:internal/modules/run_main:123
#     triggerUncaughtException(
#     ^
# AssertionError [ERR_ASSERTION]: Expected values to be strictly equal:
# + actual - expected
# + 'input'
# - 'content_unavailable'
#     at Object.<anonymous> (/private/tmp/atseq-oauth-review-fixes-20261001/tests/support/oauth-node-probe.ts:27:12)
#     at expectedException (node:assert:576:17)
#     at expectsError (node:assert:701:21)
#     at Function.rejects (node:assert:767:3)
#     at process.processTicksAndRejections (node:internal/process/task_queues:105:5)
#     at async refusedAs (/private/tmp/atseq-oauth-review-fixes-20261001/tests/support/oauth-node-probe.ts:25:3)
#     at async <anonymous> (/private/tmp/atseq-oauth-review-fixes-20261001/tests/support/oauth-node-probe.ts:243:5) {
#   generatedMessage: true,
#   code: 'ERR_ASSERTION',
#   actual: 'input',
#   expected: 'content_unavailable',
#   operator: 'strictEqual',
#   diff: 'simple'
# }
# Node.js v22.19.0
# Subtest: actual Node OAuth adapter uses maintained client, guarded edges, races and private custody
not ok 1 - actual Node OAuth adapter uses maintained client, guarded edges, races and private custody
  ---
  duration_ms: 1071.8755
  type: 'test'
  location: '/private/tmp/atseq-oauth-review-fixes-20261001/tests/oauth-adapter.test.ts:1:160'
  failureType: 'testCodeFailure'
  error: |-
    Command failed: /Users/hughpyle/.npm/_npx/992a19d7d9bf36d4/node_modules/node/bin/node --conditions=atseq-source --import tsx tests/support/oauth-node-probe.ts
    node:internal/modules/run_main:123
        triggerUncaughtException(
        ^
    
    AssertionError [ERR_ASSERTION]: Expected values to be strictly equal:
    + actual - expected
    
    + 'input'
    - 'content_unavailable'
    
        at Object.<anonymous> (/private/tmp/atseq-oauth-review-fixes-20261001/tests/support/oauth-node-probe.ts:27:12)
        at expectedException (node:assert:576:17)
        at expectsError (node:assert:701:21)
        at Function.rejects (node:assert:767:3)
        at process.processTicksAndRejections (node:internal/process/task_queues:105:5)
        at async refusedAs (/private/tmp/atseq-oauth-review-fixes-20261001/tests/support/oauth-node-probe.ts:25:3)
        at async <anonymous> (/private/tmp/atseq-oauth-review-fixes-20261001/tests/support/oauth-node-probe.ts:243:5) {
      generatedMessage: true,
      code: 'ERR_ASSERTION',
      actual: 'input',
      expected: 'content_unavailable',
      operator: 'strictEqual',
      diff: 'simple'
    }
    
    Node.js v22.19.0
    
  code: 'ERR_TEST_FAILURE'
  stack: |-
    Object.<anonymous> (/private/tmp/atseq-oauth-review-fixes-20261001/tests/support/oauth-node-probe.ts:27:12)
    expectedException (node:assert:576:17)
    expectsError (node:assert:701:21)
    Function.rejects (node:assert:767:3)
    process.processTicksAndRejections (node:internal/process/task_queues:105:5)
    async refusedAs (/private/tmp/atseq-oauth-review-fixes-20261001/tests/support/oauth-node-probe.ts:25:3)
    async <anonymous> (/private/tmp/atseq-oauth-review-fixes-20261001/tests/support/oauth-node-probe.ts:243:5) {
    genericNodeError (node:internal/errors:983:15)
    wrappedFn (node:internal/errors:537:14)
    checkExecSyncError (node:child_process:915:11)
    execFileSync (node:child_process:951:15)
    TestContext.<anonymous> (/private/tmp/atseq-oauth-review-fixes-20261001/tests/oauth-adapter.test.ts:7:15)
    Test.runInAsyncScope (node:async_hooks:214:14)
    Test.run (node:internal/test_runner/test:1047:25)
    Test.start (node:internal/test_runner/test:944:17)
    startSubtestAfterBootstrap (node:internal/test_runner/harness:296:17)
  ...
# Subtest: browser-visible OAuth URL policy refuses unsafe schemes, hosts, credentials and fragments
ok 2 - browser-visible OAuth URL policy refuses unsafe schemes, hosts, credentials and fragments
  ---
  duration_ms: 0.235458
  type: 'test'
  ...
1..2
# tests 2
# suites 0
# pass 1
# fail 1
# cancelled 0
# skipped 0
# todo 0
# duration_ms 1402.97325
