✔ a failed acceptance run replaces a prior pass and retains its exact command logs (565.163917ms)
[plugin builtin:vite-reporter] 
(!) Some chunks are larger than 500 kB after minification. Consider:
- Using dynamic import() to code-split the application
- Use build.rolldownOptions.output.codeSplitting to improve chunking: https://rolldown.rs/reference/OutputOptions.codeSplitting
- Adjust chunk size limit for this warning via build.chunkSizeWarningLimit.
▶ retain complete app history and rebuild without the PDS
  ✔ complete evolved archive retains source history, profiles and exact outcomes (109.421084ms)
  ✔ chosen older prefix uses its original definition and no future candidate (73.461709ms)
  ✔ missing activation source permits only the last complete prefix (93.8925ms)
  ✔ changed history, inventory, runtime and invitation cannot be accepted (97.000875ms)
  ✔ archive bounds, byte decoding and source identity guards reject malformed copies (72.518125ms)
  ✔ CLI rebuild uses a new directory with no host projection cache (9470.003333ms)
  ✔ installed shell bootstraps offline and rebuilds solely from an imported archive (632.25475ms)
  ✔ an archive cannot replace this device’s genesis pin for an existing app DID (244.3175ms)
  ✔ cancelling a held worker export keeps verified inputs and an offline signed action (1130.831916ms)
  ✔ small imported data produces a zero-based chart and static source-tagged exports (1456.995584ms)
  ✔ archives retain oversized invalid activation evidence and replay its following action (959.881833ms)
✔ retain complete app history and rebuild without the PDS (22491.425333ms)
▶ browser sessions retain trust and device work across switches and restarts
  ✔ CryptoKeys survive IndexedDB reload and private export is refused (138.423542ms)
  ✔ every app operation rejects mismatched app, genesis and definition (64.368917ms)
  ✔ a restarted worker replays saved history before a rollback from the host (111.247916ms)
  ✔ a failed or cancelled first worker load preserves the saved prefix against host rollback (613.236542ms)
  ✔ an older archive cannot replace saved history for the same genesis (450.646458ms)
  ✔ a first visit with an invalid host signature does not blame saved device history (360.209917ms)
  ✔ corrupt saved history has explicit recovery without losing its pin, key or signed work (573.903ms)
  ✔ an online event during the saved-prefix decision cannot load a fork before fresh restore (256.48925ms)
  ✔ a slow A refresh cannot replace offline B or label its query and archive as A (789.905417ms)
  ✔ a new save during a flush is sent, and only definite refusals require explicit resend (18.502167ms)
  ✔ an invalid invitation cannot poison the pin and verified pins can be forgotten (402.910584ms)
  ✔ startup submits retained signed work without a Retry click (162.060958ms)
[plugin builtin:vite-reporter] 
(!) Some chunks are larger than 500 kB after minification. Consider:
- Using dynamic import() to code-split the application
- Use build.rolldownOptions.output.codeSplitting to improve chunking: https://rolldown.rs/reference/OutputOptions.codeSplitting
- Adjust chunk size limit for this warning via build.chunkSizeWarningLimit.
  ✔ a shell update waits and keeps an open tab’s worker assets available offline (774.631ms)
✔ browser sessions retain trust and device work across switches and restarts (11786.096917ms)
{"node":"v26.10.0","chromium":"153.0.8010.12","cases":["authority-0-exact-data","authority-1-exact-data","authority-2-exact-data","authority-12-exact-data","authority-13-exact-data","authority-20-exact-data","complete-13-history-exact-indexes","head13-frontier2-restricted-I2-data","head13-frontier12-restricted-I2-data","head13-frontier13-restricted-I2-data","original-entry-request-1","original-entry-request-2","original-entry-request-3","original-entry-request-4","original-entry-request-5","original-entry-request-6","original-entry-request-7","original-entry-request-8","original-entry-request-9","original-entry-request-10","original-entry-request-11","original-entry-request-12","original-entry-request-13","source-order-unused-binary-exact-bytes","evidence-exact-hashes-separate-root-context","native-chunk-boundary-0","native-chunk-boundary-32768","native-chunk-boundary-32769","duplicate-decoded-names","BOM","bad-UTF8","trailing-comma","comments","whitespace","negative-zero","unsafe-number","unpaired-surrogate","unsorted-keys","normative-page-depth33-malformed","normative-page128KiB-plus1-malformed","smaller-local-byte-budget-unavailable","I1-depth-unchanged-unavailable","pure-parser-typed-depth-fact","table-extra-field","table-old-request-kind","table-scope-swap","table-zero-page-count","table-count-mismatch","table-count-overflow","table-genesis-position-mismatch","history-missing-actor","history-extra-field","history-gap","history-zero-position","history-invalid-nonce","history-device-account-confusion","history-two-descriptors","local-page-row-budget-unavailable","missing-complete-page-unavailable","missing-native-bytes-unavailable","unexpected-reader-fault-preserved","cross-page-request-duplicate","cross-page-retry-duplicate","cross-page-descriptor-duplicate","cross-page-position-gap","compact-no-invented-index-arrays","compact-recovery-policy-immutable","compact-epoch-id-reused","compact-epoch-immutable-cid","compact-current-epoch-missing","compact-grant-tombstone-mismatch","compact-historical-revision-needs-coverage","compact-floor-needs-descriptor-coverage","compact-genesis-exact-initialization","unsigned-versus-signed-wrapper-identity","original-request-bytes-unmodified","original-entry-chain-exact","source-file-order-not-normalized","source-original-binary-hash","complete-source-table-exact","sources-cross-page-duplicate","evidence-cross-page-duplicate","unexpected-extra-history-page-malformed","global-history-row-budget-unavailable","global-history-byte-budget-unavailable","history-page-identity-mismatch-malformed","outcome-exact-contract-still-gated","compact-null-row-malformed","source-duplicate-path-malformed","compact-false-frontier-mapping-malformed","owned-returned-data-cannot-change-retained-bytes"],"fixtureBytes":1055377,"fixtureSha256":"885826c82e93de564330c1b1ca3f601b387642a9d5b719a20217e853092d9b41","bundleBytes":844709,"bundleSha256":"dd50f4fa1cf6a733ba6521e5e1d581d67d4a9dda6492d434ac8604fcf5608086","exactSharedCasesAgree":true,"noAdmission":true}
✔ Chromium runs exact shared checkpoint DATA corpus without admission (2867.399708ms)
{"node":"v26.10.0","cases":91,"noAdmission":true}
✔ exact retained checkpoint DATA and hostile corpus, without admission capabilities (2241.993208ms)
✔ outputs require explicit overwrite and never replace key/intent aliases (50.088ms)
✔ CAR output cannot enter its source through a directory alias or missing descendant (16.00975ms)
✔ CLI export verifies the invitation instead of accepting the host’s self-pin (6864.913917ms)
✔ CLI replay refuses a single pin; archive import owns verified typed data and codes malformed input (2603.259292ms)
✔ retry requests compare content identity across property order and retain signed bytes (3703.896875ms)
✔ running host loads and interprets two newly generated unrelated applications (5065.105958ms)
✔ worker requests honor longer replay budgets and retain the shorter preview default (1.101167ms)
✔ worker failures stop after three attempts and require a page reload (0.290375ms)
▶ compatible activation preserves its exact interpretation boundary
  ✔ activation at N preserves state and N+1 uses the new interface (22.580542ms)
  ✔ a full replay uses each definition at its original boundary (25.931125ms)
  ✔ unavailable candidate pauses at N and resumes the same entry after repair (46.947792ms)
  ✔ corrupt candidate content cannot fabricate an invalid-activation verdict (60.653125ms)
  ✔ failed persistence leaves both definition and state before activation (32.754625ms)
  ✔ another actor cannot activate or force a missing-content fetch (21.897375ms)
  ✔ available invalid candidate code is retained ineffective (20.87825ms)
  ✔ an incomplete or extra signed closure has the same outcome with full and closure-only readers (117.807459ms)
  ✔ a closure over 512 KiB is transported and invalid on both full and closure-only readers (67.6945ms)
  ✔ an available query-less view with missing bindings is invalid rather than a permanent stall (16.968375ms)
  ✔ state compatibility includes transitive schemas and ignores unrelated additions (52.548ms)
  ✔ malformed closure and control-action rebinding are refused (8.64675ms)
✔ compatible activation preserves its exact interpretation boundary (5866.863ms)
▶ evolve a real app and explicitly replace its stale pending work
  ✔ ordinary state is retained while another browser queues an old-definition act (762.602041ms)
  ✔ comparison works locally and an ungranted browser cannot apply (116.186916ms)
  ✔ CLI staging and preparing an activation do not activate it (5579.843375ms)
  ✔ explicit Apply records the boundary and preserves existing data (852.015ms)
  ✔ a prepared activation racing from the same old definition is ineffective (2554.724333ms)
  ✔ reconnecting delivers the old signed intent unchanged exactly once (543.056417ms)
  ✔ review preserves entered values and signs a replacement only on Save (628.744292ms)
  ✔ the new action, query and view use the preserved state (430.440167ms)
  ✔ offline queue order preserves add-then-select dependencies (835.565708ms)
  ✔ a recorded unauthorized activation is refused under the fixed grant (46.661334ms)
  ✔ an incompatible proposal preserves the app and current data (275.004209ms)
  ✔ sync delivers an oversized closure so host, CLI and fresh browser agree and continue (7326.248416ms)
  ✔ restarting the host rebuilds the active definition and every outcome (568.91775ms)
✔ evolve a real app and explicitly replace its stale pending work (29430.070291ms)
▶ shared feasibility corpus passes in Node
  ✔ effective state fold (0.335833ms)
  ✔ ineffective leaves input state unchanged (0.044875ms)
  ✔ pure query (0.033875ms)
  ✔ array append and multiplication (0.033542ms)
  ✔ malformed fold output (0.0315ms)
  ✔ ineffective cannot carry state (0.036ms)
  ✔ no floating output (0.028041ms)
  ✔ invalid syntax (0.031166ms)
  ✔ forbidden: $now() (0.046ms)
  ✔ forbidden: $millis() (0.055ms)
  ✔ forbidden: $random() (0.027916ms)
  ✔ forbidden: $shuffle([1,2]) (0.024375ms)
  ✔ forbidden: $eval("1") (0.021791ms)
  ✔ forbidden: function($x){$x}(1) (0.021375ms)
  ✔ forbidden: ($v_f := $now; $v_f()) (0.021917ms)
  ✔ forbidden: [1..100000000] (0.020542ms)
  ✔ forbidden: /(a+)+$/ (0.018958ms)
  ✔ forbidden: $pad("a",100000000) (0.020375ms)
  ✔ forbidden: $map([1],function($x){$x}) (0.040833ms)
  ✔ forbidden: $lookup({},"constructor")() (0.022333ms)
  ✔ literal ambient-function text is data (0.017542ms)
  ✔ deterministic work exhaustion (0.016959ms)
  ✔ program bytes exact cap (0.015166ms)
  ✔ action bytes exact cap (0.0155ms)
  ✔ complete input bytes exact cap (0.015167ms)
  ✔ query output bytes exact cap (0.014917ms)
  ✔ source complexity rejected before evaluation (0.014709ms)
  ✔ intermediate growth is bounded (0.014542ms)
  ✔ ordinary JSONata locals need no custom naming (0.014333ms)
  ✔ built-in callable cannot be replaced (0.013666ms)
  ✔ state bytes exact cap (0.013625ms)
  ✔ input depth exact cap (0.013792ms)
  ✔ safe integer boundaries (0.014708ms)
  ✔ null, absent, extras, array order preserved (0.014208ms)
  ✔ prototype and invalid Unicode refused (0.01425ms)
  ✔ runtime-loaded state schema (0.013375ms)
  ✔ runtime-loaded query contract (0.0145ms)
  ✔ domain type validation does not coerce (0.01325ms)
  ✔ query output validated (0.013666ms)
  ✔ second bundle: nested refs, arrays and closed union (0.013917ms)
  ✔ closed union rejects unknown member (0.015416ms)
  ✔ optional does not mean nullable (0.015166ms)
  ✔ missing ref fails before data use (0.014583ms)
  ✔ defaulting rejected at source admission (0.017042ms)
  ✔ schema closure bytes exact cap (0.013667ms)
  ✔ schema file count exact cap (0.013334ms)
  ✔ Inlay local template and query binding (0.013917ms)
  ✔ Inlay absent component fails explicitly (0.014791ms)
  ✔ Inlay external body refused without I/O (0.014333ms)
  ✔ Inlay missing caller property fails (0.0145ms)
  ✔ Inlay auto-submit property refused (0.014666ms)
  ✔ engine evaluation nesting exact boundary (0.01475ms)
  ✔ engine sequence exact boundary (0.016167ms)
  ✔ AST container count exact boundary in unevaluated branch (0.015417ms)
  ✔ AST container depth exact boundary (0.026208ms)
  ✔ encoded-byte work budget exact boundary (0.018458ms)
  ✔ large repeated intermediate strings exhaust byte budget (0.017834ms)
  ✔ generated range rejected with stable code (0.014584ms)
  ✔ regex rejected with stable code (0.016ms)
  ✔ Unicode casing is outside the portable profile (0.014041ms)
  ✔ absent expression result is explicit (0.016875ms)
  ✔ negative zero input is not a wire integer (0.014333ms)
  ✔ malformed Unicode object key is rejected (0.016791ms)
  ✔ fold input state exact byte cap (0.0155ms)
  ✔ fold successor state exact byte cap (0.015167ms)
  ✔ ineffective reason length and syntax (0.014292ms)
  ✔ ineffective message must be a string (0.014792ms)
  ✔ duplicate schema IDs rejected before validation (0.02875ms)
  ✔ open union rejected at admission (0.013667ms)
  ✔ inherited type names are ordinary unsupported schemas (0.016917ms)
  ✔ native grapheme constraints rejected at admission (0.014208ms)
  ✔ Inlay source bytes exact boundary (0.0275ms)
  ✔ Inlay source record count exact boundary (0.016667ms)
  ✔ Inlay expanded node count exact boundary (0.015292ms)
  ✔ Inlay expansion depth exact boundary (0.015791ms)
✔ shared feasibility corpus passes in Node (4096.179042ms)
▶ human and agent participation on a real PDS
  ✔ source validation and preview publish nothing (73.460958ms)
  ✔ creation retry returns one app and binds its content (12.003542ms)
  ✔ shared service exposes recorded and then interpreted progress (135.785583ms)
  ✔ routine host metadata and receipts do not export a full Folder projection (83.676084ms)
  ✔ reads after confirmation pass an older held interpretation refresh (85.811833ms)
  ✔ reads do not chase appends arriving during every interpretation refresh (42.965583ms)
  ✔ host restart restores the same app and interpreted history (571.244875ms)
  ✔ concurrent reads and submissions report coherent heads and frontiers (363.31ms)
  ✔ documented CLI packs, validates and creates the same immutable source (9496.303584ms)
✔ human and agent participation on a real PDS (17259.569167ms)
✔ HTTP receipts retain crash recovery and externally confirmed heads across rollback (4034.265208ms)
✔ host procedures require a retained owner-only token; reads remain public (1878.355042ms)
✔ draft cache evicts least recently used previews within count and byte budgets (128.308917ms)
✔ incomplete creations consume application quota before an account is provisioned (10.863625ms)
✔ a corrupt lease database keeps its SQLite diagnostic instead of claiming contention (16.349458ms)
✔ only a PDS RecordNotFound response becomes a missing source (16.713917ms)
✔ only definite invalid input is final; integrity and host availability errors use 503 (0.258ms)
✔ actual native proof limits remain unavailable and nonpermanent through host HTTP (45.326541ms)
✔ expiry renews once across concurrent JSON, blob and upload calls (40.036834ms)
✔ missing, rejected or repeatedly expired session credentials have a permanent authentication code (15.401375ms)
✔ complete-prefix limits and nonce conflicts have stable permanent codes (0.210917ms)
✔ authorization refusal does not permanently disable a valid PDS credential (4.481375ms)
✔ preverified interpretation accepts only immutable history issued for its genesis (1922.9875ms)
✔ snapshot reads share verification, invalidate changed commits and retain rollback and fork checks (49.589208ms)
✔ receipt lookup completes while an append waits for its conditional write (28.244833ms)
✔ confirmation replaces an in-flight read started before the conditional write completed (47.362708ms)
✔ confirmed and repeated receipts retain their head across restart and refuse rollback (52.735792ms)
{"chromium":"153.0.8010.12","identityCases":["strict retained JSON positive","duplicate names","escaped duplicate names","nested duplicate names","comment","trailing comma","trailing value","empty JSON","deep JSON","UTF-8 BOM rejected","fatal UTF-8","response budget before parsing","JSON depth32 accepted","p256 whole-log canonical tip, earlier selection rejected","p256 truncated authenticity is not latestness; before/after compares tips","p256 exact genesis DID and row issuer","p256 signed genesis cannot invent another principal","p256 invalid operation signature","p256 valid-hash high-S signature rejected","p256 canonical unpadded signature encoding","p256 tombstone tip cannot select older active operation","p256 duplicate operation CID","p256 nullification annotations checked","p256 higher-priority recovery and strict timestamp ordering","p256 no lossy signed-field projection","secp256k1 whole-log canonical tip, earlier selection rejected","secp256k1 truncated authenticity is not latestness; before/after compares tips","secp256k1 exact genesis DID and row issuer","secp256k1 signed genesis cannot invent another principal","secp256k1 invalid operation signature","secp256k1 valid-hash high-S signature rejected","secp256k1 canonical unpadded signature encoding","secp256k1 tombstone tip cannot select older active operation","secp256k1 duplicate operation CID","secp256k1 nullification annotations checked","secp256k1 higher-priority recovery and strict timestamp ordering","secp256k1 no lossy signed-field projection","PLC total response budget","PLC row budget","PLC operation array budget","PLC operation byte budget","web observation assurance and ignored unrelated metadata","web exact document DID","ATproto hostname web restriction","typed assurance cannot substitute method","relative and own-DID fragments","web key controller","web controller type is not coerced","HTTPS origin endpoint rules","first matching bad service cannot fall through","first ATproto service ID with bad type cannot fall through","first ATproto key ID with foreign controller cannot fall through","first ATproto key ID with unsupported JsonWebKey2020 cannot fall through","web service array budget","web response byte budget","p256 web legacy/modern canonical key equivalence","p256 web off-curve legacy point rejected","secp256k1 web legacy/modern canonical key equivalence","secp256k1 web off-curve legacy point rejected","legacy genesis exact DID/signature before maintained normalization"],"shared":["did:plc:qthbbgaqiktvrsyv7ajoofqp","did:plc:la7o3uhgdn7dhzmbuy2o6u4z"]}
✔ Chromium runs retained identity corpus and shared Node signed PLC fixtures (435.36375ms)
{"identityCases":["strict retained JSON positive","duplicate names","escaped duplicate names","nested duplicate names","comment","trailing comma","trailing value","empty JSON","deep JSON","UTF-8 BOM rejected","fatal UTF-8","response budget before parsing","JSON depth32 accepted","p256 whole-log canonical tip, earlier selection rejected","p256 truncated authenticity is not latestness; before/after compares tips","p256 exact genesis DID and row issuer","p256 signed genesis cannot invent another principal","p256 invalid operation signature","p256 valid-hash high-S signature rejected","p256 canonical unpadded signature encoding","p256 tombstone tip cannot select older active operation","p256 duplicate operation CID","p256 nullification annotations checked","p256 higher-priority recovery and strict timestamp ordering","p256 no lossy signed-field projection","secp256k1 whole-log canonical tip, earlier selection rejected","secp256k1 truncated authenticity is not latestness; before/after compares tips","secp256k1 exact genesis DID and row issuer","secp256k1 signed genesis cannot invent another principal","secp256k1 invalid operation signature","secp256k1 valid-hash high-S signature rejected","secp256k1 canonical unpadded signature encoding","secp256k1 tombstone tip cannot select older active operation","secp256k1 duplicate operation CID","secp256k1 nullification annotations checked","secp256k1 higher-priority recovery and strict timestamp ordering","secp256k1 no lossy signed-field projection","PLC total response budget","PLC row budget","PLC operation array budget","PLC operation byte budget","web observation assurance and ignored unrelated metadata","web exact document DID","ATproto hostname web restriction","typed assurance cannot substitute method","relative and own-DID fragments","web key controller","web controller type is not coerced","HTTPS origin endpoint rules","first matching bad service cannot fall through","first ATproto service ID with bad type cannot fall through","first ATproto key ID with foreign controller cannot fall through","first ATproto key ID with unsupported JsonWebKey2020 cannot fall through","web service array budget","web response byte budget","p256 web legacy/modern canonical key equivalence","p256 web off-curve legacy point rejected","secp256k1 web legacy/modern canonical key equivalence","secp256k1 web off-curve legacy point rejected","legacy genesis exact DID/signature before maintained normalization"]}
✔ retained identity JSON and PLC canonical-tip corpus (1966.865667ms)
{"node":"v26.10.0","builtinUndici":"8.10.2","selectedAgentAlias":"undici_v8","selectedInstalledVersion":"8.11.2","selectedEntry":"/private/tmp/atseq-oauth-review-fixes-20261001/node_modules/undici_v8/index.js","dispatchedCalls":7,"connectTimeDnsCalls":2,"privateConnections":0,"literalCases":6}
{"mockBodyPhases":true,"bodyReadFaultCases":11,"preservedBodyAtseqCases":1,"preservedRequestFaultCases":5,"consumedBeforeFailure":36,"resumed":true}
{"actualHttpTruncation":true,"termination":"destroy","code":"content_unavailable","name":"AtseqError","message":"Identity evidence body is unavailable","receivedBytes":1000}
{"actualHttpTruncation":true,"termination":"end","code":"content_unavailable","name":"AtseqError","message":"Identity evidence body is unavailable","receivedBytes":1000}
{"actualHttpTruncation":true,"termination":"resetAndDestroy","code":"content_unavailable","name":"AtseqError","message":"Identity evidence body is unavailable","receivedBytes":1000}
✔ production identity transport rejects literal/private addresses and connect-time DNS rebinding (3031.299875ms)
✔ identity transport applies credential/cache/redirect and failed-body total budgets (mock HTTP responses) (3511.091458ms)
✔ identity transport classifies body-read failures and preserves request and Atseq faults (mock phases) (2742.792875ms)
✔ identity body reader classifies a real destroy HTTP socket (injected loopback transport) (3621.814458ms)
✔ identity body reader classifies a real end HTTP socket (injected loopback transport) (2802.109709ms)
✔ identity body reader classifies a real resetAndDestroy HTTP socket (injected loopback transport) (2398.804083ms)
✔ Node resolution consumes stdin payloads larger than 64 KiB (7621.416291ms)
✔ package file patches and unlisted nested resolution fail before interpretation (20391.778375ms)
✔ loader shape mutations remain coded input failures, including manifest and view edges (11384.898625ms)
ℹ 3260 loader mutations checked against two loadable baselines
{"cases":24,"metrics":{"tombstones":[{"name":"tombstone-churn","current":302,"bytes":31,"rows":0,"deletionMarkers":0,"generations":2,"pins":0,"values":0},{"name":"tombstone-small-quota","current":152,"bytes":31,"rows":0,"deletionMarkers":0,"generations":2,"pins":0,"values":0},{"name":"tombstone-repeated-delete","current":53,"bytes":31,"rows":0,"deletionMarkers":0,"generations":2,"pins":0,"values":0},{"name":"tombstone-pinned-value","current":17,"bytes":31,"rows":0,"deletionMarkers":0,"generations":2,"pins":0,"values":0}],"commit":{"cursorContinuations":4,"payloadReads":0,"payloadAdds":1},"page":{"cursorContinuations":12,"payloadReads":10,"payloadAdds":0},"pinRelease":{"cursorContinuations":1004,"payloadReads":0,"payloadAdds":0},"storage":{"historyRows":500,"storedVersions":501,"logicalBytes":137794}},"quota":{"case":"actual Chromium quota abort preserves generation","generation":1,"attemptedBytes":4194304,"observed":{"code":"quota","causeName":"QuotaExceededError","causeMessage":""},"override":{"usage":0,"quota":1048576,"overrideActive":true,"usageBreakdown":[{"storageType":"file_systems","usage":0},{"storageType":"indexeddb","usage":0},{"storageType":"cache_storage","usage":0},{"storageType":"service_workers","usage":0}]}},"crashes":[{"phase":"before","generation":1,"observedRequests":152},{"phase":"after","generation":2,"observedRequests":0}]}
✔ real Chromium IndexedDB shares storage corpus, physical quota and renderer crashes (1967.593709ms)
{"node":"v26.10.0","cases":26,"incremental":{"historyRows":500,"precedingChangedKeys":1,"actualRetirementKeys":1,"storedVersions":501,"sqlPlan":[{"id":3,"parent":0,"notused":61,"detail":"SEARCH local_rows USING INDEX local_rows_generation (generation=?)"}],"logicalUsage":{"bytes":137794,"rows":501}},"tombstones":[{"name":"tombstone-churn","current":302,"bytes":31,"rows":0,"deletionMarkers":0,"generations":2,"pins":0},{"name":"tombstone-small-quota","current":152,"bytes":31,"rows":0,"deletionMarkers":0,"generations":2,"pins":0},{"name":"tombstone-repeated-delete","current":53,"bytes":31,"rows":0,"deletionMarkers":0,"generations":2,"pins":0},{"name":"tombstone-pinned-value","current":17,"bytes":31,"rows":0,"deletionMarkers":0,"generations":2,"pins":0}]}
✔ real SQLite generations, coherent abort/crash recovery and incremental retirement (848.850125ms)
{"node":"v26.10.0","chromium":"153.0.8010.12","cases":["initial selected epoch and immutable grant admission","genesis role disable changes revision to unsigned request CID","stale assignment cannot revive disabled role","second immutable grant admission","one referenced grant cannot union another grant role scope","explicit one-grant owner role administration","role no-change retains its effective revision","source grant deletion does not revoke retained device authority","terminal revoke before first grant admission needs no target grant or epoch","never-admitted terminal revoked grant cannot be revived","fresh repeated revoke no-op advances observation floor","same grant path with different CID cannot edit admitted signer","linked epoch reset retires all earlier grants without walking them","queued old-epoch device operation is ineffective","never-seen pre-reset grant cannot enter current epoch","fresh reset epoch needs fresh exact grant admission","copied backup cannot restore a retired epoch","authentic lower repository revision cannot lower ordinary admission floor","greater revision does not repair a conflicting epoch predecessor","appointed recovery permits lower floor only with never-accepted fresh epoch","appointed recovery cannot revive a retired epoch","stale signed recovery consumes descriptor but changes no epoch or floor","govern may explicitly remove owner without revoking devices","routine admission after recovery preserves fresh scope","participation grant does not appoint owner/admin authority","appointed governance assigns domain role without target device grant","govern adds fifteen certify-only pairs while preserving mixed recovery exactly","recovery input bound does not waive sixteen combined-pair capacity","govern cannot alter lower powers on a mixed recover pair","specific capacity route first prunes one non-recover certifier by govern","specific capacity route then rotates recovery preserving old governance","removed recovery signer cannot rotate newly appointed peers","specific capacity route newly appointed recovery replaces governance only","one recovery signer may remove all existing governance without removing certify","one recovery signer may restore a selected governance pair","whole-map replacement equality ignores object property insertion order","claimed-key P1 root cannot substitute for authentic retained app identity","authentic app history truncation changes before/after tip even with unchanged key and PDS","complete selected root proves claimed entry absent: invalid history","missing native tree node stalls without proven absence","missing exact retained method chunk stalls rather than granting authority","invalid device signature stays invalid before delegated checks","authentic app publication cannot rebind descriptor subject","signed published ordinary action stalls without supported source/action derivation and preserves prior","repeated recovery request/descriptor is invalid before missing observation fetch","same actor nonce with changed signed contents is invalid before live-grant denial","unknown app initializes current epoch without replaying pre-app resets; secp256k1 repo and P-256 device","secp256k1 repository key does not change P-256 owner role authorization","hostname web observation/native grant retains weaker assurance class","web account publication still needs a separate P-256 actor signature and owner scope","sixteen mixed recover/certify pairs cannot add a new recovery pair without govern","disabled recovery-to-govern policy cannot manufacture a capacity escape","recover/certify alone cannot prune lower powers through setControl","native app repository key cannot appoint governance by itself"],"fixtureBytes":22797378,"fixtureSha256":"74169fde827f6c07c8d341f4cc0b2cf8e7c2a2325e48061d52b279131b40fb50","bundleBytes":889483,"bundleSha256":"8125479b0991de1ad31a7cf6a41a4ba9a05a62f7d192802582908fa18e1de75a","exactWholeSnapshotsAgree":true}
✔ Chromium replays exact Node-produced authenticated authority vectors and complete snapshots (25118.982708ms)
{"cases":["initial selected epoch and immutable grant admission","genesis role disable changes revision to unsigned request CID","stale assignment cannot revive disabled role","second immutable grant admission","one referenced grant cannot union another grant role scope","explicit one-grant owner role administration","role no-change retains its effective revision","source grant deletion does not revoke retained device authority","terminal revoke before first grant admission needs no target grant or epoch","never-admitted terminal revoked grant cannot be revived","fresh repeated revoke no-op advances observation floor","same grant path with different CID cannot edit admitted signer","linked epoch reset retires all earlier grants without walking them","queued old-epoch device operation is ineffective","never-seen pre-reset grant cannot enter current epoch","fresh reset epoch needs fresh exact grant admission","copied backup cannot restore a retired epoch","authentic lower repository revision cannot lower ordinary admission floor","greater revision does not repair a conflicting epoch predecessor","appointed recovery permits lower floor only with never-accepted fresh epoch","appointed recovery cannot revive a retired epoch","stale signed recovery consumes descriptor but changes no epoch or floor","govern may explicitly remove owner without revoking devices","routine admission after recovery preserves fresh scope","participation grant does not appoint owner/admin authority","appointed governance assigns domain role without target device grant","govern adds fifteen certify-only pairs while preserving mixed recovery exactly","recovery input bound does not waive sixteen combined-pair capacity","govern cannot alter lower powers on a mixed recover pair","specific capacity route first prunes one non-recover certifier by govern","specific capacity route then rotates recovery preserving old governance","removed recovery signer cannot rotate newly appointed peers","specific capacity route newly appointed recovery replaces governance only","one recovery signer may remove all existing governance without removing certify","one recovery signer may restore a selected governance pair","whole-map replacement equality ignores object property insertion order","claimed-key P1 root cannot substitute for authentic retained app identity","authentic app history truncation changes before/after tip even with unchanged key and PDS","complete selected root proves claimed entry absent: invalid history","missing native tree node stalls without proven absence","missing exact retained method chunk stalls rather than granting authority","invalid device signature stays invalid before delegated checks","authentic app publication cannot rebind descriptor subject","signed published ordinary action stalls without supported source/action derivation and preserves prior","repeated recovery request/descriptor is invalid before missing observation fetch","same actor nonce with changed signed contents is invalid before live-grant denial","unknown app initializes current epoch without replaying pre-app resets; secp256k1 repo and P-256 device","secp256k1 repository key does not change P-256 owner role authorization","hostname web observation/native grant retains weaker assurance class","web account publication still needs a separate P-256 actor signature and owner scope","sixteen mixed recover/certify pairs cannot add a new recovery pair without govern","disabled recovery-to-govern policy cannot manufacture a capacity escape","recover/certify alone cannot prune lower powers through setControl","native app repository key cannot appoint governance by itself"],"authoritySnapshotBytes":14131,"retainedPublicFixtureBytes":23082530,"noPrivateKeysRetained":true}
✔ native participant authority, role revisions and recovery use authenticated retained evidence (6150.84775ms)
{"browserCases":51,"bundleBytes":584283,"shared":["p256","secp256k1"]}
✔ Chromium executes native hostile cases and shared Node key/commit fixtures (820.606542ms)
{"nativeProofCases":["root fields, raw membership, absence and whole-tree checks","non-forgeable capability","wrong DID","wrong key","wrong root","truncated CAR","CAR byte budget: resource limit and sufficient-budget recovery","block count budget: resource limit and sufficient-budget recovery","block byte budget: resource limit and sufficient-budget recovery","header budget: resource limit and sufficient-budget recovery","native header depth budget: resource limit and sufficient-budget recovery","CAR type and truncated/zero header are input before local header policy","unknown and nonpositive/fractional/nonfinite/unsafe bounds remain caller input errors","corrupt block","wrong record CID","path protocol syntax/1024 maximum precede stricter local character policy","path node, full-tree node and walker-depth budgets are resource limits","node-entry policy yields resource limit and sufficient-budget recovery","native cached-node depth is local policy distinct from Atseq wire depth","cached native block bytes obey resource policy","caller CAR, options and returned-byte mutation isolation","sparse missing evidence distinct from absence","missing record bytes","full-export cache recovery","failed admission preserves prior evidence","single-CAR cache byte/count budgets are resource limits","LRU eviction yields missing evidence","optional expected root","exactly one selected CAR root","oversized authenticated admission is atomic","p256 legacy/compressed/off-curve keys and compact low-S signatures","secp256k1 legacy/compressed/off-curve keys and compact low-S signatures","wrong-layer signed MST node","unordered signed MST keys","wrong child layer","overlapping child interval","signed walked interval fault overrides withheld child for lookup and full tree","signed walked interval fault overrides node-load limit before withheld child for lookup and full tree","canonical MST fields","invalid node shape precedes local node-entry policy","canonical empty repository root","height-one signed empty non-root MST node","leaf signed empty non-root MST node","untrimmed keyless root is invalid input","noncanonical signed MST CBOR is invalid input","maintained MST deserialization errors are invalid input","noncanonical commit CBOR is invalid input","lookup/tree preserve observed runtime/resource/input/missing failures instead of cleanup depth error","genuine walker runtime faults retain identity","native depth limit does not claim validity; raised policy detects malformed commit","native membership cannot bypass strict Atseq record limits"]}
✔ native repository proof corpus rejects hostile inputs and separates missing evidence (2437.203416ms)
▶ isolated native foundation agrees with independent fixtures in Node and Chromium
  ✔ independent exact block disableRoleIntent (0.416292ms)
  ✔ independent exact block appBinding (0.073958ms)
  ✔ independent exact block receipt (0.042958ms)
  ✔ independent exact block definition (0.042125ms)
  ✔ independent exact block policy (0.04ms)
  ✔ independent exact block genesis (0.038625ms)
  ✔ independent exact block epoch (0.035292ms)
  ✔ independent exact block epochCurrent (0.03625ms)
  ✔ independent exact block grant (0.060459ms)
  ✔ independent exact block revoke (0.0655ms)
  ✔ independent exact block intent (0.0335ms)
  ✔ independent exact block signed (0.027417ms)
  ✔ independent exact block entry (0.023ms)
  ✔ independent exact block head (0.024666ms)
  ✔ independent exact block account (0.022958ms)
  ✔ independent exact block observation (0.020209ms)
  ✔ independent exact block accountEntry (0.020667ms)
  ✔ independent exact block chunk0 (0.020041ms)
  ✔ independent exact block chunk1 (0.025209ms)
  ✔ independent exact block manifest (0.022208ms)
  ✔ independent exact block file (0.040958ms)
  ✔ independent exact block setControl (0.025459ms)
  ✔ independent exact block setRecovery (0.017833ms)
  ✔ independent exact block setOwner (0.015541ms)
  ✔ independent exact block setRole (0.014667ms)
  ✔ independent exact block activate (0.013292ms)
  ✔ independent exact block recoverParticipant (0.040292ms)
  ✔ independent exact block recoverGovernance (0.012167ms)
  ✔ independent exact block assignRole (0.011875ms)
  ✔ independent exact block advanceEpoch (0.012083ms)
  ✔ independent exact block revokeGrant (0.011791ms)
  ✔ native record canonical keys and exact owned bytes (0.012834ms)
  ✔ positive safe positions and full genesis paths (0.011792ms)
  ✔ genesis external pin is exact and required (0.011625ms)
  ✔ head zero/genesis equivalence and append overflow (0.018042ms)
  ✔ two valid signatures share unsigned request and retry identity (0.011875ms)
  ✔ every mutated signed binding fails verification (0.018791ms)
  ✔ P256 devices and control; dual repository curve representation (0.011875ms)
  ✔ closed schemas reject extra fields, unknown unions and coercion (0.012125ms)
  ✔ ordinary entry content needs no extra ordering signature (0.012125ms)
  ✔ proof-derived outer context mismatch is invalid content (0.011959ms)
  ✔ observation projection binds everything except observation reference (0.011958ms)
  ✔ five-field metadata excludes enrolment identity (0.012417ms)
  ✔ chunked exact bytes keep raw file and native locator identities distinct (0.014958ms)
  ✔ missing bytes and local limits stay transient (0.012208ms)
  ✔ chunk tampering and noncanonical chunk lengths fail (0.012667ms)
  ✔ typed shape remains separate from native authority acceptance (0.011916ms)
  ✔ account principals use PLC or hostname web throughout (0.012708ms)
  ✔ retained file-table order and unused assets remain exact identity (0.012ms)
  ✔ high-S signatures do not create accepted retry aliases (0.011875ms)
  ✔ sparse receipt is closed framing, never self-appointed assurance (0.0125ms)
  ✔ native preparation does not advertise a new supported profile (0.012042ms)
  ✔ native shape returns owned immutable content and bounds enclosing blocks (0.013416ms)
[plugin builtin:vite-reporter] 
(!) Some chunks are larger than 500 kB after minification. Consider:
- Using dynamic import() to code-split the application
- Use build.rolldownOptions.output.codeSplitting to improve chunking: https://rolldown.rs/reference/OutputOptions.codeSplitting
- Adjust chunk size limit for this warning via build.chunkSizeWarningLimit.
✔ isolated native foundation agrees with independent fixtures in Node and Chromium (2661.612ms)
{"node":"v26.10.0","cases":["actual-maintained-PAR-PKCE-DPoP-nonce-refresh-resource-revoke","duplicate-callback-single-exchange","opaque-session-and-adapter-serialization","missing-issuer","oversized-callback","duplicate-issuer","wrong-subject","wrong-scopes","extra-scopes","wrong-callback-issuer","changed-authority","refresh-extra-scopes-before-resource-retry","scope-refusal-before-resource","resource-path-escape","oversized-outgoing-body","caller-aborted-request","unsafe-token-url","oversized-resource","refused-token","refused-refresh","refused-resource","refused-revoke","callback-state-selects-one-of-two-pending-transactions","secret-free-identity-content_unavailable-class","secret-free-identity-origin-class","actual-native-fetch/drop-transient","actual-native-fetch/body-drop-transient","actual-native-fetch/deadline-transient","failed-PAR-state-count-bounded","expired-transaction-before-token-exchange","expired-callback-leaves-later-live-transaction-usable","new-volatile-Node-instance-refuses-abandoned-callback","identity-request-count-budget","identity-cumulative-byte-budget","path-based-issuer-binding-preserved"],"dispatcherCalls":446,"providerSuccess":false,"syntheticOnly":true}
✔ actual Node OAuth adapter uses maintained client, guarded edges, races and private custody (33369.205375ms)
✔ browser-visible OAuth URL policy refuses unsafe schemes, hosts, credentials and fragments (0.347458ms)
{"browser":"153.0.8010.12","syntheticOnly":true,"providerSuccess":false,"crossDocumentOneExchange":true,"twoPendingStateSelection":true,"nativeTransportUnavailable":true,"deterministicHTTPRefusal":true,"reloadRestored":true,"keyProperties":[{"privateExtractable":false,"privateType":"private","publicExtractable":true}],"cookiesSent":0,"isolatedPublisherAndAppOrigin":true}
✔ Chromium exercises maintained OAuth, custody origin, reload, cross-document consume and non-extractable key (1087.946ms)
[{"name":"browser-app","delta":{"raw":90436,"gzip":8329},"metadataRawBytesInOutput":54920,"grouped":{"raw":55001,"gzip":5217,"method":"Separate standalone minified JS array of the same 47 exact manifests; gzip is not an additive contribution in the ordinary bundle"}},{"name":"browser-worker","delta":{"raw":102686,"gzip":9079},"metadataRawBytesInOutput":54920,"grouped":{"raw":55001,"gzip":5217,"method":"Separate standalone minified JS array of the same 47 exact manifests; gzip is not an additive contribution in the ordinary bundle"}},{"name":"portable-verifier","delta":{"raw":90248,"gzip":9457},"metadataRawBytesInOutput":54920,"grouped":{"raw":55001,"gzip":5217,"method":"Separate standalone minified JS array of the same 47 exact manifests; gzip is not an additive contribution in the ordinary bundle"}},{"name":"node-cli-start","delta":{"raw":345573,"gzip":95063},"metadataRawBytesInOutput":54967,"grouped":{"raw":55001,"gzip":5217,"method":"Separate standalone minified JS array of the same 47 exact manifests; gzip is not an additive contribution in the ordinary bundle"}},{"name":"node-host-start","delta":{"raw":333325,"gzip":94487},"metadataRawBytesInOutput":54967,"grouped":{"raw":55001,"gzip":5217,"method":"Separate standalone minified JS array of the same 47 exact manifests; gzip is not an additive contribution in the ordinary bundle"}}]
✔ actual ordinary browser/verifier/Node start graphs retain only added OAuth manifests, never executable modules (5390.116125ms)
[{"platform":"browser","dynamicImports":2,"chunks":[{"path":"oauth-loader.js","rawBytes":213,"gzipBytes":181},{"path":"dist-PBJBG52W.js","rawBytes":254159,"gzipBytes":69204},{"path":"oauth-adapter-5HBAUOVW.js","rawBytes":89946,"gzipBytes":22023},{"path":"chunk-C7IDU5NN.js","rawBytes":414610,"gzipBytes":82263},{"path":"chunk-OOJM4CTU.js","rawBytes":638,"gzipBytes":385}]},{"platform":"node","dynamicImports":2,"chunks":[{"path":"oauth-loader.js","rawBytes":207,"gzipBytes":181},{"path":"dist-BWVBLADZ.js","rawBytes":242020,"gzipBytes":67211},{"path":"oauth-adapter-KDXZSVE2.js","rawBytes":89562,"gzipBytes":21938},{"path":"chunk-3PPTV3RF.js","rawBytes":8311330,"gzipBytes":2142577},{"path":"chunk-2SEI3BXJ.js","rawBytes":1521386,"gzipBytes":478039},{"path":"chunk-IYWUY3VA.js","rawBytes":894,"gzipBytes":503}]}]
✔ OAuth enrolment loaders retain a dynamic adapter/client chunk boundary (1871.223833ms)
✔ packed APIs, declarations, JSON CLI and host work in a fresh native Node consumer (56385.8825ms)
▶ two browser identities and the JSON CLI use generic participation flows
  ✔ CLI preview opens the same source in the browser without publication (1328.648708ms)
  ✔ explicit identity and publication create an app once (2341.219166ms)
  ✔ another browser can read before creating a distinct signing identity (446.863709ms)
  ✔ offline double click retains one signed intent across reload and reconnect (547.507458ms)
  ✔ a competing browser action is recorded with an honest ineffective outcome (301.432875ms)
  ✔ CLI uses a third private key and keeps exact retry bytes in a file (8103.907042ms)
  ✔ narrow layout remains usable with keyboard focus and no script errors (231.792125ms)
  ✔ lost submit reply reconciles the retained intent without a second append (313.182208ms)
  ✔ transport refusal retains the original signed work and invents no entry (569.900834ms)
  ✔ hostile template text stays text and rendering cannot sign or fetch external resources (2405.875417ms)
✔ two browser identities and the JSON CLI use generic participation flows (22699.222916ms)
✔ PDS child keeps only OS paths and forced telemetry disable without mutating input (0.62825ms)
✔ inherited telemetry preload exports with legacy spread and is blocked by the fixture allowlist (16739.028042ms)
▶ real disposable PDS persistence and recovery
  ✔ genesis and initial head are a verified empty prefix (17.12425ms)
  ✔ provisioning refuses to replace an existing application log (41.168042ms)
  ✔ source blobs are retained and recovered by exact CID (38.120041ms)
  ✔ reset refuses a live or unmarked directory (5.005916ms)
  ✔ two concurrent submissions receive one contiguous order (116.023625ms)
  ✔ same intent and a new valid signature return original receipt (38.895416ms)
  ✔ second local writer is refused while the lease is held (0.633042ms)
  ✔ official PDS process crash preserves acknowledged history and blobs (1741.734334ms)
  ✔ a rejected conditional batch leaves entry and head unchanged (65.455792ms)
  ✔ malformed commit replies cannot remove an append or provision condition (209.958834ms)
  ✔ an unrelated repo write races the append and is reconciled (158.072541ms)
  ✔ lost HTTP response after commit resolves to one original receipt (178.044541ms)
  ✔ a different writer process cannot acquire the same local lease (1840.069125ms)
  ✔ writer crash after commit but before acknowledgment recovers one receipt (2104.853875ms)
  ✔ writer crash after acknowledgment keeps receipt and no domain effect claim (2044.583042ms)
  ✔ XRPC rejects a foreign receipt anchor and malformed submission (28.2765ms)
  ✔ bootstrap at a chosen head catches up without notifications (144.680375ms)
  ✔ repository CAR contains retention references but blobs require explicit export (20.576833ms)
  ✔ missing and tampered source references fail, then recover by exact content (43.401583ms)
  ✔ missing or corrupted physical blob bytes never satisfy a source CID (14.911875ms)
  ✔ a retained verified head refuses repository rollback and signed-entry corruption (168.700083ms)
  ✔ chosen-head catch-up verifies a prefix spanning real PDS pages (400.911584ms)
  ✔ PDS compare-and-swap excludes competing writers even with the local lease bypassed (791.633583ms)
✔ real disposable PDS persistence and recovery (17791.816334ms)
✔ interpretation observation preserves exact projection and restores all methods (2413.903417ms)
✔ HTTP observer counts actual UTF-8 bodies, omits sensitive URL fields and restores after failure (41.405125ms)
✔ benchmark observation counts actual operations and restores WebCrypto after failure (4.371709ms)
✔ v2 contract identities agree with independent encoder vectors and exclude implementation provenance (1931.056708ms)
✔ unapproved, missing and duplicated installed dependency sets fail closed (8.272125ms)
✔ host-only errors do not widen semantic interpretation outcomes (0.181875ms)
✔ host snapshot stays coherent during writes and rebuilds after cache deletion (2789.7185ms)
▶ protocol vectors and rejection corpus agree in Node and Chromium
  ✔ independent CBOR and CID: profile (0.444833ms)
  ✔ independent CBOR and CID: definition (0.061709ms)
  ✔ independent CBOR and CID: genesis (0.033583ms)
  ✔ independent CBOR and CID: intent (0.028125ms)
  ✔ independent CBOR and CID: signed (0.022916ms)
  ✔ independent CBOR and CID: entry (0.027458ms)
  ✔ independent CBOR and CID: head (0.097625ms)
  ✔ application descriptor CID matches independent vector (0.048417ms)
  ✔ independent actor signature verifies (0.049417ms)
  ✔ independent sequencer signature verifies (0.050666ms)
  ✔ two valid signature encodings share content identity and receipt (0.0265ms)
  ✔ changed intent app rejected (0.022875ms)
  ✔ changed intent genesis rejected (0.030417ms)
  ✔ changed intent definition rejected (0.01925ms)
  ✔ changed intent payload rejected (0.019875ms)
  ✔ changed intent extra payload field rejected (0.018042ms)
  ✔ changed intent nonce rejected (0.03325ms)
  ✔ changed intent action rejected (0.029167ms)
  ✔ changed intent actor key rejected (0.017667ms)
  ✔ changed intent version rejected (0.016959ms)
  ✔ changed intent domain rejected (0.014666ms)
  ✔ unknown framework fields are refused, never stripped (0.016417ms)
  ✔ genesis anchor cannot be replaced (0.013833ms)
  ✔ duplicate genesis activation keys rejected (0.013834ms)
  ✔ signature bit flip rejected (0.013083ms)
  ✔ signature verification and key import host faults retain their identity (0.013792ms)
  ✔ high-S variant rejected (0.015125ms)
  ✔ wire rejects duplicate map key (0.012417ms)
  ✔ wire rejects noncanonical key order (0.012708ms)
  ✔ wire rejects long integer encoding (0.013042ms)
  ✔ wire rejects float encoding of integer (0.015542ms)
  ✔ wire rejects negative zero (0.0135ms)
  ✔ wire rejects indefinite array (0.012541ms)
  ✔ wire rejects trailing bytes (0.01325ms)
  ✔ wire rejects non-string map key (0.013833ms)
  ✔ wire rejects unsupported tag (0.013791ms)
  ✔ wire rejects truncated string (0.014375ms)
  ✔ wire rejects huge truncated array (0.01375ms)
  ✔ wire $type is a string in nested records (0.01875ms)
  ✔ wire invalid UTF-8 has the same code in every engine (0.0165ms)
  ✔ nested CID tags are refused without recursion in every engine (0.014417ms)
  ✔ array nesting accepts the depth limit and refuses the next level (0.013666ms)
  ✔ incomplete base64 has a deterministic input code (0.017166ms)
  ✔ wire rejects deep nesting (0.017208ms)
  ✔ wire block byte boundary (0.017333ms)
  ✔ wire input rejects undefined field (0.014333ms)
  ✔ wire input rejects negative zero value (0.013209ms)
  ✔ wire input rejects malformed Unicode key (0.012208ms)
  ✔ wire input rejects malformed Unicode value (0.014ms)
  ✔ wire input rejects extra bytes member (0.013416ms)
  ✔ wire input rejects noncanonical base64 (0.012792ms)
  ✔ wire input rejects padded base64 (0.014583ms)
  ✔ wire input rejects extra CID member (0.013666ms)
  ✔ wire input rejects reserved data-model field (0.015584ms)
  ✔ wire input rejects unsafe integer (0.02375ms)
  ✔ wire input rejects float value (0.013333ms)
  ✔ wire input rejects invalid CID (0.014041ms)
  ✔ UTF-8 map ordering and absent/null remain distinct (0.014208ms)
  ✔ live signing verifies without a second SHA-256 (0.014667ms)
  ✔ wrong signing key rejected (0.014583ms)
  ✔ wrong curve rejected (0.014375ms)
  ✔ verify rejects a valid secp256k1 actor signature (0.014041ms)
  ✔ verify rejects an uncompressed P-256 did:key with a valid signature (0.013292ms)
  ✔ verify rejects a valid entry proof for a foreign sequencer (0.033791ms)
  ✔ verify rejects a valid entry proof for a foreign app (0.012417ms)
  ✔ verify rejects a valid entry proof for a foreign genesis (0.012958ms)
  ✔ head targeting a foreign app is rejected (0.013208ms)
  ✔ head targeting a foreign genesis is rejected (0.02075ms)
  ✔ history follows signed positions, not arrival order (0.013833ms)
  ✔ empty genesis prefix (0.017ms)
  ✔ missing history cannot appear current (0.013625ms)
  ✔ duplicate positions rejected (0.020166ms)
  ✔ altered predecessor invalidates proof (0.012625ms)
  ✔ valid signature on wrong predecessor still rejected (0.01325ms)
  ✔ valid signature on skipped position still rejected (0.0135ms)
  ✔ altered chosen head rejected (0.012709ms)
  ✔ position zero is genesis only (0.013334ms)
  ✔ entry keys have fixed width and safe bounds (0.013ms)
  ✔ conflicting content under retained nonce is rejected (0.0145ms)
  ✔ same retry identity cannot be recorded twice (0.01375ms)
  ✔ nonce exact width (0.012166ms)
  ✔ signature exact width (0.012125ms)
  ✔ action payload exact JSON byte boundary (0.01175ms)
  ✔ framework validation retains unknown action content (0.021291ms)
  ✔ fixed XRPC schemas load and validate through Lexicon (0.014375ms)
[plugin builtin:vite-reporter] 
(!) Some chunks are larger than 500 kB after minification. Consider:
- Using dynamic import() to code-split the application
- Use build.rolldownOptions.output.codeSplitting to improve chunking: https://rolldown.rs/reference/OutputOptions.codeSplitting
- Adjust chunk size limit for this warning via build.chunkSizeWarningLimit.
✔ protocol vectors and rejection corpus agree in Node and Chromium (2437.545125ms)
▶ application interpretation agrees in Node and a Chromium worker
  ✔ CAR round trip owns exact source bytes (0.478542ms)
  ✔ two unrelated definitions resolve schemas and retained views (0.074041ms)
  ✔ initial state comes only from the pinned definition (0.04175ms)
  ✔ fold and query match independently specified values (0.03725ms)
  ✔ rainfall summary covers the maximum valid aggregate (0.035416ms)
  ✔ malformed domain input is retained ineffective (0.035333ms)
  ✔ unknown action is retained ineffective (0.041292ms)
  ✔ old definition intent is retained ineffective (0.041709ms)
  ✔ domain refusal preserves complete prior state (0.051042ms)
  ✔ restarting and replaying reproduces state outcomes and frontier (0.059458ms)
  ✔ failed persistence advances neither state outcomes nor frontier (0.0345ms)
  ✔ runtime faults pause without producing a replicated outcome and can resume (0.029292ms)
  ✔ activation validation host faults pause and resume to the healthy replica (0.028375ms)
  ✔ parser TypeError and RangeError faults pause folds and activations, then resume identically (0.02525ms)
  ✔ malformed schema and view shapes cannot freeze activation (0.025458ms)
  ✔ malformed UTF-8 source has a deterministic loader code (0.024708ms)
  ✔ reader size claims require independently verified bytes (0.022625ms)
  ✔ hash-valid oversized activation is ineffective; corrupt bytes pause until restored (0.023625ms)
  ✔ query captures its prefix before concurrent catch-up (0.023833ms)
  ✔ selective status and exact-position outcomes stay owned across stall and resume (0.022833ms)
  ✔ selective query retains its active definition across concurrent activation (0.0215ms)
  ✔ bounded many-outcome reads avoid full projection clone work (0.025875ms)
  ✔ malformed fold result records framework failure and continues (0.022333ms)
  ✔ invalid successor schema records framework failure and continues (0.021708ms)
  ✔ ineffective successor state records framework failure and continues (0.021458ms)
  ✔ noninteger computed state records framework failure and continues (0.022791ms)
  ✔ the 1001st reading is ineffective and a later valid action clears state (0.021667ms)
  ✔ copied extra payload bytes cannot freeze interpretation (0.021375ms)
  ✔ overlong ineffective message cannot block a later valid entry (0.021791ms)
  ✔ invalid query output is unavailable at its exact unchanged prefix (0.022334ms)
  ✔ caller snapshot mutation cannot change the projection (0.0215ms)
  ✔ unavailable source pauses definition loading (0.049208ms)
  ✔ tampered source fails its pinned CID (0.023709ms)
  ✔ unsupported definition runtime is refused (0.019042ms)
  ✔ unsupported genesis runtime is refused even with a valid definition (0.017208ms)
  ✔ definition refuses unknown binding field (0.01625ms)
  ✔ definition refuses duplicate action binding (0.015833ms)
  ✔ definition refuses missing binding schema (0.016541ms)
  ✔ definition refuses missing program file (0.021208ms)
  ✔ definition refuses escaping source path (0.0185ms)
  ✔ definition refuses ambient program (0.016458ms)
  ✔ definition refuses invalid program syntax (0.016417ms)
  ✔ definition refuses noninteger program literal (0.016292ms)
  ✔ definition refuses null initial state (0.01775ms)
  ✔ definition refuses negative zero initial data (0.015291ms)
  ✔ source closure and initial state byte limits are enforced (0.014042ms)
  ✔ exact state and program limits pass and the next byte fails (0.017125ms)
  ✔ definition counts the manifest within the 64-file limit (0.0145ms)
  ✔ CAR blocks outside the declared closure are refused (0.015584ms)
  ✔ work exhaustion records a framework refusal and preserves prior state (0.0145ms)
  ✔ oversized action is refused before interpretation (0.014375ms)
  ✔ unsupported schema constructs fail while loading the definition (0.014209ms)
  ✔ application registry refuses anchor replacement (0.015083ms)
  ✔ concurrent anchor replacement cannot persist a conflicting initial state (0.014416ms)
  ✔ 64 sibling object values do not consume nesting depth (0.0165ms)
  ✔ 100 grouped values do not consume nesting depth (0.016ms)
  ✔ intermediate negative zero can be consumed as integer zero (0.014375ms)
  ✔ negative zero remains invalid at input and output boundaries (0.01525ms)
  ✔ sum checks exact intermediate integers before cancellation (0.014416ms)
  ✔ ineffective messages count Unicode code points and stop at 1024 (0.014958ms)
  ✔ conditional integrity adapter matches the running environment (0.014666ms)
  ✔ unmatched dependency closure fails closed in either environment (0.014792ms)
  ✔ source document taskboard round trip and viewless preview (0.014459ms)
  ✔ source document guitar round trip and viewless preview (0.013916ms)
  ✔ source document ledger round trip and viewless preview (0.015375ms)
  ✔ source document guitar summary covers the maximum valid aggregate (0.014916ms)
  ✔ source document taskboard completes a retained task (0.013917ms)
  ✔ source documents refuse the historical application v1 profile (0.026416ms)
  ✔ source document retains exact bytes, aliases, unused files and manifest order (0.015ms)
  ✔ source document rejects nonzero base64 trailing bits (2-character remainder) as wire_bytes (0.024334ms)
  ✔ source document rejects nonzero base64 trailing bits (3-character remainder) as wire_bytes (0.014208ms)
  ✔ source document refuses path, version, byte and retained-table ambiguity (0.026583ms)
✔ application interpretation agrees in Node and a Chromium worker (10308.250708ms)
▶ single documents support generic CLI, host discovery and viewless browser participation
  ✔ taskboard: pack, validate, preview, create, submit, query and outcome (15504.401792ms)
  ✔ guitar: pack, validate, preview, create, submit, query and outcome (14123.030083ms)
  ✔ ledger: pack, validate, preview, create, submit, query and outcome (12275.724416ms)
  ✔ viewless taskboard offers generic forms, signed actions and query inspection (712.741334ms)
✔ single documents support generic CLI, host discovery and viewless browser participation (46019.595709ms)
✔ only the reviewed valibot optional typechecking peer is excluded (0.618417ms)
✔ a runtime reference to the excluded peer or computed import is refused (7.023958ms)
ℹ tests 454
ℹ suites 0
ℹ pass 454
ℹ fail 0
ℹ cancelled 0
ℹ skipped 0
ℹ todo 0
ℹ duration_ms 64368.373916
