{"custodyCase":"counts-consent-expiry","pendingCap":10,"accountCap":10,"onePendingPerDid":true,"refreshDoesNotExtendConsent":true,"expiredNeverRefreshes":true}
✔ owned custody atomic counts, one pending per DID, expiry, and fixed consent lifetime (459.100333ms)
{"custodyCase":"actual-write-abort","callbackAndRefreshRejected":true,"selectedSdkRevocation":true,"localPurge":true}
✔ actual IDB session abort propagates and selected SDK revokes new refresh token (217.84225ms)
{"custodyCase":"read-crash","realDocumentClosed":true,"uncertainNotRestored":true,"noRefreshRetry":true,"oneBestEffortRevoke":true}
✔ crash during a logical read retains uncertainty, reopens with one revocation and no refresh retry (262.988041ms)
{"custodyCase":"callback-after-commit-crash","actualCommittedCredential":true,"authorityChecksUnfinished":true,"noReturnedHandle":true,"noRefreshRetry":true}
✔ committed callback is not live before fresh authority checks; closing document retires it (271.626083ms)
{"custodyCase":"cross-document-lock-key","actualWebLocks":true,"reloadedNonextractablePrivateKey":true,"distinctLockPrefixes":true}
✔ two documents serialize custody and distinct SDK locks without a process local fallback (379.13025ms)
{"custodyCase":"actual-browser-quota","chromiumQuotaOverride":1,"writeRejected":true,"physicalCountsPreserved":true,"recoveredAfterQuotaRestored":true}
✔ browser quota refusal aborts real owned writes without exceeding physical slot counts (198.378417ms)
{"custodyCase":"purge-failure-reset","actualDeleteTransactionAborts":true,"countedWhileUnusable":true,"noRefreshRetry":true,"repairAndTrustedResetReenrollment":true}
✔ failed local purge remains counted and unusable until storage repair or trusted explicit reset (236.693125ms)
{"custodyCase":"remote-refusal","localDeletionIndependent":true,"noDurableRemoteRetryQueue":true}
✔ remote revocation refusal cannot prevent local purge (215.264125ms)
{"custodyCase":"legacy-origin-reset","legacyRefused":true,"explicitDeletionWithoutDecoding":true,"freshEnrollment":true}
✔ legacy private SDK origin is refused until trusted reset; no private database migration (195.444916ms)
{"custodyCase":"exact-metadata-ceiling","utf8Bytes":65536,"oneByteOverRejected":true,"opaquePairExcluded":true,"journalIncluded":true}
✔ 64 KiB logical UTF-8 metadata ceiling includes the account journal while opaque keypair is excluded (224.046042ms)
ℹ tests 10
ℹ suites 0
ℹ pass 10
ℹ fail 0
ℹ cancelled 0
ℹ skipped 0
ℹ todo 0
ℹ duration_ms 2962.304375
