{"browser":"153.0.8010.12","syntheticOnly":true,"providerSuccess":false,"crossDocumentOneExchange":true,"twoPendingStateSelection":true,"nativeTransportUnavailable":true,"deterministicHTTPRefusal":true,"reloadRestored":true,"keyProperties":[{"privateExtractable":false,"privateType":"private","publicExtractable":true}],"cookiesSent":0,"isolatedPublisherAndAppOrigin":true}
✔ Chromium exercises maintained OAuth, custody origin, reload, cross-document consume and non-extractable key (1135.788333ms)
[{"name":"browser-app","delta":{"raw":90436,"gzip":8329},"metadataRawBytesInOutput":54920,"grouped":{"raw":55001,"gzip":5217,"method":"Separate standalone minified JS array of the same 47 exact manifests; gzip is not an additive contribution in the ordinary bundle"}},{"name":"browser-worker","delta":{"raw":102686,"gzip":9079},"metadataRawBytesInOutput":54920,"grouped":{"raw":55001,"gzip":5217,"method":"Separate standalone minified JS array of the same 47 exact manifests; gzip is not an additive contribution in the ordinary bundle"}},{"name":"portable-verifier","delta":{"raw":90248,"gzip":9457},"metadataRawBytesInOutput":54920,"grouped":{"raw":55001,"gzip":5217,"method":"Separate standalone minified JS array of the same 47 exact manifests; gzip is not an additive contribution in the ordinary bundle"}},{"name":"node-cli-start","delta":{"raw":345573,"gzip":95063},"metadataRawBytesInOutput":54967,"grouped":{"raw":55001,"gzip":5217,"method":"Separate standalone minified JS array of the same 47 exact manifests; gzip is not an additive contribution in the ordinary bundle"}},{"name":"node-host-start","delta":{"raw":333325,"gzip":94487},"metadataRawBytesInOutput":54967,"grouped":{"raw":55001,"gzip":5217,"method":"Separate standalone minified JS array of the same 47 exact manifests; gzip is not an additive contribution in the ordinary bundle"}}]
✔ actual ordinary browser/verifier/Node start graphs retain only added OAuth manifests, never executable modules (3503.797875ms)
[{"platform":"browser","dynamicImports":2,"chunks":[{"path":"oauth-loader.js","rawBytes":213,"gzipBytes":183},{"path":"dist-PBJBG52W.js","rawBytes":254159,"gzipBytes":69204},{"path":"oauth-adapter-P2KGZBDL.js","rawBytes":98798,"gzipBytes":24467},{"path":"chunk-C7IDU5NN.js","rawBytes":414610,"gzipBytes":82263},{"path":"chunk-OOJM4CTU.js","rawBytes":638,"gzipBytes":385}]},{"platform":"node","dynamicImports":2,"chunks":[{"path":"oauth-loader.js","rawBytes":207,"gzipBytes":180},{"path":"dist-BWVBLADZ.js","rawBytes":242020,"gzipBytes":67211},{"path":"oauth-adapter-COYTZLCC.js","rawBytes":89973,"gzipBytes":22041},{"path":"chunk-3PPTV3RF.js","rawBytes":8311330,"gzipBytes":2142577},{"path":"chunk-2SEI3BXJ.js","rawBytes":1521386,"gzipBytes":478039},{"path":"chunk-IYWUY3VA.js","rawBytes":894,"gzipBytes":503}]}]
✔ OAuth enrolment loaders retain a dynamic adapter/client chunk boundary (1006.924708ms)
{"custodyCase":"counts-consent-expiry","pendingCap":10,"accountCap":10,"onePendingPerDid":true,"refreshDoesNotExtendConsent":true,"expiredNeverRefreshes":true}
✔ owned custody atomic counts, one pending per DID, expiry, and fixed consent lifetime (945.944708ms)
{"custodyCase":"actual-write-abort","callbackAndRefreshRejected":true,"selectedSdkRevocation":true,"localPurge":true}
✔ actual IDB session abort propagates and selected SDK revokes new refresh token (346.636917ms)
{"custodyCase":"read-crash","realDocumentClosed":true,"uncertainNotRestored":true,"noRefreshRetry":true,"oneBestEffortRevoke":true}
✔ crash during a logical read retains uncertainty, reopens with one revocation and no refresh retry (375.553042ms)
{"custodyCase":"callback-after-commit-crash","actualCommittedCredential":true,"authorityChecksUnfinished":true,"noReturnedHandle":true,"noRefreshRetry":true}
✔ committed callback is not live before fresh authority checks; closing document retires it (326.5555ms)
{"custodyCase":"cross-document-lock-key","actualWebLocks":true,"reloadedNonextractablePrivateKey":true,"distinctLockPrefixes":true}
✔ two documents serialize custody and distinct SDK locks without a process local fallback (480.262208ms)
{"custodyCase":"actual-browser-quota","chromiumQuotaOverride":1,"writeRejected":true,"physicalCountsPreserved":true,"recoveredAfterQuotaRestored":true}
✔ browser quota refusal aborts real owned writes without exceeding physical slot counts (279.932417ms)
{"custodyCase":"purge-failure-reset","actualDeleteTransactionAborts":true,"countedWhileUnusable":true,"noRefreshRetry":true,"repairAndTrustedResetReenrollment":true}
✔ failed local purge remains counted and unusable until storage repair or trusted explicit reset (331.613167ms)
{"custodyCase":"remote-refusal","localDeletionIndependent":true,"noDurableRemoteRetryQueue":true}
✔ remote revocation refusal cannot prevent local purge (302.902958ms)
{"custodyCase":"legacy-origin-reset","legacyRefused":true,"explicitDeletionWithoutDecoding":true,"freshEnrollment":true}
✔ legacy private SDK origin is refused until trusted reset; no private database migration (277.557917ms)
{"custodyCase":"exact-metadata-ceiling","utf8Bytes":65536,"oneByteOverRejected":true,"opaquePairExcluded":true,"journalIncluded":true}
✔ 64 KiB logical UTF-8 metadata ceiling includes the account journal while opaque keypair is excluded (308.359125ms)
{"custodyCase":"refresh-issued-before-commit-crash","realTokenResponsePrepared":true,"oldCredentialUncertain":true,"noOneUseRefreshRetry":true,"actualDistinctSdkAndCustodyLocks":true}
✔ refresh response issued before local commit leaves the old credential uncertain and never retries it on reopen (340.727084ms)
{"custodyCase":"final-live-commit-abort","actualFinalTransactionAborted":true,"noAcceptedHandle":true,"committedCredentialRetiredOnReopen":true}
✔ final live-marker transaction abort returns no handle and retains committed uncertain credential for cleanup (333.375667ms)
{"custodyCase":"journal-first","actualMarkerAbort":true,"noCredentialDispatchBeforeCommit":true,"untouchedLiveConsentPreserved":true}
✔ journal write must commit before any credential read, refresh or resource request (265.700042ms)
{"custodyCase":"subject-and-401","foreignSubjectNeverAllocated":true,"implicitRefreshJournalRetained":true,"consentNotExtended":true,"changedScopeRefusedBeforeSecondResourceDispatch":true}
✔ subject mismatch cannot allocate another account and resource 401 refresh retains the journal and checks exact scopes (295.21675ms)
ℹ tests 17
ℹ suites 0
ℹ pass 17
ℹ fail 0
ℹ cancelled 0
ℹ skipped 0
ℹ todo 0
ℹ duration_ms 5644.005458
