TAP version 13
# Subtest: Node resolution consumes stdin payloads larger than 64 KiB
ok 1 - Node resolution consumes stdin payloads larger than 64 KiB
  ---
  duration_ms: 11489.340708
  type: 'test'
  ...
# Subtest: package file patches and unlisted nested resolution fail before interpretation
ok 2 - package file patches and unlisted nested resolution fail before interpretation
  ---
  duration_ms: 24219.538667
  type: 'test'
  ...
# {"node":"v22.19.0","cases":["actual-maintained-PAR-PKCE-DPoP-nonce-refresh-resource-revoke","duplicate-callback-single-exchange","opaque-session-and-adapter-serialization","missing-issuer","oversized-callback","duplicate-issuer","wrong-subject","wrong-scopes","extra-scopes","wrong-callback-issuer","changed-authority","refresh-extra-scopes-before-resource-retry","scope-refusal-before-resource","resource-path-escape","oversized-outgoing-body","caller-aborted-request","unsafe-token-url","oversized-resource","refused-token","refused-refresh","refused-resource","refused-revoke","callback-state-selects-one-of-two-pending-transactions","secret-free-identity-content_unavailable-class","secret-free-identity-origin-class","actual-native-fetch/drop-transient","actual-native-fetch/body-drop-transient","actual-native-fetch/deadline-transient","failed-PAR-state-count-bounded","expired-transaction-before-token-exchange","expired-callback-leaves-later-live-transaction-usable","new-volatile-Node-instance-refuses-abandoned-callback","identity-request-count-budget","identity-cumulative-byte-budget","path-based-issuer-binding-preserved"],"dispatcherCalls":446,"providerSuccess":false,"syntheticOnly":true}
# Subtest: actual Node OAuth adapter uses maintained client, guarded edges, races and private custody
ok 3 - actual Node OAuth adapter uses maintained client, guarded edges, races and private custody
  ---
  duration_ms: 35842.624042
  type: 'test'
  ...
# Subtest: browser-visible OAuth URL policy refuses unsafe schemes, hosts, credentials and fragments
ok 4 - browser-visible OAuth URL policy refuses unsafe schemes, hosts, credentials and fragments
  ---
  duration_ms: 0.346208
  type: 'test'
  ...
# {"browser":"153.0.8010.12","syntheticOnly":true,"providerSuccess":false,"crossDocumentOneExchange":true,"twoPendingStateSelection":true,"nativeTransportUnavailable":true,"deterministicHTTPRefusal":true,"reloadRestored":true,"keyProperties":[{"privateExtractable":false,"privateType":"private","publicExtractable":true}],"cookiesSent":0,"isolatedPublisherAndAppOrigin":true}
# Subtest: Chromium exercises maintained OAuth, custody origin, reload, cross-document consume and non-extractable key
ok 5 - Chromium exercises maintained OAuth, custody origin, reload, cross-document consume and non-extractable key
  ---
  duration_ms: 1695.647625
  type: 'test'
  ...
# [{"name":"browser-app","delta":{"raw":90436,"gzip":8971},"metadataRawBytesInOutput":54920,"grouped":{"raw":55001,"gzip":5231,"method":"Separate standalone minified JS array of the same 47 exact manifests; gzip is not an additive contribution in the ordinary bundle"}},{"name":"browser-worker","delta":{"raw":102686,"gzip":10125},"metadataRawBytesInOutput":54920,"grouped":{"raw":55001,"gzip":5231,"method":"Separate standalone minified JS array of the same 47 exact manifests; gzip is not an additive contribution in the ordinary bundle"}},{"name":"portable-verifier","delta":{"raw":90248,"gzip":8710},"metadataRawBytesInOutput":54920,"grouped":{"raw":55001,"gzip":5231,"method":"Separate standalone minified JS array of the same 47 exact manifests; gzip is not an additive contribution in the ordinary bundle"}},{"name":"node-cli-start","delta":{"raw":345573,"gzip":90940},"metadataRawBytesInOutput":54967,"grouped":{"raw":55001,"gzip":5231,"method":"Separate standalone minified JS array of the same 47 exact manifests; gzip is not an additive contribution in the ordinary bundle"}},{"name":"node-host-start","delta":{"raw":333325,"gzip":90523},"metadataRawBytesInOutput":54967,"grouped":{"raw":55001,"gzip":5231,"method":"Separate standalone minified JS array of the same 47 exact manifests; gzip is not an additive contribution in the ordinary bundle"}}]
# Subtest: actual ordinary browser/verifier/Node start graphs retain only added OAuth manifests, never executable modules
ok 6 - actual ordinary browser/verifier/Node start graphs retain only added OAuth manifests, never executable modules
  ---
  duration_ms: 6174.031292
  type: 'test'
  ...
# [{"platform":"browser","dynamicImports":2,"chunks":[{"path":"oauth-loader.js","rawBytes":213,"gzipBytes":184},{"path":"dist-PBJBG52W.js","rawBytes":254159,"gzipBytes":69393},{"path":"oauth-adapter-P2KGZBDL.js","rawBytes":98798,"gzipBytes":24591},{"path":"chunk-C7IDU5NN.js","rawBytes":414610,"gzipBytes":82220},{"path":"chunk-OOJM4CTU.js","rawBytes":638,"gzipBytes":388}]},{"platform":"node","dynamicImports":2,"chunks":[{"path":"oauth-loader.js","rawBytes":207,"gzipBytes":179},{"path":"dist-BWVBLADZ.js","rawBytes":242020,"gzipBytes":67441},{"path":"oauth-adapter-COYTZLCC.js","rawBytes":89973,"gzipBytes":22127},{"path":"chunk-3PPTV3RF.js","rawBytes":8311330,"gzipBytes":2119794},{"path":"chunk-2SEI3BXJ.js","rawBytes":1521386,"gzipBytes":480596},{"path":"chunk-IYWUY3VA.js","rawBytes":894,"gzipBytes":506}]}]
# Subtest: OAuth enrolment loaders retain a dynamic adapter/client chunk boundary
ok 7 - OAuth enrolment loaders retain a dynamic adapter/client chunk boundary
  ---
  duration_ms: 2713.734542
  type: 'test'
  ...
# {"custodyCase":"counts-consent-expiry","pendingCap":10,"accountCap":10,"onePendingPerDid":true,"refreshDoesNotExtendConsent":true,"expiredNeverRefreshes":true}
# Subtest: owned custody atomic counts, one pending per DID, expiry, and fixed consent lifetime
ok 8 - owned custody atomic counts, one pending per DID, expiry, and fixed consent lifetime
  ---
  duration_ms: 1395.571667
  type: 'test'
  ...
# {"custodyCase":"actual-write-abort","callbackAndRefreshRejected":true,"selectedSdkRevocation":true,"localPurge":true}
# Subtest: actual IDB session abort propagates and selected SDK revokes new refresh token
ok 9 - actual IDB session abort propagates and selected SDK revokes new refresh token
  ---
  duration_ms: 486.28375
  type: 'test'
  ...
# {"custodyCase":"read-crash","realDocumentClosed":true,"uncertainNotRestored":true,"noRefreshRetry":true,"oneBestEffortRevoke":true}
# Subtest: crash during a logical read retains uncertainty, reopens with one revocation and no refresh retry
ok 10 - crash during a logical read retains uncertainty, reopens with one revocation and no refresh retry
  ---
  duration_ms: 920.06075
  type: 'test'
  ...
# {"custodyCase":"callback-after-commit-crash","actualCommittedCredential":true,"authorityChecksUnfinished":true,"noReturnedHandle":true,"noRefreshRetry":true}
# Subtest: committed callback is not live before fresh authority checks; closing document retires it
ok 11 - committed callback is not live before fresh authority checks; closing document retires it
  ---
  duration_ms: 670.47125
  type: 'test'
  ...
# {"custodyCase":"cross-document-lock-key","actualWebLocks":true,"reloadedNonextractablePrivateKey":true,"distinctLockPrefixes":true}
# Subtest: two documents serialize custody and distinct SDK locks without a process local fallback
ok 12 - two documents serialize custody and distinct SDK locks without a process local fallback
  ---
  duration_ms: 1050.734084
  type: 'test'
  ...
# {"custodyCase":"actual-browser-quota","chromiumQuotaOverride":1,"writeRejected":true,"physicalCountsPreserved":true,"recoveredAfterQuotaRestored":true}
# Subtest: browser quota refusal aborts real owned writes without exceeding physical slot counts
ok 13 - browser quota refusal aborts real owned writes without exceeding physical slot counts
  ---
  duration_ms: 483.486791
  type: 'test'
  ...
# {"custodyCase":"purge-failure-reset","actualDeleteTransactionAborts":true,"countedWhileUnusable":true,"noRefreshRetry":true,"repairAndTrustedResetReenrollment":true}
# Subtest: failed local purge remains counted and unusable until storage repair or trusted explicit reset
ok 14 - failed local purge remains counted and unusable until storage repair or trusted explicit reset
  ---
  duration_ms: 665.307375
  type: 'test'
  ...
# {"custodyCase":"remote-refusal","localDeletionIndependent":true,"noDurableRemoteRetryQueue":true}
# Subtest: remote revocation refusal cannot prevent local purge
ok 15 - remote revocation refusal cannot prevent local purge
  ---
  duration_ms: 553.063417
  type: 'test'
  ...
# {"custodyCase":"legacy-origin-reset","legacyRefused":true,"explicitDeletionWithoutDecoding":true,"freshEnrollment":true}
# Subtest: legacy private SDK origin is refused until trusted reset; no private database migration
ok 16 - legacy private SDK origin is refused until trusted reset; no private database migration
  ---
  duration_ms: 444.634042
  type: 'test'
  ...
# {"custodyCase":"exact-metadata-ceiling","utf8Bytes":65536,"oneByteOverRejected":true,"opaquePairExcluded":true,"journalIncluded":true}
# Subtest: 64 KiB logical UTF-8 metadata ceiling includes the account journal while opaque keypair is excluded
ok 17 - 64 KiB logical UTF-8 metadata ceiling includes the account journal while opaque keypair is excluded
  ---
  duration_ms: 802.870833
  type: 'test'
  ...
# {"custodyCase":"refresh-issued-before-commit-crash","realTokenResponsePrepared":true,"oldCredentialUncertain":true,"noOneUseRefreshRetry":true,"actualDistinctSdkAndCustodyLocks":true}
# Subtest: refresh response issued before local commit leaves the old credential uncertain and never retries it on reopen
ok 18 - refresh response issued before local commit leaves the old credential uncertain and never retries it on reopen
  ---
  duration_ms: 685.562292
  type: 'test'
  ...
# {"custodyCase":"final-live-commit-abort","actualFinalTransactionAborted":true,"noAcceptedHandle":true,"committedCredentialRetiredOnReopen":true}
# Subtest: final live-marker transaction abort returns no handle and retains committed uncertain credential for cleanup
ok 19 - final live-marker transaction abort returns no handle and retains committed uncertain credential for cleanup
  ---
  duration_ms: 616.0605
  type: 'test'
  ...
# {"custodyCase":"journal-first","actualMarkerAbort":true,"noCredentialDispatchBeforeCommit":true,"untouchedLiveConsentPreserved":true}
# Subtest: journal write must commit before any credential read, refresh or resource request
ok 20 - journal write must commit before any credential read, refresh or resource request
  ---
  duration_ms: 600.278
  type: 'test'
  ...
# {"custodyCase":"subject-and-401","foreignSubjectNeverAllocated":true,"implicitRefreshJournalRetained":true,"consentNotExtended":true,"changedScopeRefusedBeforeSecondResourceDispatch":true}
# Subtest: subject mismatch cannot allocate another account and resource 401 refresh retains the journal and checks exact scopes
ok 21 - subject mismatch cannot allocate another account and resource 401 refresh retains the journal and checks exact scopes
  ---
  duration_ms: 710.040416
  type: 'test'
  ...
1..21
# tests 21
# suites 0
# pass 21
# fail 0
# cancelled 0
# skipped 0
# todo 0
# duration_ms 36768.752708
