TAP version 13
# {"node":"v22.19.0","cases":91,"noAdmission":true}
# Subtest: exact retained checkpoint DATA and hostile corpus, without admission capabilities
ok 1 - exact retained checkpoint DATA and hostile corpus, without admission capabilities
  ---
  duration_ms: 766.892083
  type: 'test'
  ...
# {"node":"v22.19.0","cases":["root-alias-slice-later-mutation-retains-original-state","own-byte-fields-methods-iterator-constructor-never-dispatched","genuine-subclass-copied-without-species-or-slice","original-binary-payload-owned-before-await","original-row-owned-before-await","proxy-byte-view-refused-before-caller-field","forged-byte-prototype-refused","different-typed-array-kind-refused","intrinsic-per-payload-size-cannot-be-hidden","intrinsic-aggregate-byte-charge-cannot-be-hidden","unsafe-row-count--1-number","unsafe-row-count-0-negative-zero","unsafe-row-count-NaN-number","unsafe-row-count-Infinity-number","unsafe-row-count-1.5-number","unsafe-row-count-1-string","unsafe-row-count-null-object","row-count-cap-before-descriptor-enumeration","safe-row-count-captured-once-no-array-iterator","row-accessor-refused-without-executing-getter","foreign-row-length-getter-fault-keeps-identity"],"noAdmission":true,"rootProbe":{"original":"bafyreidhxage47k64gbiv62solpwhzwitjp2xgs3jyjs66kzdksmj7zcxu","mutated":"bafyreibg57tynislqmphmpybcdn4ia6qimlffj2s2sjjlcbhk2m73covra","capturedOriginal":true,"usedLaterMutation":false},"allocatorCounters":null}
# Subtest: checkpoint producer captures intrinsic owned bytes and safe row counts
ok 2 - checkpoint producer captures intrinsic owned bytes and safe row counts
  ---
  duration_ms: 916.162542
  type: 'test'
  ...
# {"node":"v22.19.0","cases":["independent-encoder-exact-all-records-and-counters","exact-assertion-table-authority-source-unused-order-roundtrip","selective-outcomes-export-null-and-empty-complete-zero","pending-stall-exact-history-boundary","omitted-outcomes-frontier-history-mismatch","stall-wrong-first-pending-entry","synchronous-owned-input-capture-before-await","chunk-boundary-0","chunk-boundary-32768","chunk-boundary-32769","chunk-boundary-33554432","outcome-effective-extra-field","outcome-unknown-framework-reason","outcome-oversized-fold-reason","outcome-wrong-history-entry","outcome-duplicate-position","complete-outcome-order-gap","chunk-1025-refused","noncanonical-original-row-refused","history-extra-field-refused","history-gap-refused","scope-transplant-refused","assertion-extra-field-refused","assertion-cross-app-refused","assertion-noncanonical-refused","page-substitution-refused","exact-128KiB-page-greedy-and-next-row-new-page","one-row-page-plus-one-refused","state-depth-32","state-depth-33"],"metrics":[{"kind":"genuine-projection-13","records":221,"recordBytes":656824,"chunks":114,"manifests":107,"pages":4,"payloadBytes":625732},{"kind":"chunk-0","records":25,"recordBytes":26019,"chunks":12,"manifests":13,"pages":4,"payloadBytes":22525},{"kind":"chunk-32768","records":26,"recordBytes":58942,"chunks":13,"manifests":13,"pages":4,"payloadBytes":55293},{"kind":"chunk-32769","records":27,"recordBytes":59094,"chunks":14,"manifests":13,"pages":4,"payloadBytes":55294},{"kind":"chunk-33554432","records":276,"recordBytes":8320889,"chunks":263,"manifests":13,"pages":4,"payloadBytes":33576957},{"kind":"exact-page","records":224,"recordBytes":787714,"chunks":117,"manifests":107,"pages":4,"payloadBytes":756161}],"noAdmission":true}
# Subtest: pure native checkpoint DATA producer, independent literals and exact bounds
ok 3 - pure native checkpoint DATA producer, independent literals and exact bounds
  ---
  duration_ms: 4621.896666
  type: 'test'
  ...
# {"node":"v22.19.0","cases":103,"noAdmission":true}
# Subtest: shared exact adopted native outcome and checkpoint outcome DATA corpus
ok 4 - shared exact adopted native outcome and checkpoint outcome DATA corpus
  ---
  duration_ms: 650.985041
  type: 'test'
  ...
1..4
# tests 4
# suites 0
# pass 4
# fail 0
# cancelled 0
# skipped 0
# todo 0
# duration_ms 8800.772958
