
> atseq@0.0.0 test
> tsx --test tests/*.test.ts

✔ a failed acceptance run replaces a prior pass and retains its exact command logs (605.125ms)
[plugin builtin:vite-reporter] 
(!) Some chunks are larger than 500 kB after minification. Consider:
- Using dynamic import() to code-split the application
- Use build.rolldownOptions.output.codeSplitting to improve chunking: https://rolldown.rs/reference/OutputOptions.codeSplitting
- Adjust chunk size limit for this warning via build.chunkSizeWarningLimit.
▶ retain complete app history and rebuild without the PDS
  ✔ complete evolved archive retains source history, profiles and exact outcomes (77.898291ms)
  ✔ chosen older prefix uses its original definition and no future candidate (46.731667ms)
  ✔ missing activation source permits only the last complete prefix (73.046916ms)
  ✔ changed history, inventory, runtime and invitation cannot be accepted (61.945792ms)
  ✔ archive bounds, byte decoding and source identity guards reject malformed copies (36.251458ms)
  ✔ CLI rebuild uses a new directory after removing only its marked projection cache (2666.114125ms)
  ✔ installed shell bootstraps offline and rebuilds solely from an imported archive (544.554208ms)
  ✔ an archive cannot replace this device’s genesis pin for an existing app DID (165.365875ms)
  ✔ cancelling a held worker export keeps verified inputs and an offline signed action (360.42275ms)
  ✔ small imported data produces a zero-based chart and static source-tagged exports (1207.801375ms)
  ✔ archives retain oversized invalid activation evidence and replay its following action (508.694083ms)
✔ retain complete app history and rebuild without the PDS (9283.871666ms)
✔ running host loads and interprets two newly generated unrelated applications (2274.355583ms)
✔ worker requests honor longer replay budgets and retain the shorter preview default (0.926833ms)
▶ compatible activation preserves its exact interpretation boundary
  ✔ activation at N preserves state and N+1 uses the new interface (24.270541ms)
  ✔ a full replay uses each definition at its original boundary (24.562917ms)
  ✔ unavailable candidate pauses at N and resumes the same entry after repair (35.679791ms)
  ✔ corrupt candidate content cannot fabricate an invalid-activation verdict (29.914625ms)
  ✔ failed persistence leaves both definition and state before activation (29.330042ms)
  ✔ another actor cannot activate or force a missing-content fetch (7.957542ms)
  ✔ available invalid candidate code is retained ineffective (11.579834ms)
  ✔ an incomplete or extra signed closure has the same outcome with full and closure-only readers (72.86025ms)
  ✔ a closure over 512 KiB is transported and invalid on both full and closure-only readers (34.142125ms)
  ✔ an available query-less view with missing bindings is invalid rather than a permanent stall (14.662875ms)
  ✔ state compatibility includes transitive schemas and ignores unrelated additions (33.125917ms)
  ✔ malformed closure and control-action rebinding are refused (12.380292ms)
✔ compatible activation preserves its exact interpretation boundary (1435.403917ms)
▶ evolve a real app and explicitly replace its stale pending work
  ✔ ordinary state is retained while another browser queues an old-definition act (541.800958ms)
  ✔ comparison works locally and an ungranted browser cannot apply (83.217041ms)
  ✔ CLI staging and preparing an activation do not activate it (1446.782125ms)
  ✔ explicit Apply records the boundary and preserves existing data (347.088125ms)
  ✔ a prepared activation racing from the same old definition is ineffective (1033.628792ms)
  ✔ reconnecting delivers the old signed intent unchanged exactly once (360.344542ms)
  ✔ review preserves entered values and signs a replacement only on Save (311.593ms)
  ✔ the new action, query and view use the preserved state (439.618583ms)
  ✔ offline queue order preserves add-then-select dependencies (549.555458ms)
  ✔ a recorded unauthorized activation is refused under the fixed grant (101.378333ms)
  ✔ an incompatible proposal preserves the app and current data (226.390333ms)
  ✔ sync delivers an oversized closure so host, CLI and fresh browser agree and continue (2734.08825ms)
  ✔ restarting the host rebuilds the active definition and every outcome (649.363791ms)
✔ evolve a real app and explicitly replace its stale pending work (12805.096334ms)
▶ shared feasibility corpus passes in Node
  ✔ effective state fold (0.2635ms)
  ✔ ineffective leaves input state unchanged (0.092291ms)
  ✔ pure query (0.038584ms)
  ✔ array append and multiplication (0.036333ms)
  ✔ malformed fold output (0.026958ms)
  ✔ ineffective cannot carry state (0.024125ms)
  ✔ no floating output (0.020958ms)
  ✔ invalid syntax (0.025416ms)
  ✔ forbidden: $now() (0.251417ms)
  ✔ forbidden: $millis() (0.074916ms)
  ✔ forbidden: $random() (0.066666ms)
  ✔ forbidden: $shuffle([1,2]) (0.031042ms)
  ✔ forbidden: $eval("1") (0.016208ms)
  ✔ forbidden: function($x){$x}(1) (0.012292ms)
  ✔ forbidden: ($v_f := $now; $v_f()) (0.0115ms)
  ✔ forbidden: [1..100000000] (0.01ms)
  ✔ forbidden: /(a+)+$/ (0.009667ms)
  ✔ forbidden: $pad("a",100000000) (0.008958ms)
  ✔ forbidden: $map([1],function($x){$x}) (0.0085ms)
  ✔ forbidden: $lookup({},"constructor")() (0.008584ms)
  ✔ literal ambient-function text is data (0.00825ms)
  ✔ deterministic work exhaustion (0.0095ms)
  ✔ program bytes exact cap (0.007958ms)
  ✔ action bytes exact cap (0.007959ms)
  ✔ complete input bytes exact cap (0.008708ms)
  ✔ query output bytes exact cap (0.008375ms)
  ✔ source complexity rejected before evaluation (0.009167ms)
  ✔ intermediate growth is bounded (0.008041ms)
  ✔ ordinary JSONata locals need no custom naming (0.007708ms)
  ✔ built-in callable cannot be replaced (0.008292ms)
  ✔ state bytes exact cap (0.00775ms)
  ✔ input depth exact cap (0.007667ms)
  ✔ safe integer boundaries (0.00825ms)
  ✔ null, absent, extras, array order preserved (0.007833ms)
  ✔ prototype and invalid Unicode refused (0.008041ms)
  ✔ runtime-loaded state schema (0.009708ms)
  ✔ runtime-loaded query contract (0.007459ms)
  ✔ domain type validation does not coerce (0.007625ms)
  ✔ query output validated (0.007708ms)
  ✔ second bundle: nested refs, arrays and closed union (0.007708ms)
  ✔ closed union rejects unknown member (0.00775ms)
  ✔ optional does not mean nullable (0.00775ms)
  ✔ missing ref fails before data use (0.008042ms)
  ✔ defaulting rejected at source admission (0.0095ms)
  ✔ schema closure bytes exact cap (0.007583ms)
  ✔ schema file count exact cap (0.007667ms)
  ✔ Inlay local template and query binding (0.007583ms)
  ✔ Inlay absent component fails explicitly (0.007792ms)
  ✔ Inlay external body refused without I/O (0.007708ms)
  ✔ Inlay missing caller property fails (0.007583ms)
  ✔ Inlay auto-submit property refused (0.0075ms)
  ✔ engine evaluation nesting exact boundary (0.007625ms)
  ✔ engine sequence exact boundary (0.0075ms)
  ✔ AST container count exact boundary in unevaluated branch (0.007416ms)
  ✔ AST container depth exact boundary (0.013958ms)
  ✔ encoded-byte work budget exact boundary (0.009167ms)
  ✔ large repeated intermediate strings exhaust byte budget (0.007916ms)
  ✔ generated range rejected with stable code (0.00775ms)
  ✔ regex rejected with stable code (0.008ms)
  ✔ Unicode casing is outside the portable profile (0.009167ms)
  ✔ absent expression result is explicit (0.008041ms)
  ✔ negative zero input is not a wire integer (0.007333ms)
  ✔ malformed Unicode object key is rejected (0.007291ms)
  ✔ fold input state exact byte cap (0.007625ms)
  ✔ fold successor state exact byte cap (0.0075ms)
  ✔ ineffective reason length and syntax (0.008208ms)
  ✔ ineffective message must be a string (0.007834ms)
  ✔ duplicate schema IDs rejected before validation (0.0155ms)
  ✔ open union rejected at admission (0.0085ms)
  ✔ inherited type names are ordinary unsupported schemas (0.007458ms)
  ✔ native grapheme constraints rejected at admission (0.097083ms)
  ✔ Inlay source bytes exact boundary (0.032834ms)
  ✔ Inlay source record count exact boundary (0.014625ms)
  ✔ Inlay expanded node count exact boundary (0.010459ms)
  ✔ Inlay expansion depth exact boundary (0.009458ms)
✔ shared feasibility corpus passes in Node (2346.579ms)
▶ human and agent participation on a real PDS
  ✔ source validation and preview publish nothing (51.903125ms)
  ✔ creation retry returns one app and binds its content (9.918917ms)
  ✔ shared service exposes recorded and then interpreted progress (133.728875ms)
  ✔ host restart restores the same app and interpreted history (476.377958ms)
  ✔ concurrent reads and submissions report coherent heads and frontiers (465.556ms)
  ✔ documented CLI packs, validates and creates the same immutable source (2698.224416ms)
✔ human and agent participation on a real PDS (6727.771042ms)
✔ package file patches and unlisted nested resolution fail before interpretation (7774.146667ms)
✔ loader shape mutations remain coded input failures, including manifest and view edges (5948.343167ms)
ℹ 3260 loader mutations checked against two loadable baselines
▶ two browser identities and the JSON CLI use generic participation flows
  ✔ CLI preview opens the same source in the browser without publication (625.24125ms)
  ✔ explicit identity and publication create an app once (1305.427167ms)
  ✔ another browser can read before creating a distinct signing identity (255.107667ms)
  ✔ offline double click retains one signed intent across reload and reconnect (470.000708ms)
  ✔ a competing browser action is recorded with an honest ineffective outcome (268.532292ms)
  ✔ CLI uses a third private key and keeps exact retry bytes in a file (3272.672458ms)
  ✔ narrow layout remains usable with keyboard focus and no script errors (193.7635ms)
  ✔ lost submit reply reconciles the retained intent without a second append (313.954708ms)
  ✔ transport refusal retains the original signed work and invents no entry (302.978125ms)
  ✔ hostile template text stays text and rendering cannot sign or fetch external resources (1775.908917ms)
✔ two browser identities and the JSON CLI use generic participation flows (11115.811416ms)
▶ real disposable PDS persistence and recovery
  ✔ genesis and initial head are a verified empty prefix (9.475875ms)
  ✔ provisioning refuses to replace an existing application log (19.896625ms)
  ✔ source blobs are retained and recovered by exact CID (16.685084ms)
  ✔ reset refuses a live or unmarked directory (1.150417ms)
  ✔ two concurrent submissions receive one contiguous order (87.273833ms)
  ✔ same intent and a new valid signature return original receipt (65.512042ms)
  ✔ second local writer is refused while the lease is held (0.501125ms)
  ✔ official PDS process crash preserves acknowledged history and blobs (897.796916ms)
  ✔ a rejected conditional batch leaves entry and head unchanged (40.091791ms)
  ✔ malformed commit replies cannot remove an append or provision condition (51.487083ms)
  ✔ an unrelated repo write races the append and is reconciled (94.40275ms)
  ✔ lost HTTP response after commit resolves to one original receipt (117.951375ms)
  ✔ a different writer process cannot acquire the same local lease (770.099ms)
  ✔ writer crash after commit but before acknowledgment recovers one receipt (881.482667ms)
  ✔ writer crash after acknowledgment keeps receipt and no domain effect claim (788.23775ms)
  ✔ XRPC rejects a foreign receipt anchor and malformed submission (13.650625ms)
  ✔ bootstrap at a chosen head catches up without notifications (142.125542ms)
  ✔ repository CAR contains retention references but blobs require explicit export (10.836708ms)
  ✔ missing and tampered source references fail, then recover by exact content (33.564ms)
  ✔ missing or corrupted physical blob bytes never satisfy a source CID (14.562333ms)
  ✔ a retained verified head refuses repository rollback and signed-entry corruption (160.705666ms)
  ✔ chosen-head catch-up verifies a prefix spanning real PDS pages (381.042375ms)
  ✔ PDS compare-and-swap excludes competing writers even with the local lease bypassed (660.558916ms)
✔ real disposable PDS persistence and recovery (8291.26975ms)
✔ v1 contract identities agree with independent encoder vectors and exclude implementation provenance (929.793083ms)
✔ unapproved, missing and duplicated installed dependency sets fail closed (6.237333ms)
✔ host-only errors do not widen semantic interpretation outcomes (0.242416ms)
✔ host snapshot stays coherent during writes and rebuilds after cache deletion (1622.93775ms)
▶ protocol vectors and rejection corpus agree in Node and Chromium
  ✔ independent CBOR and CID: profile (0.39025ms)
  ✔ independent CBOR and CID: definition (0.061041ms)
  ✔ independent CBOR and CID: genesis (0.033209ms)
  ✔ independent CBOR and CID: intent (0.031667ms)
  ✔ independent CBOR and CID: signed (0.025708ms)
  ✔ independent CBOR and CID: entry (0.025125ms)
  ✔ independent CBOR and CID: head (0.018666ms)
  ✔ application descriptor CID matches independent vector (0.021459ms)
  ✔ independent actor signature verifies (0.034625ms)
  ✔ independent sequencer signature verifies (0.040417ms)
  ✔ two valid signature encodings share content identity and receipt (0.021083ms)
  ✔ changed intent app rejected (0.014625ms)
  ✔ changed intent genesis rejected (0.016166ms)
  ✔ changed intent definition rejected (0.011417ms)
  ✔ changed intent payload rejected (0.011166ms)
  ✔ changed intent extra payload field rejected (0.010458ms)
  ✔ changed intent nonce rejected (0.009583ms)
  ✔ changed intent action rejected (0.009334ms)
  ✔ changed intent actor key rejected (0.009041ms)
  ✔ changed intent version rejected (0.0095ms)
  ✔ changed intent domain rejected (0.009459ms)
  ✔ unknown framework fields are refused, never stripped (0.010792ms)
  ✔ genesis anchor cannot be replaced (0.009208ms)
  ✔ duplicate genesis activation keys rejected (0.010125ms)
  ✔ signature bit flip rejected (0.009208ms)
  ✔ high-S variant rejected (0.019792ms)
  ✔ wire rejects duplicate map key (0.011833ms)
  ✔ wire rejects noncanonical key order (0.009ms)
  ✔ wire rejects long integer encoding (0.008541ms)
  ✔ wire rejects float encoding of integer (0.007959ms)
  ✔ wire rejects negative zero (0.014833ms)
  ✔ wire rejects indefinite array (0.0075ms)
  ✔ wire rejects trailing bytes (0.007791ms)
  ✔ wire rejects non-string map key (0.007417ms)
  ✔ wire rejects unsupported tag (0.00725ms)
  ✔ wire rejects invalid UTF-8 (0.007667ms)
  ✔ wire rejects truncated string (0.007417ms)
  ✔ wire rejects huge truncated array (0.007417ms)
  ✔ wire rejects deep nesting (0.008333ms)
  ✔ wire block byte boundary (0.007459ms)
  ✔ wire input rejects undefined field (0.007541ms)
  ✔ wire input rejects negative zero value (0.007708ms)
  ✔ wire input rejects malformed Unicode key (0.00725ms)
  ✔ wire input rejects malformed Unicode value (0.008625ms)
  ✔ wire input rejects extra bytes member (0.007ms)
  ✔ wire input rejects noncanonical base64 (0.007167ms)
  ✔ wire input rejects padded base64 (0.007ms)
  ✔ wire input rejects extra CID member (0.007542ms)
  ✔ wire input rejects reserved data-model field (0.006833ms)
  ✔ wire input rejects unsafe integer (0.006875ms)
  ✔ wire input rejects float value (0.007ms)
  ✔ wire input rejects invalid CID (0.007334ms)
  ✔ UTF-8 map ordering and absent/null remain distinct (0.007292ms)
  ✔ live signing verifies without a second SHA-256 (0.006833ms)
  ✔ wrong signing key rejected (0.010584ms)
  ✔ wrong curve rejected (0.0095ms)
  ✔ verify rejects a valid secp256k1 actor signature (0.007458ms)
  ✔ verify rejects an uncompressed P-256 did:key with a valid signature (0.007125ms)
  ✔ verify rejects a valid entry proof for a foreign sequencer (0.008208ms)
  ✔ verify rejects a valid entry proof for a foreign app (0.00775ms)
  ✔ verify rejects a valid entry proof for a foreign genesis (0.007ms)
  ✔ head targeting a foreign app is rejected (0.007292ms)
  ✔ head targeting a foreign genesis is rejected (0.007167ms)
  ✔ history follows signed positions, not arrival order (0.007459ms)
  ✔ empty genesis prefix (0.007541ms)
  ✔ missing history cannot appear current (0.007375ms)
  ✔ duplicate positions rejected (0.007125ms)
  ✔ altered predecessor invalidates proof (0.015042ms)
  ✔ valid signature on wrong predecessor still rejected (0.007542ms)
  ✔ valid signature on skipped position still rejected (0.007042ms)
  ✔ altered chosen head rejected (0.007083ms)
  ✔ position zero is genesis only (0.017042ms)
  ✔ entry keys have fixed width and safe bounds (0.011042ms)
  ✔ conflicting content under retained nonce is rejected (0.00975ms)
  ✔ same retry identity cannot be recorded twice (0.008208ms)
  ✔ nonce exact width (0.0075ms)
  ✔ signature exact width (0.007375ms)
  ✔ action payload exact JSON byte boundary (0.0075ms)
  ✔ framework validation retains unknown action content (0.006875ms)
  ✔ fixed XRPC schemas load and validate through Lexicon (0.007ms)
[plugin builtin:vite-reporter] 
(!) Some chunks are larger than 500 kB after minification. Consider:
- Using dynamic import() to code-split the application
- Use build.rolldownOptions.output.codeSplitting to improve chunking: https://rolldown.rs/reference/OutputOptions.codeSplitting
- Adjust chunk size limit for this warning via build.chunkSizeWarningLimit.
✔ protocol vectors and rejection corpus agree in Node and Chromium (1526.560875ms)
▶ application interpretation agrees in Node and a Chromium worker
  ✔ CAR round trip owns exact source bytes (0.754417ms)
  ✔ two unrelated definitions resolve schemas and retained views (0.071917ms)
  ✔ initial state comes only from the pinned definition (0.042416ms)
  ✔ fold and query match independently specified values (0.0375ms)
  ✔ malformed domain input is retained ineffective (0.044834ms)
  ✔ unknown action is retained ineffective (0.035167ms)
  ✔ old definition intent is retained ineffective (0.029292ms)
  ✔ domain refusal preserves complete prior state (0.029958ms)
  ✔ restarting and replaying reproduces state outcomes and frontier (0.047ms)
  ✔ failed persistence advances neither state outcomes nor frontier (0.065917ms)
  ✔ runtime faults pause without producing a replicated outcome and can resume (0.033583ms)
  ✔ activation validation host faults pause and resume to the healthy replica (0.034625ms)
  ✔ malformed schema and view shapes cannot freeze activation (0.023208ms)
  ✔ malformed UTF-8 source has a deterministic loader code (0.023625ms)
  ✔ reader size claims require independently verified bytes (0.131125ms)
  ✔ hash-valid oversized activation is ineffective; corrupt bytes pause until restored (0.022458ms)
  ✔ query captures its prefix before concurrent catch-up (0.020041ms)
  ✔ malformed fold result records framework failure and continues (0.030375ms)
  ✔ invalid successor schema records framework failure and continues (0.019292ms)
  ✔ ineffective successor state records framework failure and continues (0.015583ms)
  ✔ noninteger computed state records framework failure and continues (0.014583ms)
  ✔ the 1001st reading is ineffective and a later valid action clears state (0.020708ms)
  ✔ copied extra payload bytes cannot freeze interpretation (0.015334ms)
  ✔ overlong ineffective message cannot block a later valid entry (0.015334ms)
  ✔ invalid query output is unavailable at its exact unchanged prefix (0.013792ms)
  ✔ caller snapshot mutation cannot change the projection (0.060125ms)
  ✔ missing source pauses definition loading (0.029875ms)
  ✔ tampered source fails its pinned CID (0.05925ms)
  ✔ unsupported definition runtime is refused (0.024292ms)
  ✔ unsupported genesis runtime is refused even with a valid definition (0.020292ms)
  ✔ definition refuses unknown binding field (0.024042ms)
  ✔ definition refuses duplicate action binding (0.030417ms)
  ✔ definition refuses missing binding schema (0.015875ms)
  ✔ definition refuses missing program file (0.014417ms)
  ✔ definition refuses escaping source path (0.013958ms)
  ✔ definition refuses ambient program (0.015375ms)
  ✔ definition refuses invalid program syntax (0.014792ms)
  ✔ definition refuses noninteger program literal (0.014667ms)
  ✔ definition refuses null initial state (0.016667ms)
  ✔ definition refuses negative zero initial data (0.014917ms)
  ✔ source closure and initial state byte limits are enforced (0.015125ms)
  ✔ exact state and program limits pass and the next byte fails (0.014958ms)
  ✔ definition counts the manifest within the 64-file limit (0.0585ms)
  ✔ CAR blocks outside the declared closure are refused (0.028667ms)
  ✔ work exhaustion records a framework refusal and preserves prior state (0.015ms)
  ✔ oversized action is refused before interpretation (0.0115ms)
  ✔ unsupported schema constructs fail while loading the definition (0.010625ms)
  ✔ application registry refuses anchor replacement (0.010416ms)
  ✔ concurrent anchor replacement cannot persist a conflicting initial state (0.014959ms)
  ✔ 64 sibling object values do not consume nesting depth (0.009458ms)
  ✔ 100 grouped values do not consume nesting depth (0.009708ms)
  ✔ intermediate negative zero can be consumed as integer zero (0.008958ms)
  ✔ negative zero remains invalid at input and output boundaries (0.009583ms)
  ✔ sum checks exact intermediate integers before cancellation (0.009542ms)
  ✔ ineffective messages count Unicode code points and stop at 1024 (0.014166ms)
  ✔ conditional integrity adapter matches the running environment (0.014ms)
  ✔ unmatched dependency closure fails closed in either environment (0.009959ms)
✔ application interpretation agrees in Node and a Chromium worker (3074.714125ms)
ℹ tests 305
ℹ suites 0
ℹ pass 305
ℹ fail 0
ℹ cancelled 0
ℹ skipped 0
ℹ todo 0
ℹ duration_ms 13833.657875
