
> atseq@0.0.0 test:protocol
> tsx --test tests/protocol.test.ts

▶ protocol vectors and rejection corpus agree in Node and Chromium
  ✔ independent CBOR and CID: profile (0.244875ms)
  ✔ independent CBOR and CID: definition (0.028375ms)
  ✔ independent CBOR and CID: genesis (0.025ms)
  ✔ independent CBOR and CID: intent (0.021875ms)
  ✔ independent CBOR and CID: signed (0.01925ms)
  ✔ independent CBOR and CID: entry (0.020292ms)
  ✔ independent CBOR and CID: head (0.017541ms)
  ✔ runtime descriptor CID matches independent vector (0.018666ms)
  ✔ independent actor signature verifies (0.029625ms)
  ✔ independent sequencer signature verifies (0.036375ms)
  ✔ two valid signature encodings share content identity and receipt (0.018958ms)
  ✔ changed intent app rejected (0.013542ms)
  ✔ changed intent genesis rejected (0.011083ms)
  ✔ changed intent definition rejected (0.010709ms)
  ✔ changed intent payload rejected (0.018917ms)
  ✔ changed intent extra payload field rejected (0.0095ms)
  ✔ changed intent nonce rejected (0.009875ms)
  ✔ changed intent action rejected (0.008959ms)
  ✔ changed intent actor key rejected (0.008584ms)
  ✔ changed intent version rejected (0.008166ms)
  ✔ changed intent domain rejected (0.008666ms)
  ✔ unknown framework fields are refused, never stripped (0.01875ms)
  ✔ genesis anchor cannot be replaced (0.013125ms)
  ✔ duplicate genesis activation keys rejected (0.008666ms)
  ✔ signature bit flip rejected (0.007292ms)
  ✔ high-S variant rejected (0.007167ms)
  ✔ wire rejects duplicate map key (0.00675ms)
  ✔ wire rejects noncanonical key order (0.006875ms)
  ✔ wire rejects long integer encoding (0.006791ms)
  ✔ wire rejects float encoding of integer (0.006417ms)
  ✔ wire rejects negative zero (0.006334ms)
  ✔ wire rejects indefinite array (0.006667ms)
  ✔ wire rejects trailing bytes (0.006542ms)
  ✔ wire rejects non-string map key (0.006292ms)
  ✔ wire rejects unsupported tag (0.006292ms)
  ✔ wire rejects invalid UTF-8 (0.006416ms)
  ✔ wire rejects truncated string (0.006459ms)
  ✔ wire rejects huge truncated array (0.006333ms)
  ✔ wire rejects deep nesting (0.006459ms)
  ✔ wire block byte boundary (0.006417ms)
  ✔ wire input rejects undefined field (0.0065ms)
  ✔ wire input rejects negative zero value (0.006958ms)
  ✔ wire input rejects malformed Unicode key (0.006417ms)
  ✔ wire input rejects malformed Unicode value (0.007541ms)
  ✔ wire input rejects extra bytes member (0.006167ms)
  ✔ wire input rejects noncanonical base64 (0.00625ms)
  ✔ wire input rejects padded base64 (0.006417ms)
  ✔ wire input rejects extra CID member (0.006292ms)
  ✔ wire input rejects reserved data-model field (0.006292ms)
  ✔ wire input rejects unsafe integer (0.006208ms)
  ✔ wire input rejects float value (0.006291ms)
  ✔ wire input rejects invalid CID (0.007042ms)
  ✔ UTF-8 map ordering and absent/null remain distinct (0.006084ms)
  ✔ live signing verifies without a second SHA-256 (0.006208ms)
  ✔ wrong signing key rejected (0.01175ms)
  ✔ wrong curve rejected (0.009792ms)
  ✔ verify rejects a valid secp256k1 actor signature (0.007834ms)
  ✔ verify rejects an uncompressed P-256 did:key with a valid signature (0.007ms)
  ✔ verify rejects a valid entry proof for a foreign sequencer (0.006292ms)
  ✔ verify rejects a valid entry proof for a foreign app (0.006166ms)
  ✔ verify rejects a valid entry proof for a foreign genesis (0.006ms)
  ✔ head targeting a foreign app is rejected (0.009541ms)
  ✔ head targeting a foreign genesis is rejected (0.006209ms)
  ✔ history follows signed positions, not arrival order (0.006167ms)
  ✔ empty genesis prefix (0.006083ms)
  ✔ missing history cannot appear current (0.017167ms)
  ✔ duplicate positions rejected (0.008583ms)
  ✔ altered predecessor invalidates proof (0.010625ms)
  ✔ valid signature on wrong predecessor still rejected (0.007459ms)
  ✔ valid signature on skipped position still rejected (0.006917ms)
  ✔ altered chosen head rejected (0.006958ms)
  ✔ position zero is genesis only (0.01125ms)
  ✔ entry keys have fixed width and safe bounds (0.007916ms)
  ✔ conflicting content under retained nonce is rejected (0.006542ms)
  ✔ same retry identity cannot be recorded twice (0.008541ms)
  ✔ nonce exact width (0.006709ms)
  ✔ signature exact width (0.006584ms)
  ✔ action payload exact JSON byte boundary (0.007292ms)
  ✔ framework validation retains unknown action content (0.012125ms)
  ✔ fixed XRPC schemas load and validate through Lexicon (0.006917ms)
✔ protocol vectors and rejection corpus agree in Node and Chromium (291.489333ms)
ℹ tests 81
ℹ suites 0
ℹ pass 81
ℹ fail 0
ℹ cancelled 0
ℹ skipped 0
ℹ todo 0
ℹ duration_ms 714.63625
