
> atseq@0.0.0 test:runtime
> tsx --test tests/runtime.test.ts tests/projection.test.ts

✔ host snapshot stays coherent during writes and rebuilds after cache deletion (749.806083ms)
▶ application interpretation agrees in Node and a Chromium worker
  ✔ CAR round trip owns exact source bytes (0.278167ms)
  ✔ two unrelated definitions resolve schemas and retained views (0.03ms)
  ✔ initial state comes only from the pinned definition (0.021833ms)
  ✔ fold and query match independently specified values (0.021875ms)
  ✔ malformed domain input is retained ineffective (0.022416ms)
  ✔ unknown action is retained ineffective (0.018125ms)
  ✔ old definition intent is retained ineffective (0.019958ms)
  ✔ domain refusal preserves complete prior state (0.021833ms)
  ✔ restarting and replaying reproduces state outcomes and frontier (0.03025ms)
  ✔ failed persistence advances neither state outcomes nor frontier (0.037875ms)
  ✔ runtime faults pause without producing a replicated outcome and can resume (0.020333ms)
  ✔ activation validation host faults pause and resume to the healthy replica (0.014792ms)
  ✔ malformed schema and view shapes cannot freeze activation (0.011833ms)
  ✔ malformed UTF-8 source has a deterministic loader code (0.010417ms)
  ✔ reader size claims require independently verified bytes (0.010042ms)
  ✔ hash-valid oversized activation is ineffective; corrupt bytes pause until restored (0.01175ms)
  ✔ query captures its prefix before concurrent catch-up (0.009542ms)
  ✔ malformed fold result records framework failure and continues (0.009291ms)
  ✔ invalid successor schema records framework failure and continues (0.009416ms)
  ✔ ineffective successor state records framework failure and continues (0.009667ms)
  ✔ noninteger computed state records framework failure and continues (0.008666ms)
  ✔ the 1001st reading is ineffective and a later valid action clears state (0.011833ms)
  ✔ copied extra payload bytes cannot freeze interpretation (0.008875ms)
  ✔ overlong ineffective message cannot block a later valid entry (0.009084ms)
  ✔ invalid query output is unavailable at its exact unchanged prefix (0.016875ms)
  ✔ caller snapshot mutation cannot change the projection (0.010666ms)
  ✔ missing source pauses definition loading (0.008292ms)
  ✔ tampered source fails its pinned CID (0.007667ms)
  ✔ unsupported definition runtime is refused (0.007417ms)
  ✔ unsupported genesis runtime is refused even with a valid definition (0.007291ms)
  ✔ definition refuses unknown binding field (0.007291ms)
  ✔ definition refuses duplicate action binding (0.007791ms)
  ✔ definition refuses missing binding schema (0.007083ms)
  ✔ definition refuses missing program file (0.007208ms)
  ✔ definition refuses escaping source path (0.007875ms)
  ✔ definition refuses ambient program (0.007125ms)
  ✔ definition refuses invalid program syntax (0.006917ms)
  ✔ definition refuses noninteger program literal (0.038667ms)
  ✔ definition refuses null initial state (0.007208ms)
  ✔ definition refuses negative zero initial data (0.006875ms)
  ✔ source closure and initial state byte limits are enforced (0.006791ms)
  ✔ exact state and program limits pass and the next byte fails (0.006834ms)
  ✔ definition counts the manifest within the 64-file limit (0.00675ms)
  ✔ CAR blocks outside the declared closure are refused (0.011083ms)
  ✔ work exhaustion records a framework refusal and preserves prior state (0.00675ms)
  ✔ oversized action is refused before interpretation (0.007041ms)
  ✔ unsupported schema constructs fail while loading the definition (0.006459ms)
  ✔ application registry refuses anchor replacement (0.008375ms)
  ✔ concurrent anchor replacement cannot persist a conflicting initial state (0.006709ms)
  ✔ 64 sibling object values do not consume nesting depth (0.006833ms)
  ✔ 100 grouped values do not consume nesting depth (0.006792ms)
  ✔ intermediate negative zero can be consumed as integer zero (0.00675ms)
  ✔ negative zero remains invalid at input and output boundaries (0.006666ms)
  ✔ sum checks exact intermediate integers before cancellation (0.006833ms)
  ✔ ineffective messages count Unicode code points and stop at 1024 (0.008542ms)
  ✔ conditional integrity adapter matches the running environment (0.010708ms)
  ✔ unmatched dependency closure fails closed in either environment (0.008583ms)
✔ application interpretation agrees in Node and a Chromium worker (1882.662459ms)
ℹ tests 59
ℹ suites 0
ℹ pass 59
ℹ fail 0
ℹ cancelled 0
ℹ skipped 0
ℹ todo 0
ℹ duration_ms 2381.743833
