
> atseq@0.0.0 test:flows
> tsx scripts/flows.ts --group participation

▶ human and agent participation on a real PDS
  ✔ source validation and preview publish nothing (37.251208ms)
  ✔ creation retry returns one app and binds its content (8.795875ms)
  ✔ shared service exposes recorded and then interpreted progress (83.849708ms)
  ✔ host restart restores the same app and interpreted history (434.782208ms)
  ✔ concurrent reads and submissions report coherent heads and frontiers (290.401333ms)
  ✔ documented CLI packs, validates and creates the same immutable source (2113.995416ms)
✔ human and agent participation on a real PDS (4568.315084ms)
▶ two browser identities and the JSON CLI use generic participation flows
  ✔ CLI preview opens the same source in the browser without publication (488.579042ms)
  ✔ explicit identity and publication create an app once (1174.308917ms)
  ✔ another browser can read before creating a distinct signing identity (232.375959ms)
  ✔ offline double click retains one signed intent across reload and reconnect (445.591708ms)
  ✔ a competing browser action is recorded with an honest ineffective outcome (262.588625ms)
  ✔ CLI uses a third private key and keeps exact retry bytes in a file (2397.977125ms)
  ✔ narrow layout remains usable with keyboard focus and no script errors (195.216416ms)
  ✔ lost submit reply reconciles the retained intent without a second append (303.317333ms)
  ✔ transport refusal retains the original signed work and invents no entry (295.605208ms)
  ✔ hostile template text stays text and rendering cannot sign or fetch external resources (1772.709041ms)
✔ two browser identities and the JSON CLI use generic participation flows (9029.286458ms)
ℹ tests 18
ℹ suites 0
ℹ pass 18
ℹ fail 0
ℹ cancelled 0
ℹ skipped 0
ℹ todo 0
ℹ duration_ms 9683.727041
