
> atseq@0.0.0 test:flows
> tsx scripts/flows.ts --group evolution

▶ compatible activation preserves its exact interpretation boundary
  ✔ activation at N preserves state and N+1 uses the new interface (13.197208ms)
  ✔ a full replay uses each definition at its original boundary (14.856875ms)
  ✔ unavailable candidate pauses at N and resumes the same entry after repair (17.550375ms)
  ✔ corrupt candidate content cannot fabricate an invalid-activation verdict (17.461666ms)
  ✔ failed persistence leaves both definition and state before activation (21.156791ms)
  ✔ another actor cannot activate or force a missing-content fetch (6.184584ms)
  ✔ available invalid candidate code is retained ineffective (8.331292ms)
  ✔ an incomplete or extra signed closure has the same outcome with full and closure-only readers (42.5775ms)
  ✔ a closure over 512 KiB is transported and invalid on both full and closure-only readers (22.22175ms)
  ✔ an available query-less view with missing bindings is invalid rather than a permanent stall (8.481708ms)
  ✔ state compatibility includes transitive schemas and ignores unrelated additions (18.475584ms)
  ✔ malformed closure and control-action rebinding are refused (6.781875ms)
✔ compatible activation preserves its exact interpretation boundary (627.56075ms)
▶ evolve a real app and explicitly replace its stale pending work
  ✔ ordinary state is retained while another browser queues an old-definition act (514.327791ms)
  ✔ comparison works locally and an ungranted browser cannot apply (73.98ms)
  ✔ CLI staging and preparing an activation do not activate it (1019.381625ms)
  ✔ explicit Apply records the boundary and preserves existing data (327.952166ms)
  ✔ a prepared activation racing from the same old definition is ineffective (673.73075ms)
  ✔ reconnecting delivers the old signed intent unchanged exactly once (315.071625ms)
  ✔ review preserves entered values and signs a replacement only on Save (418.443791ms)
  ✔ the new action, query and view use the preserved state (342.047667ms)
  ✔ offline queue order preserves add-then-select dependencies (544.23875ms)
  ✔ a recorded unauthorized activation is refused under the fixed grant (102.138125ms)
  ✔ an incompatible proposal preserves the app and current data (211.549458ms)
  ✔ sync delivers an oversized closure so host, CLI and fresh browser agree and continue (2669.416583ms)
  ✔ restarting the host rebuilds the active definition and every outcome (655.663083ms)
✔ evolve a real app and explicitly replace its stale pending work (11165.720875ms)
ℹ tests 27
ℹ suites 0
ℹ pass 27
ℹ fail 0
ℹ cancelled 0
ℹ skipped 0
ℹ todo 0
ℹ duration_ms 11892.847792
