[plugin builtin:vite-reporter] 
(!) Some chunks are larger than 500 kB after minification. Consider:
- Using dynamic import() to code-split the application
- Use build.rolldownOptions.output.codeSplitting to improve chunking: https://rolldown.rs/reference/OutputOptions.codeSplitting
- Adjust chunk size limit for this warning via build.chunkSizeWarningLimit.
▶ retain complete app history and rebuild without the PDS
  ✔ complete evolved archive retains source history, profiles and exact outcomes (55.489083ms)
  ✔ chosen older prefix uses its original definition and no future candidate (32.211209ms)
  ✔ missing activation source permits only the last complete prefix (46.470958ms)
  ✔ changed history, inventory, runtime and invitation cannot be accepted (45.241459ms)
  ✔ archive bounds, byte decoding and source identity guards reject malformed copies (26.9505ms)
  ✔ CLI rebuild uses a new directory after removing only its marked projection cache (1820.01975ms)
  ✔ installed shell bootstraps offline and rebuilds solely from an imported archive (507.714084ms)
  ✔ an archive cannot replace this device’s genesis pin for an existing app DID (154.343167ms)
  ✔ cancelling a held worker export keeps verified inputs and an offline signed action (346.405458ms)
  ✔ small imported data produces a zero-based chart and static source-tagged exports (1137.730708ms)
  ✔ archives retain oversized invalid activation evidence and replay its following action (387.974042ms)
✔ retain complete app history and rebuild without the PDS (6760.983292ms)
ℹ tests 12
ℹ suites 0
ℹ pass 12
ℹ fail 0
ℹ cancelled 0
ℹ skipped 0
ℹ todo 0
ℹ duration_ms 7421.775042
