[plugin builtin:vite-reporter] 
(!) Some chunks are larger than 500 kB after minification. Consider:
- Using dynamic import() to code-split the application
- Use build.rolldownOptions.output.codeSplitting to improve chunking: https://rolldown.rs/reference/OutputOptions.codeSplitting
- Adjust chunk size limit for this warning via build.chunkSizeWarningLimit.
▶ retain complete app history and rebuild without the PDS
  ✔ complete evolved archive retains source history, profiles and exact outcomes (59.587ms)
  ✔ chosen older prefix uses its original definition and no future candidate (34.29375ms)
  ✔ missing activation source permits only the last complete prefix (41.399375ms)
  ✔ changed history, inventory, runtime and invitation cannot be accepted (45.073375ms)
  ✔ archive bounds, byte decoding and source identity guards reject malformed copies (40.651083ms)
  ✔ CLI rebuild uses a new directory with no host projection cache (3024.277042ms)
  ✔ installed shell bootstraps offline and rebuilds solely from an imported archive (531.419333ms)
  ✔ an archive cannot replace this device’s genesis pin for an existing app DID (211.467958ms)
  ✔ cancelling a held worker export keeps verified inputs and an offline signed action (842.250166ms)
  ✔ small imported data produces a zero-based chart and static source-tagged exports (1114.536416ms)
  ✔ archives retain oversized invalid activation evidence and replay its following action (428.491167ms)
✔ retain complete app history and rebuild without the PDS (10214.963208ms)
✔ actual PLC and PDS listeners retain exclusive ports throughout startup (778.602833ms)
ℹ Both real listeners and the socket handoff refused competing binds; account creation and PLC endpoint passed.
✔ six real official PDS instances start concurrently with distinct retained ports (1040.538292ms)
ℹ Six distinct real PDS listeners, six persisted accounts, and six matching PLC service endpoints.
✔ restart refuses an occupied original port and resumes at the same URL after release (1399.170417ms)
ℹ Occupied restart port was refused before spawning; released port reused without retargeting.
✔ a genuine non-port child startup failure escapes and releases the reserved listener (2021.635833ms)
ℹ Actual invalid data-directory startup failed once; same reserved port available for explicit restart.
✔ PDS child keeps only OS paths and forced telemetry disable without mutating input (0.59225ms)
✔ inherited telemetry preload exports with legacy spread and is blocked by the fixture allowlist (5983.100417ms)
▶ real disposable PDS persistence and recovery
  ✔ genesis and initial head are a verified empty prefix (7.688167ms)
  ✔ provisioning refuses to replace an existing application log (15.163958ms)
  ✔ source blobs are retained and recovered by exact CID (14.282375ms)
  ✔ reset refuses a live or unmarked directory (1.067708ms)
  ✔ two concurrent submissions receive one contiguous order (64.587833ms)
  ✔ same intent and a new valid signature return original receipt (27.342417ms)
  ✔ second local writer is refused while the lease is held (0.450542ms)
  ✔ official PDS process crash preserves acknowledged history and blobs (678.935625ms)
  ✔ a rejected conditional batch leaves entry and head unchanged (40.498125ms)
  ✔ malformed commit replies cannot remove an append or provision condition (48.05625ms)
  ✔ an unrelated repo write races the append and is reconciled (73.902083ms)
  ✔ lost HTTP response after commit resolves to one original receipt (42.79125ms)
  ✔ a different writer process cannot acquire the same local lease (837.48575ms)
  ✔ writer crash after commit but before acknowledgment recovers one receipt (1009.8575ms)
  ✔ writer crash after acknowledgment keeps receipt and no domain effect claim (941.335375ms)
  ✔ XRPC rejects a foreign receipt anchor and malformed submission (18.0385ms)
  ✔ bootstrap at a chosen head catches up without notifications (83.7505ms)
  ✔ repository CAR contains retention references but blobs require explicit export (6.893375ms)
  ✔ missing and tampered source references fail, then recover by exact content (26.730375ms)
  ✔ missing or corrupted physical blob bytes never satisfy a source CID (10.942166ms)
  ✔ a retained verified head refuses repository rollback and signed-entry corruption (85.164917ms)
  ✔ chosen-head catch-up verifies a prefix spanning real PDS pages (237.250709ms)
  ✔ PDS compare-and-swap excludes competing writers even with the local lease bypassed (497.429125ms)
✔ real disposable PDS persistence and recovery (7536.071958ms)
ℹ tests 42
ℹ suites 0
ℹ pass 42
ℹ fail 0
ℹ cancelled 0
ℹ skipped 0
ℹ todo 0
ℹ duration_ms 11071.124
