[plugin builtin:vite-reporter] 
(!) Some chunks are larger than 500 kB after minification. Consider:
- Using dynamic import() to code-split the application
- Use build.rolldownOptions.output.codeSplitting to improve chunking: https://rolldown.rs/reference/OutputOptions.codeSplitting
- Adjust chunk size limit for this warning via build.chunkSizeWarningLimit.
▶ retain complete app history and rebuild without the PDS
  ✔ complete evolved archive retains source history, profiles and exact outcomes (59.334083ms)
  ✔ chosen older prefix uses its original definition and no future candidate (37.089209ms)
  ✔ missing activation source permits only the last complete prefix (52.191084ms)
  ✔ changed history, inventory, runtime and invitation cannot be accepted (50.174291ms)
  ✔ archive bounds, byte decoding and source identity guards reject malformed copies (41.266875ms)
  ✔ CLI rebuild uses a new directory with no host projection cache (3536.599333ms)
  ✔ installed shell bootstraps offline and rebuilds solely from an imported archive (536.924083ms)
  ✔ an archive cannot replace this device’s genesis pin for an existing app DID (215.861166ms)
  ✔ cancelling a held worker export keeps verified inputs and an offline signed action (835.585375ms)
  ✔ small imported data produces a zero-based chart and static source-tagged exports (1015.170458ms)
  ✔ archives retain oversized invalid activation evidence and replay its following action (350.554459ms)
✔ retain complete app history and rebuild without the PDS (10884.632834ms)
✔ actual PLC and PDS listeners retain exclusive ports throughout startup (1239.145709ms)
ℹ Both real listeners and the socket handoff refused competing binds; account creation and PLC endpoint passed.
✔ six real official PDS instances start concurrently with distinct retained ports (1126.8855ms)
ℹ Six distinct real PDS listeners, six persisted accounts, and six matching PLC service endpoints.
✔ restart refuses an occupied original port and resumes at the same URL after release (1641.924ms)
ℹ Occupied restart port was refused before spawning; released port reused without retargeting.
✔ a genuine non-port child startup failure escapes and releases the reserved listener (2271.957292ms)
ℹ Actual invalid data-directory startup failed once; same reserved port available for explicit restart.
✔ PDS child keeps only OS paths and forced telemetry disable without mutating input (0.638958ms)
✔ inherited telemetry preload exports with legacy spread and is blocked by the fixture allowlist (7468.789958ms)
▶ real disposable PDS persistence and recovery
  ✔ genesis and initial head are a verified empty prefix (13.241584ms)
  ✔ provisioning refuses to replace an existing application log (27.072ms)
  ✔ source blobs are retained and recovered by exact CID (44.36275ms)
  ✔ reset refuses a live or unmarked directory (2.020917ms)
  ✔ two concurrent submissions receive one contiguous order (86.616625ms)
  ✔ same intent and a new valid signature return original receipt (18.6275ms)
  ✔ second local writer is refused while the lease is held (0.327ms)
  ✔ official PDS process crash preserves acknowledged history and blobs (821.341584ms)
  ✔ a rejected conditional batch leaves entry and head unchanged (42.421334ms)
  ✔ malformed commit replies cannot remove an append or provision condition (46.251458ms)
  ✔ an unrelated repo write races the append and is reconciled (91.580208ms)
  ✔ lost HTTP response after commit resolves to one original receipt (46.384125ms)
  ✔ a different writer process cannot acquire the same local lease (1085.660208ms)
  ✔ writer crash after commit but before acknowledgment recovers one receipt (1149.659417ms)
  ✔ writer crash after acknowledgment keeps receipt and no domain effect claim (1113.475209ms)
  ✔ XRPC rejects a foreign receipt anchor and malformed submission (16.367083ms)
  ✔ bootstrap at a chosen head catches up without notifications (76.30525ms)
  ✔ repository CAR contains retention references but blobs require explicit export (6.829167ms)
  ✔ missing and tampered source references fail, then recover by exact content (24.125958ms)
  ✔ missing or corrupted physical blob bytes never satisfy a source CID (9.855875ms)
  ✔ a retained verified head refuses repository rollback and signed-entry corruption (93.0975ms)
  ✔ chosen-head catch-up verifies a prefix spanning real PDS pages (232.969125ms)
  ✔ PDS compare-and-swap excludes competing writers even with the local lease bypassed (466.771916ms)
✔ real disposable PDS persistence and recovery (8540.280125ms)
ℹ tests 42
ℹ suites 0
ℹ pass 42
ℹ fail 0
ℹ cancelled 0
ℹ skipped 0
ℹ todo 0
ℹ duration_ms 11819.411209
