TAP version 13
# (node:70342) ExperimentalWarning: SQLite is an experimental feature and might change at any time
# (Use `node --trace-warnings ...` to show where the warning was created)
# Subtest: real disposable PDS persistence and recovery
    # Subtest: genesis and initial head are a verified empty prefix
    ok 1 - genesis and initial head are a verified empty prefix
      ---
      duration_ms: 10.301334
      type: 'test'
      ...
    # Subtest: provisioning refuses to replace an existing application log
    ok 2 - provisioning refuses to replace an existing application log
      ---
      duration_ms: 18.980541
      type: 'test'
      ...
    # Subtest: source blobs are retained and recovered by exact CID
    ok 3 - source blobs are retained and recovered by exact CID
      ---
      duration_ms: 17.011166
      type: 'test'
      ...
    # Subtest: reset refuses a live or unmarked directory
    ok 4 - reset refuses a live or unmarked directory
      ---
      duration_ms: 1.277
      type: 'test'
      ...
    # Subtest: two concurrent submissions receive one contiguous order
    ok 5 - two concurrent submissions receive one contiguous order
      ---
      duration_ms: 65.805625
      type: 'test'
      ...
    # Subtest: same intent and a new valid signature return original receipt
    ok 6 - same intent and a new valid signature return original receipt
      ---
      duration_ms: 23.146458
      type: 'test'
      ...
    # Subtest: second local writer is refused while the lease is held
    ok 7 - second local writer is refused while the lease is held
      ---
      duration_ms: 0.240791
      type: 'test'
      ...
    # Subtest: official PDS process crash preserves acknowledged history and blobs
    ok 8 - official PDS process crash preserves acknowledged history and blobs
      ---
      duration_ms: 713.48725
      type: 'test'
      ...
    # Subtest: a rejected conditional batch leaves entry and head unchanged
    ok 9 - a rejected conditional batch leaves entry and head unchanged
      ---
      duration_ms: 41.825167
      type: 'test'
      ...
    # Subtest: malformed commit replies cannot remove an append or provision condition
    ok 10 - malformed commit replies cannot remove an append or provision condition
      ---
      duration_ms: 40.07975
      type: 'test'
      ...
    # Subtest: an unrelated repo write races the append and is reconciled
    ok 11 - an unrelated repo write races the append and is reconciled
      ---
      duration_ms: 68.620417
      type: 'test'
      ...
    # Subtest: lost HTTP response after commit resolves to one original receipt
    ok 12 - lost HTTP response after commit resolves to one original receipt
      ---
      duration_ms: 45.564125
      type: 'test'
      ...
    # Subtest: a different writer process cannot acquire the same local lease
    ok 13 - a different writer process cannot acquire the same local lease
      ---
      duration_ms: 808.582292
      type: 'test'
      ...
    # Subtest: writer crash after commit but before acknowledgment recovers one receipt
    ok 14 - writer crash after commit but before acknowledgment recovers one receipt
      ---
      duration_ms: 872.689
      type: 'test'
      ...
    # Subtest: writer crash after acknowledgment keeps receipt and no domain effect claim
    ok 15 - writer crash after acknowledgment keeps receipt and no domain effect claim
      ---
      duration_ms: 844.658167
      type: 'test'
      ...
    # Subtest: XRPC rejects a foreign receipt anchor and malformed submission
    ok 16 - XRPC rejects a foreign receipt anchor and malformed submission
      ---
      duration_ms: 15.955291
      type: 'test'
      ...
    # Subtest: bootstrap at a chosen head catches up without notifications
    ok 17 - bootstrap at a chosen head catches up without notifications
      ---
      duration_ms: 90.083458
      type: 'test'
      ...
    # Subtest: repository CAR contains retention references but blobs require explicit export
    ok 18 - repository CAR contains retention references but blobs require explicit export
      ---
      duration_ms: 8.176125
      type: 'test'
      ...
    # Subtest: missing and tampered source references fail, then recover by exact content
    ok 19 - missing and tampered source references fail, then recover by exact content
      ---
      duration_ms: 23.746875
      type: 'test'
      ...
    # Subtest: missing or corrupted physical blob bytes never satisfy a source CID
    ok 20 - missing or corrupted physical blob bytes never satisfy a source CID
      ---
      duration_ms: 8.020667
      type: 'test'
      ...
    # Subtest: a retained verified head refuses repository rollback and signed-entry corruption
    ok 21 - a retained verified head refuses repository rollback and signed-entry corruption
      ---
      duration_ms: 83.01875
      type: 'test'
      ...
    # Subtest: chosen-head catch-up verifies a prefix spanning real PDS pages
    ok 22 - chosen-head catch-up verifies a prefix spanning real PDS pages
      ---
      duration_ms: 279.05375
      type: 'test'
      ...
    # Subtest: PDS compare-and-swap excludes competing writers even with the local lease bypassed
    ok 23 - PDS compare-and-swap excludes competing writers even with the local lease bypassed
      ---
      duration_ms: 508.064958
      type: 'test'
      ...
    1..23
ok 1 - real disposable PDS persistence and recovery
  ---
  duration_ms: 6746.737833
  type: 'test'
  ...
1..1
# tests 24
# suites 0
# pass 24
# fail 0
# cancelled 0
# skipped 0
# todo 0
# duration_ms 7279.327042
