[plugin builtin:vite-reporter] 
(!) Some chunks are larger than 500 kB after minification. Consider:
- Using dynamic import() to code-split the application
- Use build.rolldownOptions.output.codeSplitting to improve chunking: https://rolldown.rs/reference/OutputOptions.codeSplitting
- Adjust chunk size limit for this warning via build.chunkSizeWarningLimit.
▶ retain complete app history and rebuild without the PDS
  ✔ complete evolved archive retains source history, profiles and exact outcomes (54.117333ms)
  ✔ chosen older prefix uses its original definition and no future candidate (30.013917ms)
  ✔ missing activation source permits only the last complete prefix (41.430209ms)
  ✔ changed history, inventory, runtime and invitation cannot be accepted (49.536708ms)
  ✔ archive bounds, byte decoding and source identity guards reject malformed copies (44.136584ms)
  ✔ CLI rebuild uses a new directory with no host projection cache (3394.002458ms)
  ✔ installed shell bootstraps offline and rebuilds solely from an imported archive (555.229333ms)
  ✔ an archive cannot replace this device’s genesis pin for an existing app DID (223.382291ms)
  ✔ cancelling a held worker export keeps verified inputs and an offline signed action (899.077708ms)
  ✔ small imported data produces a zero-based chart and static source-tagged exports (1319.971125ms)
  ✔ archives retain oversized invalid activation evidence and replay its following action (494.14225ms)
✔ retain complete app history and rebuild without the PDS (10921.406959ms)
✔ actual PLC and PDS listeners retain exclusive ports throughout startup (1175.156875ms)
ℹ Both real listeners and the socket handoff refused competing binds; account creation and PLC endpoint passed.
✔ six real official PDS instances start concurrently with distinct retained ports (935.950125ms)
ℹ Six distinct real PDS listeners, six persisted accounts, and six matching PLC service endpoints.
✔ restart refuses an occupied original port and resumes at the same URL after release (1494.5ms)
ℹ Occupied restart port was refused before spawning; released port reused without retargeting.
✔ a genuine non-port child startup failure escapes and releases the reserved listener (2114.1735ms)
ℹ Actual invalid data-directory startup failed once; same reserved port available for explicit restart.
✔ PDS child keeps only OS paths and forced telemetry disable without mutating input (0.854375ms)
✔ inherited telemetry preload exports with legacy spread and is blocked by the fixture allowlist (6979.415541ms)
▶ real disposable PDS persistence and recovery
  ✔ genesis and initial head are a verified empty prefix (8.826916ms)
  ✔ provisioning refuses to replace an existing application log (20.005542ms)
  ✔ source blobs are retained and recovered by exact CID (13.813625ms)
  ✔ reset refuses a live or unmarked directory (1.224125ms)
  ✔ two concurrent submissions receive one contiguous order (62.656209ms)
  ✔ same intent and a new valid signature return original receipt (18.1605ms)
  ✔ second local writer is refused while the lease is held (0.260583ms)
  ✔ official PDS process crash preserves acknowledged history and blobs (742.493041ms)
  ✔ a rejected conditional batch leaves entry and head unchanged (44.694375ms)
  ✔ malformed commit replies cannot remove an append or provision condition (44.708541ms)
  ✔ an unrelated repo write races the append and is reconciled (67.360584ms)
  ✔ lost HTTP response after commit resolves to one original receipt (44.383791ms)
  ✔ a different writer process cannot acquire the same local lease (845.326292ms)
  ✔ writer crash after commit but before acknowledgment recovers one receipt (1037.128ms)
  ✔ writer crash after acknowledgment keeps receipt and no domain effect claim (1297.759333ms)
  ✔ XRPC rejects a foreign receipt anchor and malformed submission (28.6745ms)
  ✔ bootstrap at a chosen head catches up without notifications (150.286208ms)
  ✔ repository CAR contains retention references but blobs require explicit export (11.623167ms)
  ✔ missing and tampered source references fail, then recover by exact content (36.376334ms)
  ✔ missing or corrupted physical blob bytes never satisfy a source CID (10.927416ms)
  ✔ a retained verified head refuses repository rollback and signed-entry corruption (103.515875ms)
  ✔ chosen-head catch-up verifies a prefix spanning real PDS pages (275.854208ms)
  ✔ PDS compare-and-swap excludes competing writers even with the local lease bypassed (593.836667ms)
✔ real disposable PDS persistence and recovery (7987.884584ms)
ℹ tests 42
ℹ suites 0
ℹ pass 42
ℹ fail 0
ℹ cancelled 0
ℹ skipped 0
ℹ todo 0
ℹ duration_ms 12107.53075
