TAP version 13
# (node:68740) ExperimentalWarning: SQLite is an experimental feature and might change at any time
# (Use `node --trace-warnings ...` to show where the warning was created)
# [plugin builtin:vite-reporter] 
# (!) Some chunks are larger than 500 kB after minification. Consider:
# - Using dynamic import() to code-split the application
# - Use build.rolldownOptions.output.codeSplitting to improve chunking: https://rolldown.rs/reference/OutputOptions.codeSplitting
# - Adjust chunk size limit for this warning via build.chunkSizeWarningLimit.
# Subtest: retain complete app history and rebuild without the PDS
    # Subtest: complete evolved archive retains source history, profiles and exact outcomes
    ok 1 - complete evolved archive retains source history, profiles and exact outcomes
      ---
      duration_ms: 62.374541
      type: 'test'
      ...
    # Subtest: chosen older prefix uses its original definition and no future candidate
    ok 2 - chosen older prefix uses its original definition and no future candidate
      ---
      duration_ms: 35.543
      type: 'test'
      ...
    # Subtest: missing activation source permits only the last complete prefix
    ok 3 - missing activation source permits only the last complete prefix
      ---
      duration_ms: 44.052667
      type: 'test'
      ...
    # Subtest: changed history, inventory, runtime and invitation cannot be accepted
    ok 4 - changed history, inventory, runtime and invitation cannot be accepted
      ---
      duration_ms: 50.712
      type: 'test'
      ...
    # Subtest: archive bounds, byte decoding and source identity guards reject malformed copies
    ok 5 - archive bounds, byte decoding and source identity guards reject malformed copies
      ---
      duration_ms: 46.780458
      type: 'test'
      ...
    # Subtest: CLI rebuild uses a new directory with no host projection cache
    ok 6 - CLI rebuild uses a new directory with no host projection cache
      ---
      duration_ms: 3048.610542
      type: 'test'
      ...
    # Subtest: installed shell bootstraps offline and rebuilds solely from an imported archive
    ok 7 - installed shell bootstraps offline and rebuilds solely from an imported archive
      ---
      duration_ms: 530.775417
      type: 'test'
      ...
    # Subtest: an archive cannot replace this device’s genesis pin for an existing app DID
    ok 8 - an archive cannot replace this device’s genesis pin for an existing app DID
      ---
      duration_ms: 213.348791
      type: 'test'
      ...
    # Subtest: cancelling a held worker export keeps verified inputs and an offline signed action
    ok 9 - cancelling a held worker export keeps verified inputs and an offline signed action
      ---
      duration_ms: 863.081959
      type: 'test'
      ...
    # Subtest: small imported data produces a zero-based chart and static source-tagged exports
    ok 10 - small imported data produces a zero-based chart and static source-tagged exports
      ---
      duration_ms: 1184.369334
      type: 'test'
      ...
    # Subtest: archives retain oversized invalid activation evidence and replay its following action
    ok 11 - archives retain oversized invalid activation evidence and replay its following action
      ---
      duration_ms: 456.497625
      type: 'test'
      ...
    1..11
ok 1 - retain complete app history and rebuild without the PDS
  ---
  duration_ms: 11421.928292
  type: 'test'
  ...
# Subtest: actual PLC and PDS listeners retain exclusive ports throughout startup
ok 2 - actual PLC and PDS listeners retain exclusive ports throughout startup
  ---
  duration_ms: 841.713917
  type: 'test'
  ...
# Both real listeners and the socket handoff refused competing binds; account creation and PLC endpoint passed.
# Subtest: six real official PDS instances start concurrently with distinct retained ports
ok 3 - six real official PDS instances start concurrently with distinct retained ports
  ---
  duration_ms: 1053.721959
  type: 'test'
  ...
# Six distinct real PDS listeners, six persisted accounts, and six matching PLC service endpoints.
# Subtest: restart refuses an occupied original port and resumes at the same URL after release
ok 4 - restart refuses an occupied original port and resumes at the same URL after release
  ---
  duration_ms: 1567.270167
  type: 'test'
  ...
# Occupied restart port was refused before spawning; released port reused without retargeting.
# Subtest: a genuine non-port child startup failure escapes and releases the reserved listener
ok 5 - a genuine non-port child startup failure escapes and releases the reserved listener
  ---
  duration_ms: 2190.508042
  type: 'test'
  ...
# Actual invalid data-directory startup failed once; same reserved port available for explicit restart.
# Subtest: PDS child keeps only OS paths and forced telemetry disable without mutating input
ok 6 - PDS child keeps only OS paths and forced telemetry disable without mutating input
  ---
  duration_ms: 0.498125
  type: 'test'
  ...
# Subtest: inherited telemetry preload exports with legacy spread and is blocked by the fixture allowlist
ok 7 - inherited telemetry preload exports with legacy spread and is blocked by the fixture allowlist
  ---
  duration_ms: 5849.177083
  type: 'test'
  ...
1..7
# tests 18
# suites 0
# pass 18
# fail 0
# cancelled 0
# skipped 0
# todo 0
# duration_ms 12246.053
