✔ host procedures require a retained owner-only token; reads remain public (818.912958ms)
✔ draft cache evicts least recently used previews within count and byte budgets (84.053041ms)
✔ incomplete creations consume application quota before an account is provisioned (6.387208ms)
✔ a corrupt lease database keeps its SQLite diagnostic instead of claiming contention (3.403959ms)
✔ only a PDS RecordNotFound response becomes a missing source (5.14475ms)
✔ only definite invalid input is final; integrity and host availability errors use 503 (0.164375ms)
✔ actual native proof limits remain unavailable and nonpermanent through host HTTP (22.105542ms)
✔ expiry renews once across concurrent JSON, blob and upload calls (35.37175ms)
✔ missing, rejected or repeatedly expired session credentials have a permanent authentication code (5.495916ms)
✔ complete-prefix limits and nonce conflicts have stable permanent codes (0.198208ms)
✔ authorization refusal does not permanently disable a valid PDS credential (2.911959ms)
✖ real disposable PDS persistence and recovery (825.914291ms)
ℹ tests 12
ℹ suites 0
ℹ pass 11
ℹ fail 1
ℹ cancelled 0
ℹ skipped 0
ℹ todo 0
ℹ duration_ms 2105.1595

✖ failing tests:

test at tests/pds.test.ts:1:1031
✖ real disposable PDS persistence and recovery (825.914291ms)
  Error: Official PDS exited during startup (1): node:internal/modules/cjs/loader:2087
    return process.dlopen(module, path.toNamespacedPath(filename));
                   ^
  
  Error: The module '/private/tmp/atseq-native-account-writer-aw-f2-20261002/tests/support/pds/node_modules/better-sqlite3/build/Release/better_sqlite3.node'
  was compiled against a different Node.js version using
  NODE_MODULE_VERSION 147. This version of Node.js requires
  NODE_MODULE_VERSION 137. Please try re-compiling or re-installing
  the module (for instance, using `npm rebuild` or `npm install`).
      at Object..node (node:internal/modules/cjs/loader:2087:18)
      at Module.load (node:internal/modules/cjs/loader:1651:32)
      at Module._load (node:internal/modules/cjs/loader:1443:12)
      at wrapModuleLoad (node:internal/modules/cjs/loader:261:19)
      at Module.require (node:internal/modules/cjs/loader:1674:12)
      at require (node:internal/modules/helpers:157:16)
      at bindings (/private/tmp/atseq-native-account-writer-aw-f2-20261002/tests/support/pds/node_modules/bindings/bindings.js:112:48)
      at new Database (/private/tmp/atseq-native-account-writer-aw-f2-20261002/tests/support/pds/node_modules/better-sqlite3/lib/database.js:48:64)
      at Database.sqlite (file:///private/tmp/atseq-native-account-writer-aw-f2-20261002/tests/support/pds/node_modules/@atproto/pds/dist/db/db.js:16:26)
      at getDb (file:///private/tmp/atseq-native-account-writer-aw-f2-20261002/tests/support/pds/node_modules/@atproto/pds/dist/did-cache/db/index.js:8:21) {
    code: 'ERR_DLOPEN_FAILED'
  }
  
  Node.js v24.21.0
  
      at ChildProcess.<anonymous> (file:///private/tmp/atseq-native-account-writer-aw-f2-20261002/tests/support/pds/environment.mjs:125:18)
      at ChildProcess.wrapper (node:events:639:12)
      at ChildProcess.emit (node:events:514:28)
      at ChildProcess._handle.onexit (node:internal/child_process:295:12)
