✔ host procedures require a retained owner-only token; reads remain public (706.752792ms)
✔ draft cache evicts least recently used previews within count and byte budgets (60.105084ms)
✔ incomplete creations consume application quota before an account is provisioned (6.591417ms)
✔ a corrupt lease database keeps its SQLite diagnostic instead of claiming contention (1.519041ms)
✔ only a PDS RecordNotFound response becomes a missing source (4.947166ms)
✔ only definite invalid input is final; integrity and host availability errors use 503 (0.177917ms)
✔ actual native proof limits remain unavailable and nonpermanent through host HTTP (20.02975ms)
✔ expiry renews once across concurrent JSON, blob and upload calls (36.845ms)
✔ missing, rejected or repeatedly expired session credentials have a permanent authentication code (3.657959ms)
✔ complete-prefix limits and nonce conflicts have stable permanent codes (0.1495ms)
✔ authorization refusal does not permanently disable a valid PDS credential (2.407125ms)
▶ real disposable PDS persistence and recovery
  ✔ genesis and initial head are a verified empty prefix (8.893208ms)
  ✔ provisioning refuses to replace an existing application log (19.074333ms)
  ✔ source blobs are retained and recovered by exact CID (16.915042ms)
  ✔ reset refuses a live or unmarked directory (1.205833ms)
  ✔ two concurrent submissions receive one contiguous order (65.140542ms)
  ✔ same intent and a new valid signature return original receipt (20.753291ms)
  ✔ second local writer is refused while the lease is held (0.285167ms)
  ✔ official PDS process crash preserves acknowledged history and blobs (692.087416ms)
  ✔ a rejected conditional batch leaves entry and head unchanged (40.496334ms)
  ✔ malformed commit replies cannot remove an append or provision condition (41.811792ms)
  ✔ an unrelated repo write races the append and is reconciled (72.189667ms)
  ✔ lost HTTP response after commit resolves to one original receipt (44.401125ms)
  ✔ a different writer process cannot acquire the same local lease (919.70375ms)
  ✔ writer crash after commit but before acknowledgment recovers one receipt (1000.1245ms)
  ✔ writer crash after acknowledgment keeps receipt and no domain effect claim (964.763042ms)
  ✔ XRPC rejects a foreign receipt anchor and malformed submission (15.360084ms)
  ✔ bootstrap at a chosen head catches up without notifications (90.583292ms)
  ✔ repository CAR contains retention references but blobs require explicit export (8.669958ms)
  ✔ missing and tampered source references fail, then recover by exact content (26.370459ms)
  ✔ missing or corrupted physical blob bytes never satisfy a source CID (9.066416ms)
  ✔ a retained verified head refuses repository rollback and signed-entry corruption (77.107333ms)
  ✔ chosen-head catch-up verifies a prefix spanning real PDS pages (232.059541ms)
  ✔ PDS compare-and-swap excludes competing writers even with the local lease bypassed (507.433959ms)
✔ real disposable PDS persistence and recovery (7326.495917ms)
ℹ tests 35
ℹ suites 0
ℹ pass 35
ℹ fail 0
ℹ cancelled 0
ℹ skipped 0
ℹ todo 0
ℹ duration_ms 7933.862125
