✔ host procedures require a retained owner-only token; reads remain public (818.694375ms)
✔ draft cache evicts least recently used previews within count and byte budgets (68.079708ms)
✔ incomplete creations consume application quota before an account is provisioned (7.362667ms)
✔ a corrupt lease database keeps its SQLite diagnostic instead of claiming contention (1.658083ms)
✔ only a PDS RecordNotFound response becomes a missing source (6.882208ms)
✔ only definite invalid input is final; integrity and host availability errors use 503 (0.204625ms)
✔ actual native proof limits remain unavailable and nonpermanent through host HTTP (22.639375ms)
✔ expiry renews once across concurrent JSON, blob and upload calls (37.820375ms)
✔ missing, rejected or repeatedly expired session credentials have a permanent authentication code (5.453667ms)
✔ complete-prefix limits and nonce conflicts have stable permanent codes (0.154875ms)
✔ authorization refusal does not permanently disable a valid PDS credential (2.972416ms)
▶ real disposable PDS persistence and recovery
  ✔ genesis and initial head are a verified empty prefix (10.574959ms)
  ✔ provisioning refuses to replace an existing application log (20.671917ms)
  ✔ source blobs are retained and recovered by exact CID (19.633417ms)
  ✔ reset refuses a live or unmarked directory (1.306042ms)
  ✔ two concurrent submissions receive one contiguous order (72.490708ms)
  ✔ same intent and a new valid signature return original receipt (23.473667ms)
  ✔ second local writer is refused while the lease is held (0.404625ms)
  ✔ official PDS process crash preserves acknowledged history and blobs (854.692708ms)
  ✔ a rejected conditional batch leaves entry and head unchanged (53.437834ms)
  ✔ malformed commit replies cannot remove an append or provision condition (45.86475ms)
  ✔ an unrelated repo write races the append and is reconciled (88.609292ms)
  ✔ lost HTTP response after commit resolves to one original receipt (53.602541ms)
  ✔ a different writer process cannot acquire the same local lease (917.637875ms)
  ✔ writer crash after commit but before acknowledgment recovers one receipt (1180.480584ms)
  ✔ writer crash after acknowledgment keeps receipt and no domain effect claim (1050.414ms)
  ✔ XRPC rejects a foreign receipt anchor and malformed submission (19.662834ms)
  ✔ bootstrap at a chosen head catches up without notifications (104.34925ms)
  ✔ repository CAR contains retention references but blobs require explicit export (9.995958ms)
  ✔ missing and tampered source references fail, then recover by exact content (37.117917ms)
  ✔ missing or corrupted physical blob bytes never satisfy a source CID (13.628375ms)
  ✔ a retained verified head refuses repository rollback and signed-entry corruption (100.86775ms)
  ✔ chosen-head catch-up verifies a prefix spanning real PDS pages (290.247542ms)
  ✔ PDS compare-and-swap excludes competing writers even with the local lease bypassed (646.494583ms)
✔ real disposable PDS persistence and recovery (8460.100042ms)
ℹ tests 35
ℹ suites 0
ℹ pass 35
ℹ fail 0
ℹ cancelled 0
ℹ skipped 0
ℹ todo 0
ℹ duration_ms 8832.550125
