node:internal/modules/run_main:111
    triggerUncaughtException(
    ^

file:///private/tmp/atseq-native-account-writer-aw-f2-20261002/src/core/errors.ts:106
  constructor(
    readonly code: ErrorCode,
             ^^^^^^^^^^^^^^^
    message: string,

SyntaxError [ERR_UNSUPPORTED_TYPESCRIPT_SYNTAX]: TypeScript parameter property is not supported in strip-only mode
    at parseTypeScript (node:internal/modules/typescript:57:40)
    at processTypeScriptCode (node:internal/modules/typescript:129:37)
    at Object.stripTypeScriptModuleTypes (node:internal/modules/typescript:172:22)
    at stripTypeScriptModuleTypes (node:internal/modules/esm/translators:35:49)
    at ModuleLoader.<anonymous> (node:internal/modules/esm/translators:684:29)
    at #translate (node:internal/modules/esm/loader:441:20)
    at afterLoad (node:internal/modules/esm/loader:509:29)
    at ModuleLoader.loadAndTranslate (node:internal/modules/esm/loader:514:12)
    at #getOrCreateModuleJobAfterResolve (node:internal/modules/esm/loader:567:36)
    at afterResolve (node:internal/modules/esm/loader:614:52) {
  code: 'ERR_UNSUPPORTED_TYPESCRIPT_SYNTAX'
}

Node.js v26.10.0
