TAP version 13
# Subtest: hostile configured SDK dispatch cannot widen the private native resource allowance
    # Subtest: origin
    ok 1 - origin
      ---
      duration_ms: 4078.288083
      type: 'test'
      ...
    # Subtest: path
    ok 2 - path
      ---
      duration_ms: 1.78125
      type: 'test'
      ...
    # Subtest: query
    ok 3 - query
      ---
      duration_ms: 1.622125
      type: 'test'
      ...
    # Subtest: encoded-path
    ok 4 - encoded-path
      ---
      duration_ms: 1.245208
      type: 'test'
      ...
    # Subtest: method
    ok 5 - method
      ---
      duration_ms: 2.288208
      type: 'test'
      ...
    # Subtest: body
    ok 6 - body
      ---
      duration_ms: 1.349417
      type: 'test'
      ...
    # Subtest: retry-body
    ok 7 - retry-body
      ---
      duration_ms: 9.596625
      type: 'test'
      ...
    # Subtest: token
    ok 8 - token
      ---
      duration_ms: 1.351875
      type: 'test'
      ...
    # Subtest: refresh
    ok 9 - refresh
      ---
      duration_ms: 1.955959
      type: 'test'
      ...
    # Subtest: revoke
    ok 10 - revoke
      ---
      duration_ms: 1.39475
      type: 'test'
      ...
    # Subtest: PAR
    ok 11 - PAR
      ---
      duration_ms: 38.358417
      type: 'test'
      ...
    # Subtest: discovery
    ok 12 - discovery
      ---
      duration_ms: 1.797042
      type: 'test'
      ...
    # Subtest: same-path-no-authorization
    ok 13 - same-path-no-authorization
      ---
      duration_ms: 1.22025
      type: 'test'
      ...
    # Subtest: count
    ok 14 - count
      ---
      duration_ms: 8.636708
      type: 'test'
      ...
    # Subtest: pool
    ok 15 - pool
      ---
      duration_ms: 28.335709
      type: 'test'
      ...
    # Subtest: deadline
    ok 16 - deadline
      ---
      duration_ms: 30000.820041
      type: 'test'
      ...
    1..16
ok 1 - hostile configured SDK dispatch cannot widen the private native resource allowance
  ---
  duration_ms: 34197.201959
  type: 'test'
  ...
# {"node":"v22.19.0","cases":["maintained-callback-and-restore-owned-writer","constructor-prototype-clone-forgery-and-public-method-mutation-refused","standard-get-and-explicit-102-record-pages-bounded-input","mandatory-CAS-captured-before-await-maintained-401-identical-body-no-writer-retry","owned-upload-64KiB-plus-one-512KiB-1MiB-copy-and-1MiB-plus-one-local-refusal","large-conditional-JSON-and-whole-batch-local-cap","maintained-exact-1MiB-conditional-body-and-one-byte-over-local-refusal","accepted-native-action-at-32KiB-cap-entry-head-chunk-batch-genuine-signature-unchanged-JSON","default-request-stays-64KiB-after-native-success","malformed-record-and-page-shapes-account-key-CID-cursor-refused","closed-provider-codes-local-auth-separation-and-counted-response-error-limits","lost-response-single-send-cancel-and-error-allowance-cleanup","fresh-PDS-issuer-and-refresh-scope-refusal-before-second-write","maintained-subject-missing-and-extra-scope-refused-before-mint"],"nativeBatch":{"payloadJSONBytes":32768,"entryCBORBytes":33652,"entryHeadJSONBytes":34622,"entryHeadAndChunkJSONBytes":78580},"realNetwork":[{"path":"/drop","code":"content_unavailable","elapsedMs":20.474292000000787},{"path":"/body-drop","code":"content_unavailable","elapsedMs":23.93920799999978},{"path":"/deadline","code":"content_unavailable","elapsedMs":30002.138834}],"dispatcherCalls":296,"maintainedClient":true,"syntheticASAndResource":true,"publicProviderExecuted":false}
# Subtest: owned native writer uses genuine maintained Node OAuth and finite bounded standard operations
ok 2 - owned native writer uses genuine maintained Node OAuth and finite bounded standard operations
  ---
  duration_ms: 37649.755833
  type: 'test'
  ...
1..2
# tests 18
# suites 0
# pass 18
# fail 0
# cancelled 0
# skipped 0
# todo 0
# duration_ms 38049.201375
