▶ hostile configured SDK dispatch cannot widen the private native resource allowance
  ✔ origin (609.922875ms)
  ✔ path (0.652875ms)
  ✔ query (0.56775ms)
  ✔ encoded-path (0.408459ms)
  ✔ method (0.464167ms)
  ✔ body (0.510291ms)
  ✔ retry-body (3.424458ms)
  ✔ token (0.441625ms)
  ✔ refresh (0.4435ms)
  ✔ revoke (0.453125ms)
  ✔ PAR (0.373875ms)
  ✔ discovery (0.409791ms)
  ✔ same-path-no-authorization (0.343833ms)
  ✔ count (3.013833ms)
  ✔ pool (10.7855ms)
  ✔ deadline (30001.923458ms)
✔ hostile configured SDK dispatch cannot widen the private native resource allowance (30635.175ms)
{"node":"v26.10.0","cases":["maintained-callback-and-restore-owned-writer","constructor-prototype-clone-forgery-and-public-method-mutation-refused","standard-get-and-explicit-102-record-pages-bounded-input","mandatory-CAS-captured-before-await-maintained-401-identical-body-no-writer-retry","owned-upload-64KiB-plus-one-512KiB-1MiB-copy-and-1MiB-plus-one-local-refusal","large-conditional-JSON-and-whole-batch-local-cap","maintained-exact-1MiB-conditional-body-and-one-byte-over-local-refusal","accepted-native-action-at-32KiB-cap-entry-head-chunk-batch-genuine-signature-unchanged-JSON","default-request-stays-64KiB-after-native-success","malformed-record-and-page-shapes-account-key-CID-cursor-refused","closed-provider-codes-local-auth-separation-and-counted-response-error-limits","lost-response-single-send-cancel-and-error-allowance-cleanup","fresh-PDS-issuer-and-refresh-scope-refusal-before-second-write","maintained-subject-missing-and-extra-scope-refused-before-mint"],"nativeBatch":{"payloadJSONBytes":32768,"entryCBORBytes":33652,"entryHeadJSONBytes":34622,"entryHeadAndChunkJSONBytes":78580},"realNetwork":[{"path":"/drop","code":"content_unavailable","elapsedMs":9.500958000000082},{"path":"/body-drop","code":"content_unavailable","elapsedMs":15.817000000000007},{"path":"/deadline","code":"content_unavailable","elapsedMs":30000.249333}],"dispatcherCalls":296,"maintainedClient":true,"syntheticASAndResource":true,"publicProviderExecuted":false}
✔ owned native writer uses genuine maintained Node OAuth and finite bounded standard operations (31045.665709ms)
ℹ tests 18
ℹ suites 0
ℹ pass 18
ℹ fail 0
ℹ cancelled 0
ℹ skipped 0
ℹ todo 0
ℹ duration_ms 31129.513
