/private/tmp/atseq-native-account-writer-aw-f2-20261002/src/protocol/oauth.ts:82
  return new AtseqError('input', 'OAuth operation failed');
         ^

AtseqError: OAuth operation failed
    at operationFailure (/private/tmp/atseq-native-account-writer-aw-f2-20261002/src/protocol/oauth.ts:82:10)
    at <anonymous> (/private/tmp/atseq-native-account-writer-aw-f2-20261002/src/protocol/oauth.ts:361:15)
    at process.processTicksAndRejections (node:internal/process/task_queues:104:5)
    at async OAuthAdapter.lock (/private/tmp/atseq-native-account-writer-aw-f2-20261002/src/host/oauth-adapter.ts:29:14)
    at async PdsOperations.request (/private/tmp/atseq-native-account-writer-aw-f2-20261002/src/transport/pds-operations.ts:71:17)
    at async <anonymous> (/private/tmp/atseq-native-account-writer-aw-f2-20261002/src/transport/native-account-writer.ts:167:21)
    at async NativeAccountWriter.#reply (/private/tmp/atseq-native-account-writer-aw-f2-20261002/src/transport/native-account-writer.ts:102:14)
    at async runNativeWriterCorpus (/private/tmp/atseq-native-account-writer-aw-f2-20261002/tests/support/native-account-writer-corpus.ts:101:3)
    at async <anonymous> (/private/tmp/atseq-native-account-writer-aw-f2-20261002/tests/support/native-account-writer-node-probe.ts:13:15) {
  code: 'input',
  kind: 'invalid_input'
}

Node.js v26.10.0
✖ owned native writer uses genuine maintained Node OAuth and finite bounded standard operations (1708.937208ms)
ℹ tests 1
ℹ suites 0
ℹ pass 0
ℹ fail 1
ℹ cancelled 0
ℹ skipped 0
ℹ todo 0
ℹ duration_ms 1854.114625

✖ failing tests:

test at tests/native-account-writer.test.ts:1:113
✖ owned native writer uses genuine maintained Node OAuth and finite bounded standard operations (1708.937208ms)
  Error: Command failed: /opt/homebrew/Cellar/node/26.10.0_1/bin/node --conditions=atseq-source --import tsx tests/support/native-account-writer-node-probe.ts
  /private/tmp/atseq-native-account-writer-aw-f2-20261002/src/protocol/oauth.ts:82
    return new AtseqError('input', 'OAuth operation failed');
           ^
  
  AtseqError: OAuth operation failed
      at operationFailure (/private/tmp/atseq-native-account-writer-aw-f2-20261002/src/protocol/oauth.ts:82:10)
      at <anonymous> (/private/tmp/atseq-native-account-writer-aw-f2-20261002/src/protocol/oauth.ts:361:15)
      at process.processTicksAndRejections (node:internal/process/task_queues:104:5)
      at async OAuthAdapter.lock (/private/tmp/atseq-native-account-writer-aw-f2-20261002/src/host/oauth-adapter.ts:29:14)
      at async PdsOperations.request (/private/tmp/atseq-native-account-writer-aw-f2-20261002/src/transport/pds-operations.ts:71:17)
      at async <anonymous> (/private/tmp/atseq-native-account-writer-aw-f2-20261002/src/transport/native-account-writer.ts:167:21)
      at async NativeAccountWriter.#reply (/private/tmp/atseq-native-account-writer-aw-f2-20261002/src/transport/native-account-writer.ts:102:14)
      at async runNativeWriterCorpus (/private/tmp/atseq-native-account-writer-aw-f2-20261002/tests/support/native-account-writer-corpus.ts:101:3)
      at async <anonymous> (/private/tmp/atseq-native-account-writer-aw-f2-20261002/tests/support/native-account-writer-node-probe.ts:13:15) {
    code: 'input',
    kind: 'invalid_input'
  }
  
  Node.js v26.10.0
  
      at genericNodeError (node:internal/errors:999:15)
      at wrappedFn (node:internal/errors:544:14)
      at checkExecSyncError (node:child_process:943:11)
      at execFileSync (node:child_process:979:15)
      at TestContext.<anonymous> (/private/tmp/atseq-native-account-writer-aw-f2-20261002/tests/native-account-writer.test.ts:6:15)
      at Test.runInAsyncScope (node:async_hooks:226:14)
      at Test.run (node:internal/test_runner/test:1402:25)
      at Test.start (node:internal/test_runner/test:1262:17)
      at startSubtestAfterBootstrap (node:internal/test_runner/harness:387:17) {
    status: 1,
    signal: null,
    output: [ null, '', "/private/tmp/atseq-native-account-writer-aw-f2-20261002/src/protocol/oauth.ts:82\n  return new AtseqError('input', 'OAuth operation failed');\n         ^\n\nAtseqError: OAuth operation failed\n    at operationFailure (/private/tmp/atseq-native-account-writer-aw-f2-20261002/src/protocol/oauth.ts:82:10)\n    at <anonymous> (/private/tmp/atseq-native-account-writer-aw-f2-20261002/src/protocol/oauth.ts:361:15)\n    at process.processTicksAndRejections (node:internal/process/task_queues:104:5)\n    at async OAuthAdapter.lock (/private/tmp/atseq-native-account-writer-aw-f2-20261002/src/host/oauth-adapter.ts:29:14)\n    at async PdsOperations.request (/private/tmp/atseq-native-account-writer-aw-f2-20261002/src/transport/pds-operations.ts:71:17)\n    at async <anonymous> (/private/tmp/atseq-native-account-writer-aw-f2-20261002/src/transport/native-account-writer.ts:167:21)\n    at async NativeAccountWriter.#reply (/private/tmp/atseq-native-account-writer-aw-f2-20261002/src/transport/native-account-writer.ts:102:14)\n    at async runNativeWriterCorpus (/private/tmp/atseq-native-account-writer-aw-f2-20261002/tests/support/native-account-writer-corpus.ts:101:3)\n    at async <anonymous> (/private/tmp/atseq-native-account-writer-aw-f2-20261002/tests/support/native-account-writer-node-probe.ts:13:15) {\n  code: 'input',\n  kind: 'invalid_input'\n}\n\nNode.js v26.10.0\n" ],
    pid: 1739,
    stdout: '',
    stderr: "/private/tmp/atseq-native-account-writer-aw-f2-20261002/src/protocol/oauth.ts:82\n  return new AtseqError('input', 'OAuth operation failed');\n         ^\n\nAtseqError: OAuth operation failed\n    at operationFailure (/private/tmp/atseq-native-account-writer-aw-f2-20261002/src/protocol/oauth.ts:82:10)\n    at <anonymous> (/private/tmp/atseq-native-account-writer-aw-f2-20261002/src/protocol/oauth.ts:361:15)\n    at process.processTicksAndRejections (node:internal/process/task_queues:104:5)\n    at async OAuthAdapter.lock (/private/tmp/atseq-native-account-writer-aw-f2-20261002/src/host/oauth-adapter.ts:29:14)\n    at async PdsOperations.request (/private/tmp/atseq-native-account-writer-aw-f2-20261002/src/transport/pds-operations.ts:71:17)\n    at async <anonymous> (/private/tmp/atseq-native-account-writer-aw-f2-20261002/src/transport/native-account-writer.ts:167:21)\n    at async NativeAccountWriter.#reply (/private/tmp/atseq-native-account-writer-aw-f2-20261002/src/transport/native-account-writer.ts:102:14)\n    at async runNativeWriterCorpus (/private/tmp/atseq-native-account-writer-aw-f2-20261002/tests/support/native-account-writer-corpus.ts:101:3)\n    at async <anonymous> (/private/tmp/atseq-native-account-writer-aw-f2-20261002/tests/support/native-account-writer-node-probe.ts:13:15) {\n  code: 'input',\n  kind: 'invalid_input'\n}\n\nNode.js v26.10.0\n"
  }
