/private/tmp/atseq-native-account-writer-aw-f2-20261002/src/transport/native-account-writer.ts:38
    throw new PdsError(502, 'InvalidResponse');
          ^

PdsError: PDS 502: InvalidResponse
    at cid (/private/tmp/atseq-native-account-writer-aw-f2-20261002/src/transport/native-account-writer.ts:38:11)
    at <anonymous> (/private/tmp/atseq-native-account-writer-aw-f2-20261002/src/transport/native-account-writer.ts:174:7)
    at process.processTicksAndRejections (node:internal/process/task_queues:104:5)
    at async NativeAccountWriter.#reply (/private/tmp/atseq-native-account-writer-aw-f2-20261002/src/transport/native-account-writer.ts:92:14)
    at async runNativeWriterCorpus (/private/tmp/atseq-native-account-writer-aw-f2-20261002/tests/support/native-account-writer-corpus.ts:93:18)
    at async <anonymous> (/private/tmp/atseq-native-account-writer-aw-f2-20261002/tests/support/native-account-writer-node-probe.ts:13:15) {
  status: 502,
  code: 'InvalidResponse'
}

Node.js v26.10.0
✖ owned native writer uses genuine maintained Node OAuth and finite bounded standard operations (2744.712541ms)
ℹ tests 1
ℹ suites 0
ℹ pass 0
ℹ fail 1
ℹ cancelled 0
ℹ skipped 0
ℹ todo 0
ℹ duration_ms 3111.607959

✖ failing tests:

test at tests/native-account-writer.test.ts:1:113
✖ owned native writer uses genuine maintained Node OAuth and finite bounded standard operations (2744.712541ms)
  Error: Command failed: /opt/homebrew/Cellar/node/26.10.0_1/bin/node --conditions=atseq-source --import tsx tests/support/native-account-writer-node-probe.ts
  /private/tmp/atseq-native-account-writer-aw-f2-20261002/src/transport/native-account-writer.ts:38
      throw new PdsError(502, 'InvalidResponse');
            ^
  
  PdsError: PDS 502: InvalidResponse
      at cid (/private/tmp/atseq-native-account-writer-aw-f2-20261002/src/transport/native-account-writer.ts:38:11)
      at <anonymous> (/private/tmp/atseq-native-account-writer-aw-f2-20261002/src/transport/native-account-writer.ts:174:7)
      at process.processTicksAndRejections (node:internal/process/task_queues:104:5)
      at async NativeAccountWriter.#reply (/private/tmp/atseq-native-account-writer-aw-f2-20261002/src/transport/native-account-writer.ts:92:14)
      at async runNativeWriterCorpus (/private/tmp/atseq-native-account-writer-aw-f2-20261002/tests/support/native-account-writer-corpus.ts:93:18)
      at async <anonymous> (/private/tmp/atseq-native-account-writer-aw-f2-20261002/tests/support/native-account-writer-node-probe.ts:13:15) {
    status: 502,
    code: 'InvalidResponse'
  }
  
  Node.js v26.10.0
  
      at genericNodeError (node:internal/errors:999:15)
      at wrappedFn (node:internal/errors:544:14)
      at checkExecSyncError (node:child_process:943:11)
      at execFileSync (node:child_process:979:15)
      at TestContext.<anonymous> (/private/tmp/atseq-native-account-writer-aw-f2-20261002/tests/native-account-writer.test.ts:6:15)
      at Test.runInAsyncScope (node:async_hooks:226:14)
      at Test.run (node:internal/test_runner/test:1402:25)
      at Test.start (node:internal/test_runner/test:1262:17)
      at startSubtestAfterBootstrap (node:internal/test_runner/harness:387:17) {
    status: 1,
    signal: null,
    output: [ null, '', "/private/tmp/atseq-native-account-writer-aw-f2-20261002/src/transport/native-account-writer.ts:38\n    throw new PdsError(502, 'InvalidResponse');\n          ^\n\nPdsError: PDS 502: InvalidResponse\n    at cid (/private/tmp/atseq-native-account-writer-aw-f2-20261002/src/transport/native-account-writer.ts:38:11)\n    at <anonymous> (/private/tmp/atseq-native-account-writer-aw-f2-20261002/src/transport/native-account-writer.ts:174:7)\n    at process.processTicksAndRejections (node:internal/process/task_queues:104:5)\n    at async NativeAccountWriter.#reply (/private/tmp/atseq-native-account-writer-aw-f2-20261002/src/transport/native-account-writer.ts:92:14)\n    at async runNativeWriterCorpus (/private/tmp/atseq-native-account-writer-aw-f2-20261002/tests/support/native-account-writer-corpus.ts:93:18)\n    at async <anonymous> (/private/tmp/atseq-native-account-writer-aw-f2-20261002/tests/support/native-account-writer-node-probe.ts:13:15) {\n  status: 502,\n  code: 'InvalidResponse'\n}\n\nNode.js v26.10.0\n" ],
    pid: 70324,
    stdout: '',
    stderr: "/private/tmp/atseq-native-account-writer-aw-f2-20261002/src/transport/native-account-writer.ts:38\n    throw new PdsError(502, 'InvalidResponse');\n          ^\n\nPdsError: PDS 502: InvalidResponse\n    at cid (/private/tmp/atseq-native-account-writer-aw-f2-20261002/src/transport/native-account-writer.ts:38:11)\n    at <anonymous> (/private/tmp/atseq-native-account-writer-aw-f2-20261002/src/transport/native-account-writer.ts:174:7)\n    at process.processTicksAndRejections (node:internal/process/task_queues:104:5)\n    at async NativeAccountWriter.#reply (/private/tmp/atseq-native-account-writer-aw-f2-20261002/src/transport/native-account-writer.ts:92:14)\n    at async runNativeWriterCorpus (/private/tmp/atseq-native-account-writer-aw-f2-20261002/tests/support/native-account-writer-corpus.ts:93:18)\n    at async <anonymous> (/private/tmp/atseq-native-account-writer-aw-f2-20261002/tests/support/native-account-writer-node-probe.ts:13:15) {\n  status: 502,\n  code: 'InvalidResponse'\n}\n\nNode.js v26.10.0\n"
  }
