✘ [ERROR] Could not resolve "file:///private/tmp/atseq-native-account-writer-aw-f2-20261002/dist/src/browser/oauth-loader.js"

    .atseq-local/writer-compiled-c778-node26/tests/support/native-account-writer-browser-probe.js:1:40:
      1 │ ...ter } from "file:///private/tmp/atseq-native-account-writer-aw-f...
        ╵               ~~~~~~~~~~~~~~~~~~~~~~~~~~~~~~~~~~~~~~~~~~~~~~~~~~~~~

  You can mark the path "file:///private/tmp/atseq-native-account-writer-aw-f2-20261002/dist/src/browser/oauth-loader.js" as external to exclude it from the bundle, which will remove this error and leave the unresolved path in the bundle.

✘ [ERROR] Could not resolve "file:///private/tmp/atseq-native-account-writer-aw-f2-20261002/dist/src/transport/native-account-writer.js"

    .atseq-local/writer-compiled-c778-node26/tests/support/native-account-writer-browser-probe.js:2:36:
      2 │ ...ter } from "file:///private/tmp/atseq-native-account-writer-aw-f...
        ╵               ~~~~~~~~~~~~~~~~~~~~~~~~~~~~~~~~~~~~~~~~~~~~~~~~~~~~~

  You can mark the path "file:///private/tmp/atseq-native-account-writer-aw-f2-20261002/dist/src/transport/native-account-writer.js" as external to exclude it from the bundle, which will remove this error and leave the unresolved path in the bundle.

✘ [ERROR] Could not resolve "file:///private/tmp/atseq-native-account-writer-aw-f2-20261002/dist/src/protocol/oauth.js"

    .atseq-local/writer-compiled-c778-node26/tests/support/native-account-writer-browser-probe.js:3:35:
      3 │ ...dle } from "file:///private/tmp/atseq-native-account-writer-aw-f...
        ╵               ~~~~~~~~~~~~~~~~~~~~~~~~~~~~~~~~~~~~~~~~~~~~~~~~~~~~~

  You can mark the path "file:///private/tmp/atseq-native-account-writer-aw-f2-20261002/dist/src/protocol/oauth.js" as external to exclude it from the bundle, which will remove this error and leave the unresolved path in the bundle.

✘ [ERROR] Could not resolve "file:///private/tmp/atseq-native-account-writer-aw-f2-20261002/.atseq-local/writer-compiled-c778-node26/tests/support/oauth-fixture.js"

    .atseq-local/writer-compiled-c778-node26/tests/support/native-account-writer-browser-probe.js:4:69:
      4 │ ...ata } from "file:///private/tmp/atseq-native-account-writer-aw-f...
        ╵               ~~~~~~~~~~~~~~~~~~~~~~~~~~~~~~~~~~~~~~~~~~~~~~~~~~~~~

  You can mark the path "file:///private/tmp/atseq-native-account-writer-aw-f2-20261002/.atseq-local/writer-compiled-c778-node26/tests/support/oauth-fixture.js" as external to exclude it from the bundle, which will remove this error and leave the unresolved path in the bundle.

✘ [ERROR] Could not resolve "file:///private/tmp/atseq-native-account-writer-aw-f2-20261002/.atseq-local/writer-compiled-c778-node26/tests/support/native-account-writer-fixture.js"

    .atseq-local/writer-compiled-c778-node26/tests/support/native-account-writer-browser-probe.js:5:34:
      5 │ ...ION } from "file:///private/tmp/atseq-native-account-writer-aw-f...
        ╵               ~~~~~~~~~~~~~~~~~~~~~~~~~~~~~~~~~~~~~~~~~~~~~~~~~~~~~

  You can mark the path "file:///private/tmp/atseq-native-account-writer-aw-f2-20261002/.atseq-local/writer-compiled-c778-node26/tests/support/native-account-writer-fixture.js" as external to exclude it from the bundle, which will remove this error and leave the unresolved path in the bundle.

✖ Chromium native writer uses maintained browser OAuth and actual guarded fetch with bounded custody (8.340083ms)
ℹ tests 1
ℹ suites 0
ℹ pass 0
ℹ fail 1
ℹ cancelled 0
ℹ skipped 0
ℹ todo 0
ℹ duration_ms 228.226084

✖ failing tests:

test at .atseq-local/writer-compiled-c778-node26/tests/native-account-writer-browser.test.js:8:1
✖ Chromium native writer uses maintained browser OAuth and actual guarded fetch with bounded custody (8.340083ms)
  Error: Build failed with 5 errors:
  .atseq-local/writer-compiled-c778-node26/tests/support/native-account-writer-browser-probe.js:1:40: ERROR: Could not resolve "file:///private/tmp/atseq-native-account-writer-aw-f2-20261002/dist/src/browser/oauth-loader.js"
  .atseq-local/writer-compiled-c778-node26/tests/support/native-account-writer-browser-probe.js:2:36: ERROR: Could not resolve "file:///private/tmp/atseq-native-account-writer-aw-f2-20261002/dist/src/transport/native-account-writer.js"
  .atseq-local/writer-compiled-c778-node26/tests/support/native-account-writer-browser-probe.js:3:35: ERROR: Could not resolve "file:///private/tmp/atseq-native-account-writer-aw-f2-20261002/dist/src/protocol/oauth.js"
  .atseq-local/writer-compiled-c778-node26/tests/support/native-account-writer-browser-probe.js:4:69: ERROR: Could not resolve "file:///private/tmp/atseq-native-account-writer-aw-f2-20261002/.atseq-local/writer-compiled-c778-node26/tests/support/oauth-fixture.js"
  .atseq-local/writer-compiled-c778-node26/tests/support/native-account-writer-browser-probe.js:5:34: ERROR: Could not resolve "file:///private/tmp/atseq-native-account-writer-aw-f2-20261002/.atseq-local/writer-compiled-c778-node26/tests/support/native-account-writer-fixture.js"
      at failureErrorWithLog (/private/tmp/atseq-native-account-writer-aw-f2-20261002/node_modules/esbuild/lib/main.js:1752:15)
      at /private/tmp/atseq-native-account-writer-aw-f2-20261002/node_modules/esbuild/lib/main.js:1211:25
      at /private/tmp/atseq-native-account-writer-aw-f2-20261002/node_modules/esbuild/lib/main.js:1163:52
      at buildResponseToResult (/private/tmp/atseq-native-account-writer-aw-f2-20261002/node_modules/esbuild/lib/main.js:1209:7)
      at /private/tmp/atseq-native-account-writer-aw-f2-20261002/node_modules/esbuild/lib/main.js:1236:16
      at responseCallbacks.<computed> (/private/tmp/atseq-native-account-writer-aw-f2-20261002/node_modules/esbuild/lib/main.js:886:9)
      at handleIncomingPacket (/private/tmp/atseq-native-account-writer-aw-f2-20261002/node_modules/esbuild/lib/main.js:941:12)
      at Socket.readFromStdout (/private/tmp/atseq-native-account-writer-aw-f2-20261002/node_modules/esbuild/lib/main.js:864:7)
      at Socket.emit (node:events:514:20)
      at addChunk (node:internal/streams/readable:576:12) {
    errors: [ { detail: undefined, id: '', location: [Object], notes: [Array], pluginName: '', text: 'Could not resolve "file:///private/tmp/atseq-native-account-writer-aw-f2-20261002/dist/src/browser/oauth-loader.js"' }, { detail: undefined, id: '', location: [Object], notes: [Array], pluginName: '', text: 'Could not resolve "file:///private/tmp/atseq-native-account-writer-aw-f2-20261002/dist/src/transport/native-account-writer.js"' }, { detail: undefined, id: '', location: [Object], notes: [Array], pluginName: '', text: 'Could not resolve "file:///private/tmp/atseq-native-account-writer-aw-f2-20261002/dist/src/protocol/oauth.js"' }, { detail: undefined, id: '', location: [Object], notes: [Array], pluginName: '', text: 'Could not resolve "file:///private/tmp/atseq-native-account-writer-aw-f2-20261002/.atseq-local/writer-compiled-c778-node26/tests/support/oauth-fixture.js"' }, { detail: undefined, id: '', location: [Object], notes: [Array], pluginName: '', text: 'Could not resolve "file:///private/tmp/atseq-native-account-writer-aw-f2-20261002/.atseq-local/writer-compiled-c778-node26/tests/support/native-account-writer-fixture.js"' } ],
    warnings: []
  }
