/private/tmp/atseq-native-account-writer-aw-f2-20261002/src/core/values.ts:25
    if (bytes > maxBytes) throw new InterpretationError('value_bytes', `Value exceeds ${maxBytes} UTF-8 bytes`);
                                ^

InterpretationError: Value exceeds 32768 UTF-8 bytes
    at token (/private/tmp/atseq-native-account-writer-aw-f2-20261002/src/core/values.ts:25:33)
    at walk (/private/tmp/atseq-native-account-writer-aw-f2-20261002/src/core/values.ts:37:14)
    at walk (/private/tmp/atseq-native-account-writer-aw-f2-20261002/src/core/values.ts:78:31)
    at canonicalJson (/private/tmp/atseq-native-account-writer-aw-f2-20261002/src/core/values.ts:86:10)
    at readNativeValue (/private/tmp/atseq-native-account-writer-aw-f2-20261002/src/protocol/native-wire.ts:359:7)
    at readNativeValue (/private/tmp/atseq-native-account-writer-aw-f2-20261002/src/protocol/native-wire.ts:349:13)
    at async signNativeIntent (/private/tmp/atseq-native-account-writer-aw-f2-20261002/src/protocol/native-wire.ts:558:18)
    at async nearCapNativeBatch (/private/tmp/atseq-native-account-writer-aw-f2-20261002/tests/support/native-account-writer-near-cap.ts:13:19)
    at async runNativeWriterCorpus (/private/tmp/atseq-native-account-writer-aw-f2-20261002/tests/support/native-account-writer-corpus.ts:125:18)
    at async <anonymous> (/private/tmp/atseq-native-account-writer-aw-f2-20261002/tests/support/native-account-writer-node-probe.ts:13:15) {
  code: 'value_bytes',
  kind: 'invalid_input'
}

Node.js v26.10.0
✖ owned native writer uses genuine maintained Node OAuth and finite bounded standard operations (1332.463ms)
ℹ tests 1
ℹ suites 0
ℹ pass 0
ℹ fail 1
ℹ cancelled 0
ℹ skipped 0
ℹ todo 0
ℹ duration_ms 1599.074

✖ failing tests:

test at tests/native-account-writer.test.ts:1:113
✖ owned native writer uses genuine maintained Node OAuth and finite bounded standard operations (1332.463ms)
  Error: Command failed: /opt/homebrew/Cellar/node/26.10.0_1/bin/node --conditions=atseq-source --import tsx tests/support/native-account-writer-node-probe.ts
  /private/tmp/atseq-native-account-writer-aw-f2-20261002/src/core/values.ts:25
      if (bytes > maxBytes) throw new InterpretationError('value_bytes', `Value exceeds ${maxBytes} UTF-8 bytes`);
                                  ^
  
  InterpretationError: Value exceeds 32768 UTF-8 bytes
      at token (/private/tmp/atseq-native-account-writer-aw-f2-20261002/src/core/values.ts:25:33)
      at walk (/private/tmp/atseq-native-account-writer-aw-f2-20261002/src/core/values.ts:37:14)
      at walk (/private/tmp/atseq-native-account-writer-aw-f2-20261002/src/core/values.ts:78:31)
      at canonicalJson (/private/tmp/atseq-native-account-writer-aw-f2-20261002/src/core/values.ts:86:10)
      at readNativeValue (/private/tmp/atseq-native-account-writer-aw-f2-20261002/src/protocol/native-wire.ts:359:7)
      at readNativeValue (/private/tmp/atseq-native-account-writer-aw-f2-20261002/src/protocol/native-wire.ts:349:13)
      at async signNativeIntent (/private/tmp/atseq-native-account-writer-aw-f2-20261002/src/protocol/native-wire.ts:558:18)
      at async nearCapNativeBatch (/private/tmp/atseq-native-account-writer-aw-f2-20261002/tests/support/native-account-writer-near-cap.ts:13:19)
      at async runNativeWriterCorpus (/private/tmp/atseq-native-account-writer-aw-f2-20261002/tests/support/native-account-writer-corpus.ts:125:18)
      at async <anonymous> (/private/tmp/atseq-native-account-writer-aw-f2-20261002/tests/support/native-account-writer-node-probe.ts:13:15) {
    code: 'value_bytes',
    kind: 'invalid_input'
  }
  
  Node.js v26.10.0
  
      at genericNodeError (node:internal/errors:999:15)
      at wrappedFn (node:internal/errors:544:14)
      at checkExecSyncError (node:child_process:943:11)
      at execFileSync (node:child_process:979:15)
      at TestContext.<anonymous> (/private/tmp/atseq-native-account-writer-aw-f2-20261002/tests/native-account-writer.test.ts:6:15)
      at Test.runInAsyncScope (node:async_hooks:226:14)
      at Test.run (node:internal/test_runner/test:1402:25)
      at Test.start (node:internal/test_runner/test:1262:17)
      at startSubtestAfterBootstrap (node:internal/test_runner/harness:387:17) {
    status: 1,
    signal: null,
    output: [ null, '', "/private/tmp/atseq-native-account-writer-aw-f2-20261002/src/core/values.ts:25\n    if (bytes > maxBytes) throw new InterpretationError('value_bytes', `Value exceeds ${maxBytes} UTF-8 bytes`);\n                                ^\n\nInterpretationError: Value exceeds 32768 UTF-8 bytes\n    at token (/private/tmp/atseq-native-account-writer-aw-f2-20261002/src/core/values.ts:25:33)\n    at walk (/private/tmp/atseq-native-account-writer-aw-f2-20261002/src/core/values.ts:37:14)\n    at walk (/private/tmp/atseq-native-account-writer-aw-f2-20261002/src/core/values.ts:78:31)\n    at canonicalJson (/private/tmp/atseq-native-account-writer-aw-f2-20261002/src/core/values.ts:86:10)\n    at readNativeValue (/private/tmp/atseq-native-account-writer-aw-f2-20261002/src/protocol/native-wire.ts:359:7)\n    at readNativeValue (/private/tmp/atseq-native-account-writer-aw-f2-20261002/src/protocol/native-wire.ts:349:13)\n    at async signNativeIntent (/private/tmp/atseq-native-account-writer-aw-f2-20261002/src/protocol/native-wire.ts:558:18)\n    at async nearCapNativeBatch (/private/tmp/atseq-native-account-writer-aw-f2-20261002/tests/support/native-account-writer-near-cap.ts:13:19)\n    at async runNativeWriterCorpus (/private/tmp/atseq-native-account-writer-aw-f2-20261002/tests/support/native-account-writer-corpus.ts:125:18)\n    at async <anonymous> (/private/tmp/atseq-native-account-writer-aw-f2-20261002/tests/support/native-account-writer-node-probe.ts:13:15) {\n  code: 'value_bytes',\n  kind: 'invalid_input'\n}\n\nNode.js v26.10.0\n" ],
    pid: 5817,
    stdout: '',
    stderr: "/private/tmp/atseq-native-account-writer-aw-f2-20261002/src/core/values.ts:25\n    if (bytes > maxBytes) throw new InterpretationError('value_bytes', `Value exceeds ${maxBytes} UTF-8 bytes`);\n                                ^\n\nInterpretationError: Value exceeds 32768 UTF-8 bytes\n    at token (/private/tmp/atseq-native-account-writer-aw-f2-20261002/src/core/values.ts:25:33)\n    at walk (/private/tmp/atseq-native-account-writer-aw-f2-20261002/src/core/values.ts:37:14)\n    at walk (/private/tmp/atseq-native-account-writer-aw-f2-20261002/src/core/values.ts:78:31)\n    at canonicalJson (/private/tmp/atseq-native-account-writer-aw-f2-20261002/src/core/values.ts:86:10)\n    at readNativeValue (/private/tmp/atseq-native-account-writer-aw-f2-20261002/src/protocol/native-wire.ts:359:7)\n    at readNativeValue (/private/tmp/atseq-native-account-writer-aw-f2-20261002/src/protocol/native-wire.ts:349:13)\n    at async signNativeIntent (/private/tmp/atseq-native-account-writer-aw-f2-20261002/src/protocol/native-wire.ts:558:18)\n    at async nearCapNativeBatch (/private/tmp/atseq-native-account-writer-aw-f2-20261002/tests/support/native-account-writer-near-cap.ts:13:19)\n    at async runNativeWriterCorpus (/private/tmp/atseq-native-account-writer-aw-f2-20261002/tests/support/native-account-writer-corpus.ts:125:18)\n    at async <anonymous> (/private/tmp/atseq-native-account-writer-aw-f2-20261002/tests/support/native-account-writer-node-probe.ts:13:15) {\n  code: 'value_bytes',\n  kind: 'invalid_input'\n}\n\nNode.js v26.10.0\n"
  }
