▶ hostile configured SDK dispatch cannot widen the private native resource allowance
  ✔ origin (2066.149292ms)
  ✔ path (0.917334ms)
  ✔ query (1.008875ms)
  ✔ encoded-path (0.540917ms)
  ✔ method (0.622917ms)
  ✔ body (0.677375ms)
  ✔ retry-body (8.598875ms)
  ✔ token (0.559417ms)
  ✔ refresh (0.400417ms)
  ✔ revoke (0.399709ms)
  ✔ PAR (0.3145ms)
  ✔ discovery (0.660375ms)
  ✔ same-path-no-authorization (0.488583ms)
  ✔ count (3.391042ms)
  ✔ pool (15.461959ms)
  ✔ deadline (30000.688167ms)
✔ hostile configured SDK dispatch cannot widen the private native resource allowance (32102.153125ms)
{"node":"v26.10.0","cases":["maintained-callback-and-restore-owned-writer","constructor-prototype-clone-forgery-and-public-method-mutation-refused","standard-get-and-explicit-102-record-pages-bounded-input","mandatory-CAS-captured-before-await-maintained-401-identical-body-no-writer-retry","owned-upload-64KiB-plus-one-512KiB-1MiB-copy-and-1MiB-plus-one-local-refusal","large-conditional-JSON-and-whole-batch-local-cap","maintained-exact-1MiB-conditional-body-and-one-byte-over-local-refusal","accepted-native-action-at-32KiB-cap-entry-head-chunk-batch-genuine-signature-unchanged-JSON","default-request-stays-64KiB-after-native-success","malformed-record-and-page-shapes-account-key-CID-cursor-refused","closed-provider-codes-local-auth-separation-and-counted-response-error-limits","lost-response-single-send-cancel-and-error-allowance-cleanup","fresh-PDS-issuer-and-refresh-scope-refusal-before-second-write","maintained-subject-missing-and-extra-scope-refused-before-mint"],"nativeBatch":{"payloadJSONBytes":32768,"entryCBORBytes":33652,"entryHeadJSONBytes":34622,"entryHeadAndChunkJSONBytes":78580},"realNetwork":[{"path":"/drop","code":"content_unavailable","elapsedMs":11.295250000000124},{"path":"/body-drop","code":"content_unavailable","elapsedMs":16.529124999999567},{"path":"/deadline","code":"content_unavailable","elapsedMs":30000.783042}],"dispatcherCalls":296,"maintainedClient":true,"syntheticASAndResource":true,"publicProviderExecuted":false}
✔ owned native writer uses genuine maintained Node OAuth and finite bounded standard operations (32853.183958ms)
ℹ tests 18
ℹ suites 0
ℹ pass 18
ℹ fail 0
ℹ cancelled 0
ℹ skipped 0
ℹ todo 0
ℹ duration_ms 32986.99125
