TAP version 13
# Subtest: Node resolution consumes stdin payloads larger than 64 KiB
ok 1 - Node resolution consumes stdin payloads larger than 64 KiB
  ---
  duration_ms: 12649.228416
  type: 'test'
  ...
# Subtest: package file patches and unlisted nested resolution fail before interpretation
ok 2 - package file patches and unlisted nested resolution fail before interpretation
  ---
  duration_ms: 24779.495958
  type: 'test'
  ...
# {"node":"v22.19.0","cases":["actual-maintained-PAR-PKCE-DPoP-nonce-refresh-resource-revoke","duplicate-callback-single-exchange","opaque-session-and-adapter-serialization","missing-issuer","oversized-callback","duplicate-issuer","wrong-subject","wrong-scopes","extra-scopes","wrong-callback-issuer","changed-authority","refresh-extra-scopes-before-resource-retry","scope-refusal-before-resource","resource-path-escape","oversized-outgoing-body","caller-aborted-request","unsafe-token-url","oversized-resource","refused-token","refused-refresh","refused-resource","refused-revoke","callback-state-selects-one-of-two-pending-transactions","secret-free-identity-content_unavailable-class","secret-free-identity-origin-class","actual-native-fetch/drop-transient","actual-native-fetch/body-drop-transient","actual-native-fetch/deadline-transient","failed-PAR-state-count-bounded","expired-transaction-before-token-exchange","expired-callback-leaves-later-live-transaction-usable","new-volatile-Node-instance-refuses-abandoned-callback","identity-request-count-budget","identity-cumulative-byte-budget","path-based-issuer-binding-preserved"],"dispatcherCalls":446,"providerSuccess":false,"syntheticOnly":true}
# Subtest: actual Node OAuth adapter uses maintained client, guarded edges, races and private custody
ok 3 - actual Node OAuth adapter uses maintained client, guarded edges, races and private custody
  ---
  duration_ms: 36644.084375
  type: 'test'
  ...
# Subtest: browser-visible OAuth URL policy refuses unsafe schemes, hosts, credentials and fragments
ok 4 - browser-visible OAuth URL policy refuses unsafe schemes, hosts, credentials and fragments
  ---
  duration_ms: 0.490833
  type: 'test'
  ...
# Subtest: storage finalization crossing the network deadline preserves the original work failure
ok 5 - storage finalization crossing the network deadline preserves the original work failure
  ---
  duration_ms: 1115.157208
  type: 'test'
  ...
# Subtest: definitive verification failure retains its class when awaited signout crosses the network deadline
ok 6 - definitive verification failure retains its class when awaited signout crosses the network deadline
  ---
  duration_ms: 0.594334
  type: 'test'
  ...
# {"browser":"153.0.8010.12","syntheticOnly":true,"providerSuccess":false,"crossDocumentOneExchange":true,"twoPendingStateSelection":true,"nativeTransportUnavailable":true,"deterministicHTTPRefusal":true,"reloadRestored":true,"keyProperties":[{"privateExtractable":false,"privateType":"private","publicExtractable":true}],"cookiesSent":0,"isolatedPublisherAndAppOrigin":true}
# Subtest: Chromium exercises maintained OAuth, custody origin, reload, cross-document consume and non-extractable key
ok 7 - Chromium exercises maintained OAuth, custody origin, reload, cross-document consume and non-extractable key
  ---
  duration_ms: 2786.75125
  type: 'test'
  ...
# [{"name":"browser-app","delta":{"raw":90436,"gzip":8971},"metadataRawBytesInOutput":54920,"grouped":{"raw":55001,"gzip":5231,"method":"Separate standalone minified JS array of the same 47 exact manifests; gzip is not an additive contribution in the ordinary bundle"}},{"name":"browser-worker","delta":{"raw":102686,"gzip":10125},"metadataRawBytesInOutput":54920,"grouped":{"raw":55001,"gzip":5231,"method":"Separate standalone minified JS array of the same 47 exact manifests; gzip is not an additive contribution in the ordinary bundle"}},{"name":"portable-verifier","delta":{"raw":90248,"gzip":8710},"metadataRawBytesInOutput":54920,"grouped":{"raw":55001,"gzip":5231,"method":"Separate standalone minified JS array of the same 47 exact manifests; gzip is not an additive contribution in the ordinary bundle"}},{"name":"node-cli-start","delta":{"raw":345573,"gzip":90940},"metadataRawBytesInOutput":54967,"grouped":{"raw":55001,"gzip":5231,"method":"Separate standalone minified JS array of the same 47 exact manifests; gzip is not an additive contribution in the ordinary bundle"}},{"name":"node-host-start","delta":{"raw":333325,"gzip":90523},"metadataRawBytesInOutput":54967,"grouped":{"raw":55001,"gzip":5231,"method":"Separate standalone minified JS array of the same 47 exact manifests; gzip is not an additive contribution in the ordinary bundle"}}]
# Subtest: actual ordinary browser/verifier/Node start graphs retain only added OAuth manifests, never executable modules
ok 8 - actual ordinary browser/verifier/Node start graphs retain only added OAuth manifests, never executable modules
  ---
  duration_ms: 7431.263458
  type: 'test'
  ...
# [{"platform":"browser","dynamicImports":2,"chunks":[{"path":"oauth-loader.js","rawBytes":213,"gzipBytes":182},{"path":"dist-PBJBG52W.js","rawBytes":254159,"gzipBytes":69393},{"path":"oauth-adapter-I7IIX3C2.js","rawBytes":100163,"gzipBytes":25016},{"path":"chunk-C7IDU5NN.js","rawBytes":414610,"gzipBytes":82220},{"path":"chunk-OOJM4CTU.js","rawBytes":638,"gzipBytes":388}]},{"platform":"node","dynamicImports":2,"chunks":[{"path":"oauth-loader.js","rawBytes":207,"gzipBytes":181},{"path":"dist-BWVBLADZ.js","rawBytes":242020,"gzipBytes":67441},{"path":"oauth-adapter-LAPDJ4KF.js","rawBytes":90796,"gzipBytes":22446},{"path":"chunk-3PPTV3RF.js","rawBytes":8311330,"gzipBytes":2119794},{"path":"chunk-2SEI3BXJ.js","rawBytes":1521386,"gzipBytes":480596},{"path":"chunk-IYWUY3VA.js","rawBytes":894,"gzipBytes":506}]}]
# Subtest: OAuth enrolment loaders retain a dynamic adapter/client chunk boundary
ok 9 - OAuth enrolment loaders retain a dynamic adapter/client chunk boundary
  ---
  duration_ms: 2522.34925
  type: 'test'
  ...
# {"case":"actual-bfcache-housekeeping","chromium":"153.0.8010.12","compiled":false,"nativeTLS":true,"requestInterception":false,"restorations":3,"initial":{"instance":"81cc8db2-2319-42c2-82ac-941e6575d903","events":[{"event":"pageshow","persisted":false}],"activeTimers":1,"fires":0},"final":{"instance":"81cc8db2-2319-42c2-82ac-941e6575d903","events":[{"event":"pageshow","persisted":false},{"event":"pagehide","persisted":true},{"event":"pageshow","persisted":true},{"event":"pagehide","persisted":true},{"event":"pageshow","persisted":true},{"event":"pagehide","persisted":true},{"event":"pageshow","persisted":true}],"activeTimers":1,"fires":1},"actualMinuteTimerFired":true,"idleReservedRowsPurged":true,"providerSuccess":false}
# Subtest: actual BFCache restores exactly one custody timer, which performs idle cleanup after repeated restores
ok 10 - actual BFCache restores exactly one custody timer, which performs idle cleanup after repeated restores
  ---
  duration_ms: 62164.664542
  type: 'test'
  ...
# {"custodyCase":"counts-consent-expiry","pendingCap":10,"accountCap":10,"onePendingPerDid":true,"refreshDoesNotExtendConsent":true,"expiredNeverRefreshes":true}
# Subtest: owned custody atomic counts, one pending per DID, expiry, and fixed consent lifetime
ok 11 - owned custody atomic counts, one pending per DID, expiry, and fixed consent lifetime
  ---
  duration_ms: 2225.209625
  type: 'test'
  ...
# {"custodyCase":"actual-write-abort","callbackAndRefreshRejected":true,"selectedSdkRevocation":true,"localPurge":true}
# Subtest: actual IDB session abort propagates and selected SDK revokes new refresh token
ok 12 - actual IDB session abort propagates and selected SDK revokes new refresh token
  ---
  duration_ms: 620.199375
  type: 'test'
  ...
# {"custodyCase":"read-crash","realDocumentClosed":true,"uncertainNotRestored":true,"noRefreshRetry":true,"oneBestEffortRevoke":true}
# Subtest: crash during a logical read retains uncertainty, reopens with one revocation and no refresh retry
ok 13 - crash during a logical read retains uncertainty, reopens with one revocation and no refresh retry
  ---
  duration_ms: 579.319834
  type: 'test'
  ...
# {"custodyCase":"callback-after-commit-crash","actualCommittedCredential":true,"authorityChecksUnfinished":true,"noReturnedHandle":true,"noRefreshRetry":true}
# Subtest: committed callback is not live before fresh authority checks; closing document retires it
ok 14 - committed callback is not live before fresh authority checks; closing document retires it
  ---
  duration_ms: 539.064625
  type: 'test'
  ...
# {"custodyCase":"cross-document-lock-key","actualWebLocks":true,"reloadedNonextractablePrivateKey":true,"distinctLockPrefixes":true}
# Subtest: two documents serialize custody and distinct SDK locks without a process local fallback
ok 15 - two documents serialize custody and distinct SDK locks without a process local fallback
  ---
  duration_ms: 679.393208
  type: 'test'
  ...
# {"custodyCase":"actual-browser-quota","chromiumQuotaOverride":1,"writeRejected":true,"physicalCountsPreserved":true,"recoveredAfterQuotaRestored":true}
# Subtest: browser quota refusal aborts real owned writes without exceeding physical slot counts
ok 16 - browser quota refusal aborts real owned writes without exceeding physical slot counts
  ---
  duration_ms: 403.923708
  type: 'test'
  ...
# {"custodyCase":"purge-failure-reset","actualDeleteTransactionAborts":true,"countedWhileUnusable":true,"noRefreshRetry":true,"repairAndTrustedResetReenrollment":true}
# Subtest: failed local purge remains counted and unusable until storage repair or trusted explicit reset
ok 17 - failed local purge remains counted and unusable until storage repair or trusted explicit reset
  ---
  duration_ms: 675.280459
  type: 'test'
  ...
# {"custodyCase":"remote-refusal","localDeletionIndependent":true,"noDurableRemoteRetryQueue":true}
# Subtest: remote revocation refusal cannot prevent local purge
ok 18 - remote revocation refusal cannot prevent local purge
  ---
  duration_ms: 425.833542
  type: 'test'
  ...
# {"custodyCase":"legacy-origin-reset","legacyRefused":true,"explicitDeletionWithoutDecoding":true,"freshEnrollment":true}
# Subtest: legacy private SDK origin is refused until trusted reset; no private database migration
ok 19 - legacy private SDK origin is refused until trusted reset; no private database migration
  ---
  duration_ms: 378.708583
  type: 'test'
  ...
# {"custodyCase":"exact-metadata-ceiling","utf8Bytes":65536,"oneByteOverRejected":true,"opaquePairExcluded":true,"journalIncluded":true}
# Subtest: 64 KiB logical UTF-8 metadata ceiling includes the account journal while opaque keypair is excluded
ok 20 - 64 KiB logical UTF-8 metadata ceiling includes the account journal while opaque keypair is excluded
  ---
  duration_ms: 581.464875
  type: 'test'
  ...
# {"custodyCase":"refresh-issued-before-commit-crash","realTokenResponsePrepared":true,"oldCredentialUncertain":true,"noOneUseRefreshRetry":true,"actualDistinctSdkAndCustodyLocks":true}
# Subtest: refresh response issued before local commit leaves the old credential uncertain and never retries it on reopen
ok 21 - refresh response issued before local commit leaves the old credential uncertain and never retries it on reopen
  ---
  duration_ms: 545.383834
  type: 'test'
  ...
# {"custodyCase":"final-live-commit-abort","actualFinalTransactionAborted":true,"noAcceptedHandle":true,"committedCredentialRetiredOnReopen":true}
# Subtest: final live-marker transaction abort returns no handle and retains committed uncertain credential for cleanup
ok 22 - final live-marker transaction abort returns no handle and retains committed uncertain credential for cleanup
  ---
  duration_ms: 532.469833
  type: 'test'
  ...
# {"custodyCase":"journal-first","actualMarkerAbort":true,"noCredentialDispatchBeforeCommit":true,"untouchedLiveConsentPreserved":true}
# Subtest: journal write must commit before any credential read, refresh or resource request
ok 23 - journal write must commit before any credential read, refresh or resource request
  ---
  duration_ms: 426.911917
  type: 'test'
  ...
# {"custodyCase":"subject-and-401","foreignSubjectNeverAllocated":true,"implicitRefreshJournalRetained":true,"consentNotExtended":true,"changedScopeRefusedBeforeSecondResourceDispatch":true}
# Subtest: subject mismatch cannot allocate another account and resource 401 refresh retains the journal and checks exact scopes
ok 24 - subject mismatch cannot allocate another account and resource 401 refresh retains the journal and checks exact scopes
  ---
  duration_ms: 681.386917
  type: 'test'
  ...
# {"custodyCase":"plain-reset-keeps-consent","originalUnavailableError":true,"unchangedDeadline":true,"noRefreshOrRevoke":true,"nextRequestSucceeded":true}
# Subtest: plain resource transport reset preserves live consent, deadline and next successful request without refresh or revocation
ok 25 - plain resource transport reset preserves live consent, deadline and next successful request without refresh or revocation
  ---
  duration_ms: 487.479666
  type: 'test'
  ...
# {"custodyCase":"resource-form-not-token","normalizedPostBody":true,"authorizationProvenanceSeparatesResource":true,"consentPreserved":true}
# Subtest: an authenticated resource form cannot masquerade as a maintained token request
ok 26 - an authenticated resource form cannot masquerade as a maintained token request
  ---
  duration_ms: 447.510875
  type: 'test'
  ...
# {"custodyCase":"lost-401-refresh-response","actualPreparedTokenResponseLost":true,"sdkInitial401Preserved":true,"uncertainRetired":true,"noOneUseRetry":true}
# Subtest: lost 401 refresh response retires uncertainty even when the maintained resource helper returns its initial 401
ok 27 - lost 401 refresh response retires uncertainty even when the maintained resource helper returns its initial 401
  ---
  duration_ms: 465.8395
  type: 'test'
  ...
# {"custodyCase":"token-dispatch-normalized-form","publicSdkFetchDecoratorOnly":true,"optionalFieldsAccepted":true,"mixedCaseCharsetAccepted":true,"lostResponseRetired":true}
# Subtest: token dispatch marker accepts maintained normalized form with extra fields and mixed-case media type with charset
ok 28 - token dispatch marker accepts maintained normalized form with extra fields and mixed-case media type with charset
  ---
  duration_ms: 469.001083
  type: 'test'
  ...
# {"custodyCase":"safe-finalization-abort","actualTransactionAbort":true,"originalTransientErrorPreserved":true,"uncertainNotUsable":true,"noRefreshRetry":true}
# Subtest: safe failure finalization must commit; aborted live marker leaves uncertainty and preserves original transient error
ok 29 - safe failure finalization must commit; aborted live marker leaves uncertainty and preserves original transient error
  ---
  duration_ms: 568.826083
  type: 'test'
  ...
# {"custodyCase":"plain-caller-abort","existingConsentLive":true,"noTokenOrRevoke":true,"originalUnavailableClass":true}
# Subtest: plain caller abort without token dispatch preserves existing consent and original unavailable class
ok 30 - plain caller abort without token dispatch preserves existing consent and original unavailable class
  ---
  duration_ms: 484.323125
  type: 'test'
  ...
# {"custodyCase":"token-handoff-sync-rejection","markedBeforeTransport":true,"noServerTokenResponseRequiredForConservativeRetirement":true,"noAutomaticRetry":true}
# Subtest: token handoff is marked before transport can synchronously reject, retaining conservative no-retry semantics
ok 31 - token handoff is marked before transport can synchronously reject, retaining conservative no-retry semantics
  ---
  duration_ms: 448.890875
  type: 'test'
  ...
# {"custodyCase":"fresh-verification-reset","stage":"identity","operation":"resource","nextSucceeded":true,"deltasBeforeRetry":{"token":0,"revoke":0,"resource":0},"accountPhases":["live"]}
# Subtest: fresh verification identity reset preserves unchanged resource consent and permits next request
ok 32 - fresh verification identity reset preserves unchanged resource consent and permits next request
  ---
  duration_ms: 346.349333
  type: 'test'
  ...
# {"custodyCase":"fresh-verification-reset","stage":"identity","operation":"info","nextSucceeded":true,"deltasBeforeRetry":{"token":0,"revoke":0,"resource":0},"accountPhases":["live"]}
# Subtest: fresh verification identity reset preserves unchanged info consent and permits next request
ok 33 - fresh verification identity reset preserves unchanged info consent and permits next request
  ---
  duration_ms: 387.720666
  type: 'test'
  ...
# {"custodyCase":"fresh-verification-reset","stage":"identity","operation":"restore","nextSucceeded":true,"deltasBeforeRetry":{"token":0,"revoke":0,"resource":0},"accountPhases":["live"]}
# Subtest: fresh verification identity reset preserves unchanged restore consent and permits next request
ok 34 - fresh verification identity reset preserves unchanged restore consent and permits next request
  ---
  duration_ms: 398.247042
  type: 'test'
  ...
# {"custodyCase":"fresh-verification-reset","stage":"discovery","operation":"resource","nextSucceeded":true,"deltasBeforeRetry":{"token":0,"revoke":0,"resource":0},"accountPhases":["live"]}
# Subtest: fresh verification discovery reset preserves unchanged resource consent and permits next request
ok 35 - fresh verification discovery reset preserves unchanged resource consent and permits next request
  ---
  duration_ms: 398.775083
  type: 'test'
  ...
# {"custodyCase":"fresh-verification-reset","stage":"discovery","operation":"info","nextSucceeded":true,"deltasBeforeRetry":{"token":0,"revoke":0,"resource":0},"accountPhases":["live"]}
# Subtest: fresh verification discovery reset preserves unchanged info consent and permits next request
ok 36 - fresh verification discovery reset preserves unchanged info consent and permits next request
  ---
  duration_ms: 470.657791
  type: 'test'
  ...
# {"custodyCase":"fresh-verification-reset","stage":"discovery","operation":"restore","nextSucceeded":true,"deltasBeforeRetry":{"token":0,"revoke":0,"resource":0},"accountPhases":["live"]}
# Subtest: fresh verification discovery reset preserves unchanged restore consent and permits next request
ok 37 - fresh verification discovery reset preserves unchanged restore consent and permits next request
  ---
  duration_ms: 433.153958
  type: 'test'
  ...
# {"custodyCase":"definitive-verification-mismatch","mismatch":"issuer","retired":true,"tokenDelta":0,"resourceDelta":0,"revokeDelta":0}
# Subtest: definitive fresh issuer mismatch retires unchanged credentials before resource dispatch
ok 38 - definitive fresh issuer mismatch retires unchanged credentials before resource dispatch
  ---
  duration_ms: 512.839125
  type: 'test'
  ...
# {"custodyCase":"definitive-verification-mismatch","mismatch":"scope","retired":true,"tokenDelta":0,"resourceDelta":0,"revokeDelta":1}
# Subtest: definitive fresh scope mismatch retires unchanged credentials before resource dispatch
ok 39 - definitive fresh scope mismatch retires unchanged credentials before resource dispatch
  ---
  duration_ms: 496.164
  type: 'test'
  ...
1..39
# tests 39
# suites 0
# pass 39
# fail 0
# cancelled 0
# skipped 0
# todo 0
# duration_ms 63262.242709
