✔ host procedures require a retained owner-only token; reads remain public (731.667125ms)
✔ draft cache evicts least recently used previews within count and byte budgets (60.565208ms)
✔ incomplete creations consume application quota before an account is provisioned (6.262333ms)
✔ a corrupt lease database keeps its SQLite diagnostic instead of claiming contention (1.768708ms)
✔ only a PDS RecordNotFound response becomes a missing source (5.436208ms)
✔ only definite invalid input is final; integrity and host availability errors use 503 (0.154667ms)
✔ actual native proof limits remain unavailable and nonpermanent through host HTTP (19.831667ms)
✔ expiry renews once across concurrent JSON, blob and upload calls (33.8775ms)
✔ missing, rejected or repeatedly expired session credentials have a permanent authentication code (3.640917ms)
✔ complete-prefix limits and nonce conflicts have stable permanent codes (0.1415ms)
✔ authorization refusal does not permanently disable a valid PDS credential (2.818208ms)
▶ real disposable PDS persistence and recovery
  ✔ genesis and initial head are a verified empty prefix (21.195ms)
  ✔ provisioning refuses to replace an existing application log (27.268167ms)
  ✔ source blobs are retained and recovered by exact CID (21.963375ms)
  ✔ reset refuses a live or unmarked directory (1.480041ms)
  ✔ two concurrent submissions receive one contiguous order (89.649208ms)
  ✔ same intent and a new valid signature return original receipt (21.095459ms)
  ✔ second local writer is refused while the lease is held (0.301084ms)
  ✔ official PDS process crash preserves acknowledged history and blobs (835.683ms)
  ✔ a rejected conditional batch leaves entry and head unchanged (48.343959ms)
  ✔ malformed commit replies cannot remove an append or provision condition (61.602541ms)
  ✔ an unrelated repo write races the append and is reconciled (83.266042ms)
  ✔ lost HTTP response after commit resolves to one original receipt (53.294334ms)
  ✔ a different writer process cannot acquire the same local lease (739.873459ms)
  ✔ writer crash after commit but before acknowledgment recovers one receipt (858.454542ms)
  ✔ writer crash after acknowledgment keeps receipt and no domain effect claim (946.835084ms)
  ✔ XRPC rejects a foreign receipt anchor and malformed submission (19.390709ms)
  ✔ bootstrap at a chosen head catches up without notifications (97.000416ms)
  ✔ repository CAR contains retention references but blobs require explicit export (8.777125ms)
  ✔ missing and tampered source references fail, then recover by exact content (28.252084ms)
  ✔ missing or corrupted physical blob bytes never satisfy a source CID (8.915625ms)
  ✔ a retained verified head refuses repository rollback and signed-entry corruption (93.199208ms)
  ✔ chosen-head catch-up verifies a prefix spanning real PDS pages (252.568333ms)
  ✔ PDS compare-and-swap excludes competing writers even with the local lease bypassed (607.752959ms)
✔ real disposable PDS persistence and recovery (7584.125083ms)
ℹ tests 35
ℹ suites 0
ℹ pass 35
ℹ fail 0
ℹ cancelled 0
ℹ skipped 0
ℹ todo 0
ℹ duration_ms 7921.835542
