✔ host procedures require a retained owner-only token; reads remain public (741.398958ms)
✔ draft cache evicts least recently used previews within count and byte budgets (56.924208ms)
✔ incomplete creations consume application quota before an account is provisioned (5.544958ms)
✔ a corrupt lease database keeps its SQLite diagnostic instead of claiming contention (1.262083ms)
✔ only a PDS RecordNotFound response becomes a missing source (4.853792ms)
✔ only definite invalid input is final; integrity and host availability errors use 503 (0.162334ms)
✔ actual native proof limits remain unavailable and nonpermanent through host HTTP (21.654125ms)
✔ expiry renews once across concurrent JSON, blob and upload calls (35.217292ms)
✔ missing, rejected or repeatedly expired session credentials have a permanent authentication code (3.709292ms)
✔ complete-prefix limits and nonce conflicts have stable permanent codes (0.127625ms)
✔ authorization refusal does not permanently disable a valid PDS credential (2.306625ms)
▶ real disposable PDS persistence and recovery
  ✔ genesis and initial head are a verified empty prefix (8.024875ms)
  ✔ provisioning refuses to replace an existing application log (14.2655ms)
  ✔ source blobs are retained and recovered by exact CID (15.163125ms)
  ✔ reset refuses a live or unmarked directory (1.334291ms)
  ✔ two concurrent submissions receive one contiguous order (58.037042ms)
  ✔ same intent and a new valid signature return original receipt (14.6275ms)
  ✔ second local writer is refused while the lease is held (0.221417ms)
  ✔ official PDS process crash preserves acknowledged history and blobs (717.787458ms)
  ✔ a rejected conditional batch leaves entry and head unchanged (34.058667ms)
  ✔ malformed commit replies cannot remove an append or provision condition (47.726833ms)
  ✔ an unrelated repo write races the append and is reconciled (72.48125ms)
  ✔ lost HTTP response after commit resolves to one original receipt (34.841833ms)
  ✔ a different writer process cannot acquire the same local lease (900.884917ms)
  ✔ writer crash after commit but before acknowledgment recovers one receipt (921.922208ms)
  ✔ writer crash after acknowledgment keeps receipt and no domain effect claim (947.19825ms)
  ✔ XRPC rejects a foreign receipt anchor and malformed submission (14.05275ms)
  ✔ bootstrap at a chosen head catches up without notifications (77.769292ms)
  ✔ repository CAR contains retention references but blobs require explicit export (8.079708ms)
  ✔ missing and tampered source references fail, then recover by exact content (23.934ms)
  ✔ missing or corrupted physical blob bytes never satisfy a source CID (7.328166ms)
  ✔ a retained verified head refuses repository rollback and signed-entry corruption (79.010584ms)
  ✔ chosen-head catch-up verifies a prefix spanning real PDS pages (212.885834ms)
  ✔ PDS compare-and-swap excludes competing writers even with the local lease bypassed (462.108041ms)
✔ real disposable PDS persistence and recovery (7175.031917ms)
ℹ tests 35
ℹ suites 0
ℹ pass 35
ℹ fail 0
ℹ cancelled 0
ℹ skipped 0
ℹ todo 0
ℹ duration_ms 7521.438875
