✔ host procedures require a retained owner-only token; reads remain public (718.5385ms)
✔ draft cache evicts least recently used previews within count and byte budgets (103.239875ms)
✔ incomplete creations consume application quota before an account is provisioned (8.185667ms)
✔ a corrupt lease database keeps its SQLite diagnostic instead of claiming contention (1.765333ms)
✔ only a PDS RecordNotFound response becomes a missing source (6.852333ms)
✔ only definite invalid input is final; integrity and host availability errors use 503 (0.233958ms)
✔ actual native proof limits remain unavailable and nonpermanent through host HTTP (23.745125ms)
✔ expiry renews once across concurrent JSON, blob and upload calls (61.011792ms)
✔ missing, rejected or repeatedly expired session credentials have a permanent authentication code (8.197208ms)
✔ complete-prefix limits and nonce conflicts have stable permanent codes (0.266958ms)
✔ authorization refusal does not permanently disable a valid PDS credential (5.608292ms)
▶ real disposable PDS persistence and recovery
  ✔ genesis and initial head are a verified empty prefix (10.330084ms)
  ✔ provisioning refuses to replace an existing application log (20.989792ms)
  ✔ source blobs are retained and recovered by exact CID (20.247792ms)
  ✔ reset refuses a live or unmarked directory (1.237917ms)
  ✔ two concurrent submissions receive one contiguous order (77.125ms)
  ✔ same intent and a new valid signature return original receipt (24.374916ms)
  ✔ second local writer is refused while the lease is held (0.283709ms)
  ✔ official PDS process crash preserves acknowledged history and blobs (825.783375ms)
  ✔ a rejected conditional batch leaves entry and head unchanged (50.664083ms)
  ✔ malformed commit replies cannot remove an append or provision condition (57.491292ms)
  ✔ an unrelated repo write races the append and is reconciled (77.634458ms)
  ✔ lost HTTP response after commit resolves to one original receipt (39.100042ms)
  ✔ a different writer process cannot acquire the same local lease (968.608834ms)
  ✔ writer crash after commit but before acknowledgment recovers one receipt (1153.281917ms)
  ✔ writer crash after acknowledgment keeps receipt and no domain effect claim (1032.351583ms)
  ✔ XRPC rejects a foreign receipt anchor and malformed submission (19.721167ms)
  ✔ bootstrap at a chosen head catches up without notifications (108.4825ms)
  ✔ repository CAR contains retention references but blobs require explicit export (11.303584ms)
  ✔ missing and tampered source references fail, then recover by exact content (37.499ms)
  ✔ missing or corrupted physical blob bytes never satisfy a source CID (12.266708ms)
  ✔ a retained verified head refuses repository rollback and signed-entry corruption (111.320625ms)
  ✔ chosen-head catch-up verifies a prefix spanning real PDS pages (281.655208ms)
  ✔ PDS compare-and-swap excludes competing writers even with the local lease bypassed (556.802333ms)
✔ real disposable PDS persistence and recovery (8247.784333ms)
ℹ tests 35
ℹ suites 0
ℹ pass 35
ℹ fail 0
ℹ cancelled 0
ℹ skipped 0
ℹ todo 0
ℹ duration_ms 8925.34325
