TAP version 13
# {"node":"v22.19.0","cases":91,"noAdmission":true}
# Subtest: exact retained checkpoint DATA and hostile corpus, without admission capabilities
ok 1 - exact retained checkpoint DATA and hostile corpus, without admission capabilities
  ---
  duration_ms: 712.659166
  type: 'test'
  ...
# {"node":"v22.19.0","cases":103,"noAdmission":true}
# Subtest: shared exact adopted native outcome and checkpoint outcome DATA corpus
ok 2 - shared exact adopted native outcome and checkpoint outcome DATA corpus
  ---
  duration_ms: 591.506375
  type: 'test'
  ...
1..2
# tests 2
# suites 0
# pass 2
# fail 0
# cancelled 0
# skipped 0
# todo 0
# duration_ms 1085.686083
