▶ application interpretation agrees in Node and a Chromium worker
  ✔ CAR round trip owns exact source bytes (0.289875ms)
  ✔ two unrelated definitions resolve schemas and retained views (0.031166ms)
  ✔ initial state comes only from the pinned definition (0.020458ms)
  ✔ fold and query match independently specified values (0.019916ms)
  ✔ rainfall summary covers the maximum valid aggregate (0.017291ms)
  ✔ malformed domain input is retained ineffective (0.02075ms)
  ✔ unknown action is retained ineffective (0.020541ms)
  ✔ old definition intent is retained ineffective (0.020042ms)
  ✔ domain refusal preserves complete prior state (0.028416ms)
  ✔ restarting and replaying reproduces state outcomes and frontier (0.031667ms)
  ✔ failed persistence advances neither state outcomes nor frontier (0.017ms)
  ✔ runtime faults pause without producing a replicated outcome and can resume (0.014375ms)
  ✔ activation validation host faults pause and resume to the healthy replica (0.011084ms)
  ✔ parser TypeError and RangeError faults pause folds and activations, then resume identically (0.011167ms)
  ✔ malformed schema and view shapes cannot freeze activation (0.01ms)
  ✔ malformed UTF-8 source has a deterministic loader code (0.009708ms)
  ✔ reader size claims require independently verified bytes (0.009625ms)
  ✔ hash-valid oversized activation is ineffective; corrupt bytes pause until restored (0.009083ms)
  ✔ query captures its prefix before concurrent catch-up (0.009167ms)
  ✔ selective status and exact-position outcomes stay owned across stall and resume (0.009208ms)
  ✔ selective query retains its active definition across concurrent activation (0.0095ms)
  ✔ bounded many-outcome reads avoid full projection clone work (0.020208ms)
  ✔ malformed fold result records framework failure and continues (0.011875ms)
  ✔ invalid successor schema records framework failure and continues (0.009292ms)
  ✔ ineffective successor state records framework failure and continues (0.008875ms)
  ✔ noninteger computed state records framework failure and continues (0.034125ms)
  ✔ the 1001st reading is ineffective and a later valid action clears state (0.032041ms)
  ✔ copied extra payload bytes cannot freeze interpretation (0.028ms)
  ✔ overlong ineffective message cannot block a later valid entry (0.01575ms)
  ✔ invalid query output is unavailable at its exact unchanged prefix (0.010959ms)
  ✔ caller snapshot mutation cannot change the projection (0.009792ms)
  ✔ unavailable source pauses definition loading (0.009375ms)
  ✔ tampered source fails its pinned CID (0.008792ms)
  ✔ unsupported definition runtime is refused (0.008125ms)
  ✔ unsupported genesis runtime is refused even with a valid definition (0.008208ms)
  ✔ definition refuses unknown binding field (0.008041ms)
  ✔ definition refuses duplicate action binding (0.008125ms)
  ✔ definition refuses missing binding schema (0.008083ms)
  ✔ definition refuses missing program file (0.013375ms)
  ✔ definition refuses escaping source path (0.010375ms)
  ✔ definition refuses ambient program (0.008583ms)
  ✔ definition refuses invalid program syntax (0.008209ms)
  ✔ definition refuses noninteger program literal (0.007833ms)
  ✔ definition refuses null initial state (0.01025ms)
  ✔ definition refuses negative zero initial data (0.009541ms)
  ✔ source closure and initial state byte limits are enforced (0.008459ms)
  ✔ exact state and program limits pass and the next byte fails (0.007625ms)
  ✔ definition counts the manifest within the 64-file limit (0.007584ms)
  ✔ CAR blocks outside the declared closure are refused (0.007542ms)
  ✔ work exhaustion records a framework refusal and preserves prior state (0.007708ms)
  ✔ oversized action is refused before interpretation (0.007458ms)
  ✔ unsupported schema constructs fail while loading the definition (0.007084ms)
  ✔ application registry refuses anchor replacement (0.007333ms)
  ✔ concurrent anchor replacement cannot persist a conflicting initial state (0.007458ms)
  ✔ 64 sibling object values do not consume nesting depth (0.007542ms)
  ✔ 100 grouped values do not consume nesting depth (0.008084ms)
  ✔ intermediate negative zero can be consumed as integer zero (0.0075ms)
  ✔ negative zero remains invalid at input and output boundaries (0.007209ms)
  ✔ sum checks exact intermediate integers before cancellation (0.007583ms)
  ✔ ineffective messages count Unicode code points and stop at 1024 (0.007541ms)
  ✔ conditional integrity adapter matches the running environment (0.007792ms)
  ✔ unmatched dependency closure fails closed in either environment (0.0075ms)
  ✔ source document taskboard round trip and viewless preview (0.006959ms)
  ✔ source document guitar round trip and viewless preview (0.00775ms)
  ✔ source document ledger round trip and viewless preview (0.007833ms)
  ✔ source document guitar summary covers the maximum valid aggregate (0.008042ms)
  ✔ source document taskboard completes a retained task (0.007667ms)
  ✔ source documents refuse the historical application v1 profile (0.033209ms)
  ✔ source document retains exact bytes, aliases, unused files and manifest order (0.018625ms)
  ✔ source document rejects nonzero base64 trailing bits (2-character remainder) as wire_bytes (0.010417ms)
  ✔ source document rejects nonzero base64 trailing bits (3-character remainder) as wire_bytes (0.009ms)
  ✔ source document refuses path, version, byte and retained-table ambiguity (0.013958ms)
✔ application interpretation agrees in Node and a Chromium worker (5180.801459ms)
ℹ tests 73
ℹ suites 0
ℹ pass 73
ℹ fail 0
ℹ cancelled 0
ℹ skipped 0
ℹ todo 0
ℹ duration_ms 5932.467209
