✖ bounded selected CAR DATA and exact admission preserve genuine P1 and legacy CAR predicates (808.382708ms)
ℹ tests 1
ℹ suites 0
ℹ pass 0
ℹ fail 1
ℹ cancelled 0
ℹ skipped 0
ℹ todo 0
ℹ duration_ms 1508.177167

✖ failing tests:

test at tests/native-car-intake.test.ts:1:258
✖ bounded selected CAR DATA and exact admission preserve genuine P1 and legacy CAR predicates (808.382708ms)
  AssertionError [ERR_ASSERTION]: The expression evaluated to a falsy value:
  
    assert.ok(result.cases.length >= 25)
  
      at TestContext.<anonymous> (/private/tmp/atseq-p2-selected-car-intake-f1-20261002/tests/native-car-intake.test.ts:15:10)
      at async Test.run (node:internal/test_runner/test:1409:7)
      at async startSubtestAfterBootstrap (node:internal/test_runner/harness:387:3) {
    generatedMessage: true,
    code: 'ERR_ASSERTION',
    actual: false,
    expected: true,
    operator: '==',
    diff: 'simple'
  }
