▶ application interpretation agrees in Node and a Chromium worker
  ✔ CAR round trip owns exact source bytes (0.326916ms)
  ✔ two unrelated definitions resolve schemas and retained views (0.03525ms)
  ✔ initial state comes only from the pinned definition (0.023708ms)
  ✔ fold and query match independently specified values (0.020292ms)
  ✔ rainfall summary covers the maximum valid aggregate (0.018292ms)
  ✔ malformed domain input is retained ineffective (0.018917ms)
  ✔ unknown action is retained ineffective (0.021416ms)
  ✔ old definition intent is retained ineffective (0.020333ms)
  ✔ domain refusal preserves complete prior state (0.028667ms)
  ✔ restarting and replaying reproduces state outcomes and frontier (0.033542ms)
  ✔ failed persistence advances neither state outcomes nor frontier (0.016958ms)
  ✔ runtime faults pause without producing a replicated outcome and can resume (0.015333ms)
  ✔ activation validation host faults pause and resume to the healthy replica (0.013625ms)
  ✔ parser TypeError and RangeError faults pause folds and activations, then resume identically (0.011417ms)
  ✔ malformed schema and view shapes cannot freeze activation (0.011708ms)
  ✔ malformed UTF-8 source has a deterministic loader code (0.009625ms)
  ✔ reader size claims require independently verified bytes (0.009667ms)
  ✔ hash-valid oversized activation is ineffective; corrupt bytes pause until restored (0.009875ms)
  ✔ query captures its prefix before concurrent catch-up (0.009208ms)
  ✔ selective status and exact-position outcomes stay owned across stall and resume (0.009208ms)
  ✔ selective query retains its active definition across concurrent activation (0.020041ms)
  ✔ bounded many-outcome reads avoid full projection clone work (0.014708ms)
  ✔ malformed fold result records framework failure and continues (0.010583ms)
  ✔ invalid successor schema records framework failure and continues (0.008833ms)
  ✔ ineffective successor state records framework failure and continues (0.009041ms)
  ✔ noninteger computed state records framework failure and continues (0.009917ms)
  ✔ the 1001st reading is ineffective and a later valid action clears state (0.010042ms)
  ✔ copied extra payload bytes cannot freeze interpretation (0.008709ms)
  ✔ overlong ineffective message cannot block a later valid entry (0.007833ms)
  ✔ invalid query output is unavailable at its exact unchanged prefix (0.007959ms)
  ✔ caller snapshot mutation cannot change the projection (0.008ms)
  ✔ unavailable source pauses definition loading (0.007625ms)
  ✔ tampered source fails its pinned CID (0.007458ms)
  ✔ unsupported definition runtime is refused (0.007333ms)
  ✔ unsupported genesis runtime is refused even with a valid definition (0.007125ms)
  ✔ definition refuses unknown binding field (0.007ms)
  ✔ definition refuses duplicate action binding (0.00825ms)
  ✔ definition refuses missing binding schema (0.007459ms)
  ✔ definition refuses missing program file (0.009375ms)
  ✔ definition refuses escaping source path (0.0085ms)
  ✔ definition refuses ambient program (0.008167ms)
  ✔ definition refuses invalid program syntax (0.00825ms)
  ✔ definition refuses noninteger program literal (0.008ms)
  ✔ definition refuses null initial state (0.008834ms)
  ✔ definition refuses negative zero initial data (0.007ms)
  ✔ source closure and initial state byte limits are enforced (0.008167ms)
  ✔ exact state and program limits pass and the next byte fails (0.007459ms)
  ✔ definition counts the manifest within the 64-file limit (0.008042ms)
  ✔ CAR blocks outside the declared closure are refused (0.007958ms)
  ✔ work exhaustion records a framework refusal and preserves prior state (0.007334ms)
  ✔ oversized action is refused before interpretation (0.007625ms)
  ✔ unsupported schema constructs fail while loading the definition (0.006959ms)
  ✔ application registry refuses anchor replacement (0.007375ms)
  ✔ concurrent anchor replacement cannot persist a conflicting initial state (0.007791ms)
  ✔ 64 sibling object values do not consume nesting depth (0.007959ms)
  ✔ 100 grouped values do not consume nesting depth (0.007625ms)
  ✔ intermediate negative zero can be consumed as integer zero (0.007167ms)
  ✔ negative zero remains invalid at input and output boundaries (0.007542ms)
  ✔ sum checks exact intermediate integers before cancellation (0.006959ms)
  ✔ ineffective messages count Unicode code points and stop at 1024 (0.007041ms)
  ✔ conditional integrity adapter matches the running environment (0.007292ms)
  ✔ unmatched dependency closure fails closed in either environment (0.00725ms)
  ✔ source document taskboard round trip and viewless preview (0.007334ms)
  ✔ source document guitar round trip and viewless preview (0.006833ms)
  ✔ source document ledger round trip and viewless preview (0.007209ms)
  ✔ source document guitar summary covers the maximum valid aggregate (0.007833ms)
  ✔ source document taskboard completes a retained task (0.007292ms)
  ✔ source documents refuse the historical application v1 profile (0.012125ms)
  ✔ source document retains exact bytes, aliases, unused files and manifest order (0.007334ms)
  ✔ source document refuses path, version, byte and retained-table ambiguity (0.014916ms)
✔ application interpretation agrees in Node and a Chromium worker (7447.25175ms)
ℹ tests 71
ℹ suites 0
ℹ pass 71
ℹ fail 0
ℹ cancelled 0
ℹ skipped 0
ℹ todo 0
ℹ duration_ms 8072.171041
