check (26)	Run npm run check	﻿2026-10-02T07:34:42.3458609Z ##[group]Run npm run check
check (26)	Run npm run check	2026-10-02T07:34:42.3459033Z ^[[36;1mnpm run check^[[0m
check (26)	Run npm run check	2026-10-02T07:34:42.3522443Z shell: /usr/bin/bash -e {0}
check (26)	Run npm run check	2026-10-02T07:34:42.3522740Z ##[endgroup]
check (26)	Run npm run check	2026-10-02T07:34:42.4593752Z 
check (26)	Run npm run check	2026-10-02T07:34:42.4594079Z > atseq@0.1.0 check
check (26)	Run npm run check	2026-10-02T07:34:42.4594997Z > tsc --noEmit && npm run format:check && npm run check:layers && npm run check:dependencies
check (26)	Run npm run check	2026-10-02T07:34:42.4595466Z 
check (26)	Run npm run check	2026-10-02T07:34:43.6093401Z ##[error]experiments/post-spike-evidence/2026-10-02/app-provisioning-boundary/official/bluesky-social/atproto/packages/pds/src/api/com/atproto/identity/getRecommendedDidCredentials.ts(1,29): error TS2307: Cannot find module '@atproto/xrpc-server' or its corresponding type declarations.
check (26)	Run npm run check	2026-10-02T07:34:43.6103142Z ##[error]experiments/post-spike-evidence/2026-10-02/app-provisioning-boundary/official/bluesky-social/atproto/packages/pds/src/api/com/atproto/identity/getRecommendedDidCredentials.ts(2,33): error TS2307: Cannot find module '../../../../context.js' or its corresponding type declarations.
check (26)	Run npm run check	2026-10-02T07:34:43.6106714Z ##[error]experiments/post-spike-evidence/2026-10-02/app-provisioning-boundary/official/bluesky-social/atproto/packages/pds/src/api/com/atproto/identity/getRecommendedDidCredentials.ts(3,21): error TS2307: Cannot find module '../../../../lexicons/index.js' or its corresponding type declarations.
check (26)	Run npm run check	2026-10-02T07:34:43.6109466Z ##[error]experiments/post-spike-evidence/2026-10-02/app-provisioning-boundary/official/bluesky-social/atproto/packages/pds/src/api/com/atproto/identity/getRecommendedDidCredentials.ts(12,23): error TS7031: Binding element 'auth' implicitly has an 'any' type.
check (26)	Run npm run check	2026-10-02T07:34:43.6112808Z ##[error]experiments/post-spike-evidence/2026-10-02/app-provisioning-boundary/official/bluesky-social/atproto/packages/pds/src/api/com/atproto/server/activateAccount.ts(1,45): error TS2307: Cannot find module '@atproto/xrpc-server' or its corresponding type declarations.
check (26)	Run npm run check	2026-10-02T07:34:43.6115840Z ##[error]experiments/post-spike-evidence/2026-10-02/app-provisioning-boundary/official/bluesky-social/atproto/packages/pds/src/api/com/atproto/server/activateAccount.ts(2,29): error TS2307: Cannot find module '../../../../auth-scope.js' or its corresponding type declarations.
check (26)	Run npm run check	2026-10-02T07:34:43.6118639Z ##[error]experiments/post-spike-evidence/2026-10-02/app-provisioning-boundary/official/bluesky-social/atproto/packages/pds/src/api/com/atproto/server/activateAccount.ts(3,33): error TS2307: Cannot find module '../../../../context.js' or its corresponding type declarations.
check (26)	Run npm run check	2026-10-02T07:34:43.6121917Z ##[error]experiments/post-spike-evidence/2026-10-02/app-provisioning-boundary/official/bluesky-social/atproto/packages/pds/src/api/com/atproto/server/activateAccount.ts(4,21): error TS2307: Cannot find module '../../../../lexicons/index.js' or its corresponding type declarations.
check (26)	Run npm run check	2026-10-02T07:34:43.6125442Z ##[error]experiments/post-spike-evidence/2026-10-02/app-provisioning-boundary/official/bluesky-social/atproto/packages/pds/src/api/com/atproto/server/activateAccount.ts(24,25): error TS7031: Binding element 'req' implicitly has an 'any' type.
check (26)	Run npm run check	2026-10-02T07:34:43.6128380Z ##[error]experiments/post-spike-evidence/2026-10-02/app-provisioning-boundary/official/bluesky-social/atproto/packages/pds/src/api/com/atproto/server/activateAccount.ts(34,25): error TS7031: Binding element 'auth' implicitly has an 'any' type.
check (26)	Run npm run check	2026-10-02T07:34:43.6131082Z ##[error]experiments/post-spike-evidence/2026-10-02/app-provisioning-boundary/official/bluesky-social/atproto/packages/pds/src/api/com/atproto/server/createAccount.ts(1,22): error TS2307: Cannot find module '@did-plc/lib' or its corresponding type declarations.
check (26)	Run npm run check	2026-10-02T07:34:43.6134405Z ##[error]experiments/post-spike-evidence/2026-10-02/app-provisioning-boundary/official/bluesky-social/atproto/packages/pds/src/api/com/atproto/server/createAccount.ts(2,30): error TS2307: Cannot find module '@hapi/address' or its corresponding type declarations.
check (26)	Run npm run check	2026-10-02T07:34:43.6137346Z ##[error]experiments/post-spike-evidence/2026-10-02/app-provisioning-boundary/official/bluesky-social/atproto/packages/pds/src/api/com/atproto/server/createAccount.ts(3,35): error TS2307: Cannot find module 'disposable-email-domains-js' or its corresponding type declarations.
check (26)	Run npm run check	2026-10-02T07:34:43.6140591Z ##[error]experiments/post-spike-evidence/2026-10-02/app-provisioning-boundary/official/bluesky-social/atproto/packages/pds/src/api/com/atproto/server/createAccount.ts(10,53): error TS2307: Cannot find module '@atproto/identity' or its corresponding type declarations.
check (26)	Run npm run check	2026-10-02T07:34:43.6144222Z ##[error]experiments/post-spike-evidence/2026-10-02/app-provisioning-boundary/official/bluesky-social/atproto/packages/pds/src/api/com/atproto/server/createAccount.ts(16,8): error TS2307: Cannot find module '@atproto/xrpc-server' or its corresponding type declarations.
check (26)	Run npm run check	2026-10-02T07:34:43.6148259Z ##[error]experiments/post-spike-evidence/2026-10-02/app-provisioning-boundary/official/bluesky-social/atproto/packages/pds/src/api/com/atproto/server/createAccount.ts(17,41): error TS2307: Cannot find module '../../../../account-manager/helpers/scrypt.js' or its corresponding type declarations.
check (26)	Run npm run check	2026-10-02T07:34:43.6151743Z ##[error]experiments/post-spike-evidence/2026-10-02/app-provisioning-boundary/official/bluesky-social/atproto/packages/pds/src/api/com/atproto/server/createAccount.ts(18,33): error TS2307: Cannot find module '../../../../context.js' or its corresponding type declarations.
check (26)	Run npm run check	2026-10-02T07:34:43.6154637Z ##[error]experiments/post-spike-evidence/2026-10-02/app-provisioning-boundary/official/bluesky-social/atproto/packages/pds/src/api/com/atproto/server/createAccount.ts(19,24): error TS2307: Cannot find module '../../../../events.js' or its corresponding type declarations.
check (26)	Run npm run check	2026-10-02T07:34:43.6157412Z ##[error]experiments/post-spike-evidence/2026-10-02/app-provisioning-boundary/official/bluesky-social/atproto/packages/pds/src/api/com/atproto/server/createAccount.ts(20,42): error TS2307: Cannot find module '../../../../handle/index.js' or its corresponding type declarations.
check (26)	Run npm run check	2026-10-02T07:34:43.6160235Z ##[error]experiments/post-spike-evidence/2026-10-02/app-provisioning-boundary/official/bluesky-social/atproto/packages/pds/src/api/com/atproto/server/createAccount.ts(21,21): error TS2307: Cannot find module '../../../../lexicons/index.js' or its corresponding type declarations.
check (26)	Run npm run check	2026-10-02T07:34:43.6163551Z ##[error]experiments/post-spike-evidence/2026-10-02/app-provisioning-boundary/official/bluesky-social/atproto/packages/pds/src/api/com/atproto/server/createAccount.ts(22,35): error TS2307: Cannot find module './util.js' or its corresponding type declarations.
check (26)	Run npm run check	2026-10-02T07:34:43.6166262Z ##[error]experiments/post-spike-evidence/2026-10-02/app-provisioning-boundary/official/bluesky-social/atproto/packages/pds/src/api/com/atproto/server/createAccount.ts(32,7): error TS7031: Binding element 'input' implicitly has an 'any' type.
check (26)	Run npm run check	2026-10-02T07:34:43.6168775Z ##[error]experiments/post-spike-evidence/2026-10-02/app-provisioning-boundary/official/bluesky-social/atproto/packages/pds/src/api/com/atproto/server/createAccount.ts(33,7): error TS7031: Binding element 'auth' implicitly has an 'any' type.
check (26)	Run npm run check	2026-10-02T07:34:43.6171571Z ##[error]experiments/post-spike-evidence/2026-10-02/app-provisioning-boundary/official/bluesky-social/atproto/packages/pds/src/api/com/atproto/server/createAccount.ts(34,7): error TS7031: Binding element 'req' implicitly has an 'any' type.
check (26)	Run npm run check	2026-10-02T07:34:43.6174305Z ##[error]experiments/post-spike-evidence/2026-10-02/app-provisioning-boundary/official/bluesky-social/atproto/packages/pds/src/api/com/atproto/server/createAccount.ts(56,60): error TS7006: Parameter 'actorTxn' implicitly has an 'any' type.
check (26)	Run npm run check	2026-10-02T07:34:43.6176874Z ##[error]experiments/post-spike-evidence/2026-10-02/app-provisioning-boundary/official/bluesky-social/atproto/packages/pds/src/api/com/atproto/server/createAccount.ts(94,25): error TS7006: Parameter 'err' implicitly has an 'any' type.
check (26)	Run npm run check	2026-10-02T07:34:43.6180547Z ##[error]experiments/post-spike-evidence/2026-10-02/app-provisioning-boundary/official/bluesky-social/atproto/packages/pds/src/api/com/atproto/server/createAccount.ts(119,19): error TS2578: Unused '@ts-expect-error' directive.
check (26)	Run npm run check	2026-10-02T07:34:43.6183535Z ##[error]experiments/post-spike-evidence/2026-10-02/app-provisioning-boundary/official/bluesky-social/atproto/packages/pds/src/api/com/atproto/server/createAccount.ts(163,27): error TS18046: 'plcOp' is of type 'unknown'.
check (26)	Run npm run check	2026-10-02T07:34:43.6186060Z ##[error]experiments/post-spike-evidence/2026-10-02/app-provisioning-boundary/official/bluesky-social/atproto/packages/pds/src/api/com/atproto/server/createAccount.ts(175,39): error TS2698: Spread types may only be created from object types.
check (26)	Run npm run check	2026-10-02T07:34:43.6188710Z ##[error]experiments/post-spike-evidence/2026-10-02/app-provisioning-boundary/official/bluesky-social/atproto/packages/pds/src/api/com/atproto/server/getServiceAuth.ts(2,24): error TS2305: Module '"@atproto/did"' has no exported member 'isAtprotoDidRefAbsolute'.
check (26)	Run npm run check	2026-10-02T07:34:43.6192070Z ##[error]experiments/post-spike-evidence/2026-10-02/app-provisioning-boundary/official/bluesky-social/atproto/packages/pds/src/api/com/atproto/server/getServiceAuth.ts(8,8): error TS2307: Cannot find module '@atproto/xrpc-server' or its corresponding type declarations.
check (26)	Run npm run check	2026-10-02T07:34:43.6195021Z ##[error]experiments/post-spike-evidence/2026-10-02/app-provisioning-boundary/official/bluesky-social/atproto/packages/pds/src/api/com/atproto/server/getServiceAuth.ts(13,8): error TS2307: Cannot find module '../../../../auth-scope.js' or its corresponding type declarations.
check (26)	Run npm run check	2026-10-02T07:34:43.6197823Z ##[error]experiments/post-spike-evidence/2026-10-02/app-provisioning-boundary/official/bluesky-social/atproto/packages/pds/src/api/com/atproto/server/getServiceAuth.ts(14,33): error TS2307: Cannot find module '../../../../context.js' or its corresponding type declarations.
check (26)	Run npm run check	2026-10-02T07:34:43.6200661Z ##[error]experiments/post-spike-evidence/2026-10-02/app-provisioning-boundary/official/bluesky-social/atproto/packages/pds/src/api/com/atproto/server/getServiceAuth.ts(15,21): error TS2307: Cannot find module '../../../../lexicons/index.js' or its corresponding type declarations.
check (26)	Run npm run check	2026-10-02T07:34:43.6203958Z ##[error]experiments/post-spike-evidence/2026-10-02/app-provisioning-boundary/official/bluesky-social/atproto/packages/pds/src/api/com/atproto/server/getServiceAuth.ts(19,8): error TS2307: Cannot find module '../../../../pipethrough.js' or its corresponding type declarations.
check (26)	Run npm run check	2026-10-02T07:34:43.6206593Z ##[error]experiments/post-spike-evidence/2026-10-02/app-provisioning-boundary/official/bluesky-social/atproto/packages/pds/src/api/com/atproto/server/getServiceAuth.ts(27,19): error TS7006: Parameter 'permissions' implicitly has an 'any' type.
check (26)	Run npm run check	2026-10-02T07:34:43.6209107Z ##[error]experiments/post-spike-evidence/2026-10-02/app-provisioning-boundary/official/bluesky-social/atproto/packages/pds/src/api/com/atproto/server/getServiceAuth.ts(27,34): error TS7031: Binding element 'params' implicitly has an 'any' type.
check (26)	Run npm run check	2026-10-02T07:34:43.6211967Z ##[error]experiments/post-spike-evidence/2026-10-02/app-provisioning-boundary/official/bluesky-social/atproto/packages/pds/src/api/com/atproto/server/getServiceAuth.ts(32,23): error TS7031: Binding element 'params' implicitly has an 'any' type.
check (26)	Run npm run check	2026-10-02T07:34:43.6214645Z ##[error]experiments/post-spike-evidence/2026-10-02/app-provisioning-boundary/official/bluesky-social/atproto/packages/pds/src/api/com/atproto/server/getServiceAuth.ts(32,31): error TS7031: Binding element 'auth' implicitly has an 'any' type.
check (26)	Run npm run check	2026-10-02T07:34:43.6217265Z ##[error]experiments/post-spike-evidence/2026-10-02/app-provisioning-boundary/official/bluesky-social/atproto/packages/pds/src/auth-verifier.ts(6,57): error TS2307: Cannot find module '@atproto/identity' or its corresponding type declarations.
check (26)	Run npm run check	2026-10-02T07:34:43.6219974Z ##[error]experiments/post-spike-evidence/2026-10-02/app-provisioning-boundary/official/bluesky-social/atproto/packages/pds/src/auth-verifier.ts(15,8): error TS2307: Cannot find module '@atproto/oauth-provider/errors' or its corresponding type declarations.
check (26)	Run npm run check	2026-10-02T07:34:43.6223290Z ##[error]experiments/post-spike-evidence/2026-10-02/app-provisioning-boundary/official/bluesky-social/atproto/packages/pds/src/auth-verifier.ts(19,8): error TS2307: Cannot find module '@atproto/oauth-provider/verifier' or its corresponding type declarations.
check (26)	Run npm run check	2026-10-02T07:34:43.6225978Z ##[error]experiments/post-spike-evidence/2026-10-02/app-provisioning-boundary/official/bluesky-social/atproto/packages/pds/src/auth-verifier.ts(23,8): error TS2307: Cannot find module '@atproto/oauth-scopes' or its corresponding type declarations.
check (26)	Run npm run check	2026-10-02T07:34:43.6228609Z ##[error]experiments/post-spike-evidence/2026-10-02/app-provisioning-boundary/official/bluesky-social/atproto/packages/pds/src/auth-verifier.ts(35,8): error TS2307: Cannot find module '@atproto/xrpc-server' or its corresponding type declarations.
check (26)	Run npm run check	2026-10-02T07:34:43.6231726Z ##[error]experiments/post-spike-evidence/2026-10-02/app-provisioning-boundary/official/bluesky-social/atproto/packages/pds/src/auth-verifier.ts(36,37): error TS2307: Cannot find module './account-manager/account-manager.js' or its corresponding type declarations.
check (26)	Run npm run check	2026-10-02T07:34:43.6234889Z ##[error]experiments/post-spike-evidence/2026-10-02/app-provisioning-boundary/official/bluesky-social/atproto/packages/pds/src/auth-verifier.ts(37,35): error TS2307: Cannot find module './account-manager/helpers/account.js' or its corresponding type declarations.
check (26)	Run npm run check	2026-10-02T07:34:43.6237530Z ##[error]experiments/post-spike-evidence/2026-10-02/app-provisioning-boundary/official/bluesky-social/atproto/packages/pds/src/auth-verifier.ts(46,8): error TS2307: Cannot find module './auth-output.js' or its corresponding type declarations.
check (26)	Run npm run check	2026-10-02T07:34:43.6240088Z ##[error]experiments/post-spike-evidence/2026-10-02/app-provisioning-boundary/official/bluesky-social/atproto/packages/pds/src/auth-verifier.ts(47,57): error TS2307: Cannot find module './auth-scope.js' or its corresponding type declarations.
check (26)	Run npm run check	2026-10-02T07:34:43.6243067Z ##[error]experiments/post-spike-evidence/2026-10-02/app-provisioning-boundary/official/bluesky-social/atproto/packages/pds/src/auth-verifier.ts(48,29): error TS2307: Cannot find module './db/index.js' or its corresponding type declarations.
check (26)	Run npm run check	2026-10-02T07:34:43.6245714Z ##[error]experiments/post-spike-evidence/2026-10-02/app-provisioning-boundary/official/bluesky-social/atproto/packages/pds/src/auth-verifier.ts(49,28): error TS2307: Cannot find module './util/http.js' or its corresponding type declarations.
check (26)	Run npm run check	2026-10-02T07:34:43.6248276Z ##[error]experiments/post-spike-evidence/2026-10-02/app-provisioning-boundary/official/bluesky-social/atproto/packages/pds/src/auth-verifier.ts(50,35): error TS2307: Cannot find module './util/types.js' or its corresponding type declarations.
check (26)	Run npm run check	2026-10-02T07:34:43.6250621Z ##[error]experiments/post-spike-evidence/2026-10-02/app-provisioning-boundary/official/bluesky-social/atproto/packages/pds/src/auth-verifier.ts(118,72): error TS7006: Parameter 'ctx' implicitly has an 'any' type.
check (26)	Run npm run check	2026-10-02T07:34:43.6253306Z ##[error]experiments/post-spike-evidence/2026-10-02/app-provisioning-boundary/official/bluesky-social/atproto/packages/pds/src/auth-verifier.ts(135,68): error TS7006: Parameter 'ctx' implicitly has an 'any' type.
check (26)	Run npm run check	2026-10-02T07:34:43.6255555Z ##[error]experiments/post-spike-evidence/2026-10-02/app-provisioning-boundary/official/bluesky-social/atproto/packages/pds/src/auth-verifier.ts(149,68): error TS7006: Parameter 'ctx' implicitly has an 'any' type.
check (26)	Run npm run check	2026-10-02T07:34:43.6257797Z ##[error]experiments/post-spike-evidence/2026-10-02/app-provisioning-boundary/official/bluesky-social/atproto/packages/pds/src/auth-verifier.ts(167,12): error TS7006: Parameter 'ctx' implicitly has an 'any' type.
check (26)	Run npm run check	2026-10-02T07:34:43.6260006Z ##[error]experiments/post-spike-evidence/2026-10-02/app-provisioning-boundary/official/bluesky-social/atproto/packages/pds/src/auth-verifier.ts(192,19): error TS7006: Parameter 'ctx' implicitly has an 'any' type.
check (26)	Run npm run check	2026-10-02T07:34:43.6262424Z ##[error]experiments/post-spike-evidence/2026-10-02/app-provisioning-boundary/official/bluesky-social/atproto/packages/pds/src/auth-verifier.ts(219,19): error TS7006: Parameter 'ctx' implicitly has an 'any' type.
check (26)	Run npm run check	2026-10-02T07:34:43.6264874Z ##[error]experiments/post-spike-evidence/2026-10-02/app-provisioning-boundary/official/bluesky-social/atproto/packages/pds/src/auth-verifier.ts(257,19): error TS7006: Parameter 'ctx' implicitly has an 'any' type.
check (26)	Run npm run check	2026-10-02T07:34:43.6267124Z ##[error]experiments/post-spike-evidence/2026-10-02/app-provisioning-boundary/official/bluesky-social/atproto/packages/pds/src/auth-verifier.ts(287,19): error TS7006: Parameter 'ctx' implicitly has an 'any' type.
check (26)	Run npm run check	2026-10-02T07:34:43.6269332Z ##[error]experiments/post-spike-evidence/2026-10-02/app-provisioning-boundary/official/bluesky-social/atproto/packages/pds/src/auth-verifier.ts(306,19): error TS7006: Parameter 'ctx' implicitly has an 'any' type.
check (26)	Run npm run check	2026-10-02T07:34:43.6271711Z ##[error]experiments/post-spike-evidence/2026-10-02/app-provisioning-boundary/official/bluesky-social/atproto/packages/pds/src/auth-verifier.ts(319,5): error TS7006: Parameter 'ctx' implicitly has an 'any' type.
check (26)	Run npm run check	2026-10-02T07:34:43.6274179Z ##[error]experiments/post-spike-evidence/2026-10-02/app-provisioning-boundary/official/bluesky-social/atproto/packages/pds/src/auth-verifier.ts(333,14): error TS7006: Parameter 'ctx' implicitly has an 'any' type.
check (26)	Run npm run check	2026-10-02T07:34:43.6276440Z ##[error]experiments/post-spike-evidence/2026-10-02/app-provisioning-boundary/official/bluesky-social/atproto/packages/pds/src/auth-verifier.ts(349,19): error TS7006: Parameter 'ctx' implicitly has an 'any' type.
check (26)	Run npm run check	2026-10-02T07:34:43.6278667Z ##[error]experiments/post-spike-evidence/2026-10-02/app-provisioning-boundary/official/bluesky-social/atproto/packages/pds/src/auth-verifier.ts(370,19): error TS7006: Parameter 'ctx' implicitly has an 'any' type.
check (26)	Run npm run check	2026-10-02T07:34:43.6280911Z ##[error]experiments/post-spike-evidence/2026-10-02/app-provisioning-boundary/official/bluesky-social/atproto/packages/pds/src/auth-verifier.ts(392,17): error TS7006: Parameter 'err' implicitly has an 'any' type.
check (26)	Run npm run check	2026-10-02T07:34:43.6283370Z ##[error]experiments/post-spike-evidence/2026-10-02/app-provisioning-boundary/official/bluesky-social/atproto/packages/pds/src/auth-verifier.ts(553,14): error TS7006: Parameter 'iss' implicitly has an 'any' type.
check (26)	Run npm run check	2026-10-02T07:34:43.6285690Z ##[error]experiments/post-spike-evidence/2026-10-02/app-provisioning-boundary/official/bluesky-social/atproto/packages/pds/src/auth-verifier.ts(553,19): error TS7006: Parameter 'forceRefresh' implicitly has an 'any' type.
check (26)	Run npm run check	2026-10-02T07:34:43.6287885Z ##[error]experiments/post-spike-evidence/2026-10-02/app-provisioning-boundary/official/bluesky-social/atproto/packages/pds/src/auth-verifier.ts(625,20): error TS2532: Object is possibly 'undefined'.
check (26)	Run npm run check	2026-10-02T07:34:43.6290629Z ##[error]experiments/post-spike-evidence/2026-10-02/app-provisioning-boundary/official/bluesky-social/atproto/packages/pds/src/auth-verifier.ts(627,52): error TS7053: Element implicitly has an 'any' type because expression of type 'string' can't be used to index type 'typeof AuthType'.
check (26)	Run npm run check	2026-10-02T07:34:43.6292776Z   No index signature with a parameter of type 'string' was found on type 'typeof AuthType'.
check (26)	Run npm run check	2026-10-02T07:34:43.6294680Z ##[error]experiments/post-spike-evidence/2026-10-02/app-provisioning-boundary/official/bluesky-social/atproto/packages/pds/src/auth-verifier.ts(628,13): error TS2322: Type '[any, string | undefined]' is not assignable to type '[type: null] | [type: AuthType, token: string]'.
check (26)	Run npm run check	2026-10-02T07:34:43.6296396Z   Type '[any, string | undefined]' is not assignable to type '[type: AuthType, token: string]'.
check (26)	Run npm run check	2026-10-02T07:34:43.6297023Z     Type at position 1 in source is not compatible with type at position 1 in target.
check (26)	Run npm run check	2026-10-02T07:34:43.6297572Z       Type 'string | undefined' is not assignable to type 'string'.
check (26)	Run npm run check	2026-10-02T07:34:43.6298019Z         Type 'undefined' is not assignable to type 'string'.
check (26)	Run npm run check	2026-10-02T07:34:43.6299737Z ##[error]experiments/post-spike-evidence/2026-10-02/app-provisioning-boundary/official/bluesky-social/atproto/packages/xrpc-server/src/auth.ts(5,35): error TS2307: Cannot find module './errors.js' or its corresponding type declarations.
check (26)	Run npm run check	2026-10-02T07:34:43.6302823Z ##[error]experiments/post-spike-evidence/2026-10-02/app-provisioning-boundary/official/bluesky-social/atproto/packages/xrpc-server/src/auth.ts(87,30): error TS2345: Argument of type 'string | undefined' is not assignable to parameter of type 'string'.
check (26)	Run npm run check	2026-10-02T07:34:43.6304342Z   Type 'undefined' is not assignable to type 'string'.
check (26)	Run npm run check	2026-10-02T07:34:43.6305899Z ##[error]experiments/post-spike-evidence/2026-10-02/app-provisioning-boundary/official/bluesky-social/atproto/packages/xrpc-server/src/auth.ts(107,32): error TS2345: Argument of type 'string | undefined' is not assignable to parameter of type 'string'.
check (26)	Run npm run check	2026-10-02T07:34:43.6308429Z   Type 'undefined' is not assignable to type 'string'.
check (26)	Run npm run check	2026-10-02T07:34:43.6309757Z ##[error]experiments/post-spike-evidence/2026-10-02/app-provisioning-boundary/official/bluesky-social/atproto/packages/xrpc-server/src/auth.ts(132,32): error TS2769: No overload matches this call.
check (26)	Run npm run check	2026-10-02T07:34:43.6311539Z   The last overload gave the following error.
check (26)	Run npm run check	2026-10-02T07:34:43.6312181Z     Argument of type 'string | undefined' is not assignable to parameter of type 'WithImplicitCoercion<string>'.
check (26)	Run npm run check	2026-10-02T07:34:43.6312870Z       Type 'undefined' is not assignable to type 'WithImplicitCoercion<string>'.
check (26)	Run npm run check	2026-10-02T07:34:43.6316444Z ##[error]Process completed with exit code 1.
