
> atseq@0.1.0 test
> node scripts/source-run.mjs --test tests/*.test.ts

✔ a failed acceptance run replaces a prior pass and retains its exact command logs (594.624958ms)
[plugin builtin:vite-reporter] 
(!) Some chunks are larger than 500 kB after minification. Consider:
- Using dynamic import() to code-split the application
- Use build.rolldownOptions.output.codeSplitting to improve chunking: https://rolldown.rs/reference/OutputOptions.codeSplitting
- Adjust chunk size limit for this warning via build.chunkSizeWarningLimit.
▶ retain complete app history and rebuild without the PDS
  ✔ complete evolved archive retains source history, profiles and exact outcomes (81.680417ms)
  ✔ chosen older prefix uses its original definition and no future candidate (49.441209ms)
  ✔ missing activation source permits only the last complete prefix (71.922416ms)
  ✔ changed history, inventory, runtime and invitation cannot be accepted (68.196292ms)
  ✔ archive bounds, byte decoding and source identity guards reject malformed copies (50.793583ms)
  ✔ CLI rebuild uses a new directory with no host projection cache (4492.103625ms)
  ✔ installed shell bootstraps offline and rebuilds solely from an imported archive (587.701084ms)
  ✔ an archive cannot replace this device’s genesis pin for an existing app DID (244.996209ms)
  ✔ cancelling a held worker export keeps verified inputs and an offline signed action (1006.406041ms)
  ✔ small imported data produces a zero-based chart and static source-tagged exports (1347.159625ms)
  ✔ archives retain oversized invalid activation evidence and replay its following action (765.263125ms)
✔ retain complete app history and rebuild without the PDS (15846.7575ms)
▶ browser sessions retain trust and device work across switches and restarts
  ✔ CryptoKeys survive IndexedDB reload and private export is refused (120.963375ms)
  ✔ every app operation rejects mismatched app, genesis and definition (52.54625ms)
  ✔ a restarted worker replays saved history before a rollback from the host (98.943167ms)
  ✔ a failed or cancelled first worker load preserves the saved prefix against host rollback (516.579042ms)
  ✔ an older archive cannot replace saved history for the same genesis (403.942208ms)
  ✔ a first visit with an invalid host signature does not blame saved device history (313.119042ms)
  ✔ corrupt saved history has explicit recovery without losing its pin, key or signed work (436.865875ms)
  ✔ an online event during the saved-prefix decision cannot load a fork before fresh restore (198.274792ms)
  ✔ a slow A refresh cannot replace offline B or label its query and archive as A (621.49175ms)
  ✔ a new save during a flush is sent, and only definite refusals require explicit resend (8.435917ms)
  ✔ an invalid invitation cannot poison the pin and verified pins can be forgotten (364.8915ms)
  ✔ startup submits retained signed work without a Retry click (118.408958ms)
[plugin builtin:vite-reporter] 
(!) Some chunks are larger than 500 kB after minification. Consider:
- Using dynamic import() to code-split the application
- Use build.rolldownOptions.output.codeSplitting to improve chunking: https://rolldown.rs/reference/OutputOptions.codeSplitting
- Adjust chunk size limit for this warning via build.chunkSizeWarningLimit.
  ✔ a shell update waits and keeps an open tab’s worker assets available offline (597.431125ms)
✔ browser sessions retain trust and device work across switches and restarts (9570.167458ms)
✔ outputs require explicit overwrite and never replace key/intent aliases (55.282083ms)
✔ CAR output cannot enter its source through a directory alias or missing descendant (62.660458ms)
✔ CLI export verifies the invitation instead of accepting the host’s self-pin (3845.15875ms)
✔ CLI replay refuses a single pin; archive import owns verified typed data and codes malformed input (956.24625ms)
✔ retry requests compare content identity across property order and retain signed bytes (1470.616ms)
✔ running host loads and interprets two newly generated unrelated applications (3199.94125ms)
✔ worker requests honor longer replay budgets and retain the shorter preview default (0.964875ms)
✔ worker failures stop after three attempts and require a page reload (0.2455ms)
▶ compatible activation preserves its exact interpretation boundary
  ✔ activation at N preserves state and N+1 uses the new interface (25.114458ms)
  ✔ a full replay uses each definition at its original boundary (34.664834ms)
  ✔ unavailable candidate pauses at N and resumes the same entry after repair (34.733083ms)
  ✔ corrupt candidate content cannot fabricate an invalid-activation verdict (36.918875ms)
  ✔ failed persistence leaves both definition and state before activation (52.555542ms)
  ✔ another actor cannot activate or force a missing-content fetch (11.258833ms)
  ✔ available invalid candidate code is retained ineffective (15.944834ms)
  ✔ an incomplete or extra signed closure has the same outcome with full and closure-only readers (141.854ms)
  ✔ a closure over 512 KiB is transported and invalid on both full and closure-only readers (71.183834ms)
  ✔ an available query-less view with missing bindings is invalid rather than a permanent stall (13.436083ms)
  ✔ state compatibility includes transitive schemas and ignores unrelated additions (36.746791ms)
  ✔ malformed closure and control-action rebinding are refused (19.445875ms)
✔ compatible activation preserves its exact interpretation boundary (3757.137166ms)
▶ evolve a real app and explicitly replace its stale pending work
  ✔ ordinary state is retained while another browser queues an old-definition act (699.356125ms)
  ✔ comparison works locally and an ungranted browser cannot apply (76.9845ms)
  ✔ CLI staging and preparing an activation do not activate it (2215.195583ms)
  ✔ explicit Apply records the boundary and preserves existing data (827.707333ms)
  ✔ a prepared activation racing from the same old definition is ineffective (1422.341167ms)
  ✔ reconnecting delivers the old signed intent unchanged exactly once (444.2365ms)
  ✔ review preserves entered values and signs a replacement only on Save (381.594708ms)
  ✔ the new action, query and view use the preserved state (430.705333ms)
  ✔ offline queue order preserves add-then-select dependencies (838.015708ms)
  ✔ a recorded unauthorized activation is refused under the fixed grant (47.052209ms)
  ✔ an incompatible proposal preserves the app and current data (235.48375ms)
  ✔ sync delivers an oversized closure so host, CLI and fresh browser agree and continue (4875.092958ms)
  ✔ restarting the host rebuilds the active definition and every outcome (585.866083ms)
✔ evolve a real app and explicitly replace its stale pending work (19491.345375ms)
▶ shared feasibility corpus passes in Node
  ✔ effective state fold (0.303958ms)
  ✔ ineffective leaves input state unchanged (0.053084ms)
  ✔ pure query (0.033583ms)
  ✔ array append and multiplication (0.0385ms)
  ✔ malformed fold output (0.031708ms)
  ✔ ineffective cannot carry state (0.031584ms)
  ✔ no floating output (0.0285ms)
  ✔ invalid syntax (0.033584ms)
  ✔ forbidden: $now() (0.047083ms)
  ✔ forbidden: $millis() (0.055625ms)
  ✔ forbidden: $random() (0.0295ms)
  ✔ forbidden: $shuffle([1,2]) (0.022958ms)
  ✔ forbidden: $eval("1") (0.020792ms)
  ✔ forbidden: function($x){$x}(1) (0.019041ms)
  ✔ forbidden: ($v_f := $now; $v_f()) (0.0185ms)
  ✔ forbidden: [1..100000000] (0.019958ms)
  ✔ forbidden: /(a+)+$/ (0.017375ms)
  ✔ forbidden: $pad("a",100000000) (0.018792ms)
  ✔ forbidden: $map([1],function($x){$x}) (0.017666ms)
  ✔ forbidden: $lookup({},"constructor")() (0.031875ms)
  ✔ literal ambient-function text is data (0.018416ms)
  ✔ deterministic work exhaustion (0.0165ms)
  ✔ program bytes exact cap (0.0135ms)
  ✔ action bytes exact cap (0.013958ms)
  ✔ complete input bytes exact cap (0.013375ms)
  ✔ query output bytes exact cap (0.012833ms)
  ✔ source complexity rejected before evaluation (0.013042ms)
  ✔ intermediate growth is bounded (0.013291ms)
  ✔ ordinary JSONata locals need no custom naming (0.013834ms)
  ✔ built-in callable cannot be replaced (0.013208ms)
  ✔ state bytes exact cap (0.013708ms)
  ✔ input depth exact cap (0.012708ms)
  ✔ safe integer boundaries (0.0135ms)
  ✔ null, absent, extras, array order preserved (0.014042ms)
  ✔ prototype and invalid Unicode refused (0.012666ms)
  ✔ runtime-loaded state schema (0.012833ms)
  ✔ runtime-loaded query contract (0.013333ms)
  ✔ domain type validation does not coerce (0.012417ms)
  ✔ query output validated (0.012792ms)
  ✔ second bundle: nested refs, arrays and closed union (0.012833ms)
  ✔ closed union rejects unknown member (0.012875ms)
  ✔ optional does not mean nullable (0.01275ms)
  ✔ missing ref fails before data use (0.011417ms)
  ✔ defaulting rejected at source admission (0.014959ms)
  ✔ schema closure bytes exact cap (0.012542ms)
  ✔ schema file count exact cap (0.012ms)
  ✔ Inlay local template and query binding (0.01225ms)
  ✔ Inlay absent component fails explicitly (0.013125ms)
  ✔ Inlay external body refused without I/O (0.012459ms)
  ✔ Inlay missing caller property fails (0.012167ms)
  ✔ Inlay auto-submit property refused (0.0115ms)
  ✔ engine evaluation nesting exact boundary (0.01325ms)
  ✔ engine sequence exact boundary (0.012791ms)
  ✔ AST container count exact boundary in unevaluated branch (0.012334ms)
  ✔ AST container depth exact boundary (0.021375ms)
  ✔ encoded-byte work budget exact boundary (0.016208ms)
  ✔ large repeated intermediate strings exhaust byte budget (0.012875ms)
  ✔ generated range rejected with stable code (0.015541ms)
  ✔ regex rejected with stable code (0.012958ms)
  ✔ Unicode casing is outside the portable profile (0.01275ms)
  ✔ absent expression result is explicit (0.012208ms)
  ✔ negative zero input is not a wire integer (0.01275ms)
  ✔ malformed Unicode object key is rejected (0.013667ms)
  ✔ fold input state exact byte cap (0.012792ms)
  ✔ fold successor state exact byte cap (0.012834ms)
  ✔ ineffective reason length and syntax (0.012291ms)
  ✔ ineffective message must be a string (0.013208ms)
  ✔ duplicate schema IDs rejected before validation (0.022208ms)
  ✔ open union rejected at admission (0.013708ms)
  ✔ inherited type names are ordinary unsupported schemas (0.01925ms)
  ✔ native grapheme constraints rejected at admission (0.013125ms)
  ✔ Inlay source bytes exact boundary (0.019708ms)
  ✔ Inlay source record count exact boundary (0.015334ms)
  ✔ Inlay expanded node count exact boundary (0.012625ms)
  ✔ Inlay expansion depth exact boundary (0.01375ms)
✔ shared feasibility corpus passes in Node (3078.735334ms)
▶ human and agent participation on a real PDS
  ✔ source validation and preview publish nothing (83.112666ms)
  ✔ creation retry returns one app and binds its content (12.829ms)
  ✔ shared service exposes recorded and then interpreted progress (113.521084ms)
  ✔ reads after confirmation pass an older held interpretation refresh (83.531875ms)
  ✔ reads do not chase appends arriving during every interpretation refresh (44.787625ms)
  ✔ host restart restores the same app and interpreted history (519.589667ms)
  ✔ concurrent reads and submissions report coherent heads and frontiers (463.126041ms)
  ✔ documented CLI packs, validates and creates the same immutable source (3824.640292ms)
✔ human and agent participation on a real PDS (10266.015792ms)
✔ HTTP receipts retain crash recovery and externally confirmed heads across rollback (3982.442334ms)
✔ host procedures require a retained owner-only token; reads remain public (1495.049916ms)
✔ draft cache evicts least recently used previews within count and byte budgets (87.319125ms)
✔ incomplete creations consume application quota before an account is provisioned (7.877459ms)
✔ a corrupt lease database keeps its SQLite diagnostic instead of claiming contention (3.169084ms)
✔ only a PDS RecordNotFound response becomes a missing source (5.854166ms)
✔ only definite invalid input is final; integrity and host availability errors use 503 (0.194708ms)
✔ actual native proof limits remain unavailable and nonpermanent through host HTTP (26.141875ms)
✔ expiry renews once across concurrent JSON, blob and upload calls (38.383083ms)
✔ missing, rejected or repeatedly expired session credentials have a permanent authentication code (10.275459ms)
✔ complete-prefix limits and nonce conflicts have stable permanent codes (0.193958ms)
✔ authorization refusal does not permanently disable a valid PDS credential (5.606417ms)
✔ preverified interpretation accepts only immutable history issued for its genesis (1416.165417ms)
✔ snapshot reads share verification, invalidate changed commits and retain rollback and fork checks (62.974167ms)
✔ receipt lookup completes while an append waits for its conditional write (31.94825ms)
✔ confirmation replaces an in-flight read started before the conditional write completed (29.353792ms)
✔ confirmed and repeated receipts retain their head across restart and refuse rollback (63.722708ms)
✔ entry 20000 is accepted, 20001 is refused before a PDS write and existing history stays readable (70059.930875ms)
✔ Node resolution consumes stdin payloads larger than 64 KiB (11095.49825ms)
✔ package file patches and unlisted nested resolution fail before interpretation (9868.13325ms)
✔ loader shape mutations remain coded input failures, including manifest and view edges (7716.910833ms)
ℹ 3260 loader mutations checked against two loadable baselines
{"browserCases":51,"bundleBytes":445724,"shared":["p256","secp256k1"]}
✔ Chromium executes native hostile cases and shared Node key/commit fixtures (459.2935ms)
{"nativeProofCases":["root fields, raw membership, absence and whole-tree checks","non-forgeable capability","wrong DID","wrong key","wrong root","truncated CAR","CAR byte budget: resource limit and sufficient-budget recovery","block count budget: resource limit and sufficient-budget recovery","block byte budget: resource limit and sufficient-budget recovery","header budget: resource limit and sufficient-budget recovery","native header depth budget: resource limit and sufficient-budget recovery","CAR type and truncated/zero header are input before local header policy","unknown and nonpositive/fractional/nonfinite/unsafe bounds remain caller input errors","corrupt block","wrong record CID","path protocol syntax/1024 maximum precede stricter local character policy","path node, full-tree node and walker-depth budgets are resource limits","node-entry policy yields resource limit and sufficient-budget recovery","native cached-node depth is local policy distinct from Atseq wire depth","cached native block bytes obey resource policy","caller CAR, options and returned-byte mutation isolation","sparse missing evidence distinct from absence","missing record bytes","full-export cache recovery","failed admission preserves prior evidence","single-CAR cache byte/count budgets are resource limits","LRU eviction yields missing evidence","optional expected root","exactly one selected CAR root","oversized authenticated admission is atomic","p256 legacy/compressed/off-curve keys and compact low-S signatures","secp256k1 legacy/compressed/off-curve keys and compact low-S signatures","wrong-layer signed MST node","unordered signed MST keys","wrong child layer","overlapping child interval","signed walked interval fault overrides withheld child for lookup and full tree","signed walked interval fault overrides node-load limit before withheld child for lookup and full tree","canonical MST fields","invalid node shape precedes local node-entry policy","canonical empty repository root","height-one signed empty non-root MST node","leaf signed empty non-root MST node","untrimmed keyless root is invalid input","noncanonical signed MST CBOR is invalid input","maintained MST deserialization errors are invalid input","noncanonical commit CBOR is invalid input","lookup/tree preserve observed runtime/resource/input/missing failures instead of cleanup depth error","genuine walker runtime faults retain identity","native depth limit does not claim validity; raised policy detects malformed commit","native membership cannot bypass strict Atseq record limits"]}
✔ native repository proof corpus rejects hostile inputs and separates missing evidence (1398.281834ms)
✔ packed APIs, declarations, JSON CLI and host work in a fresh native Node consumer (32555.508ms)
▶ two browser identities and the JSON CLI use generic participation flows
  ✔ CLI preview opens the same source in the browser without publication (844.974ms)
  ✔ explicit identity and publication create an app once (2348.301292ms)
  ✔ another browser can read before creating a distinct signing identity (356.11325ms)
  ✔ offline double click retains one signed intent across reload and reconnect (474.709916ms)
  ✔ a competing browser action is recorded with an honest ineffective outcome (275.995917ms)
  ✔ CLI uses a third private key and keeps exact retry bytes in a file (4979.572708ms)
  ✔ narrow layout remains usable with keyboard focus and no script errors (214.685042ms)
  ✔ lost submit reply reconciles the retained intent without a second append (370.243458ms)
  ✔ transport refusal retains the original signed work and invents no entry (574.0275ms)
  ✔ hostile template text stays text and rendering cannot sign or fetch external resources (2325.446375ms)
✔ two browser identities and the JSON CLI use generic participation flows (17995.760333ms)
✔ PDS child keeps only OS paths and forced telemetry disable without mutating input (0.829459ms)
✔ inherited telemetry preload exports with legacy spread and is blocked by the fixture allowlist (12851.949625ms)
▶ real disposable PDS persistence and recovery
  ✔ genesis and initial head are a verified empty prefix (14.290416ms)
  ✔ provisioning refuses to replace an existing application log (41.191167ms)
  ✔ source blobs are retained and recovered by exact CID (41.251542ms)
  ✔ reset refuses a live or unmarked directory (3.645333ms)
  ✔ two concurrent submissions receive one contiguous order (123.089458ms)
  ✔ same intent and a new valid signature return original receipt (50.417584ms)
  ✔ second local writer is refused while the lease is held (0.501709ms)
  ✔ official PDS process crash preserves acknowledged history and blobs (1345.498292ms)
  ✔ a rejected conditional batch leaves entry and head unchanged (68.932917ms)
  ✔ malformed commit replies cannot remove an append or provision condition (85.179208ms)
  ✔ an unrelated repo write races the append and is reconciled (150.227709ms)
  ✔ lost HTTP response after commit resolves to one original receipt (104.725334ms)
  ✔ a different writer process cannot acquire the same local lease (1235.218167ms)
  ✔ writer crash after commit but before acknowledgment recovers one receipt (1614.501916ms)
  ✔ writer crash after acknowledgment keeps receipt and no domain effect claim (1271.863084ms)
  ✔ XRPC rejects a foreign receipt anchor and malformed submission (24.555042ms)
  ✔ bootstrap at a chosen head catches up without notifications (151.450167ms)
  ✔ repository CAR contains retention references but blobs require explicit export (12.890834ms)
  ✔ missing and tampered source references fail, then recover by exact content (43.045125ms)
  ✔ missing or corrupted physical blob bytes never satisfy a source CID (14.397666ms)
  ✔ a retained verified head refuses repository rollback and signed-entry corruption (158.888542ms)
  ✔ chosen-head catch-up verifies a prefix spanning real PDS pages (431.311208ms)
  ✔ PDS compare-and-swap excludes competing writers even with the local lease bypassed (1006.182833ms)
✔ real disposable PDS persistence and recovery (12646.628083ms)
✔ interpretation observation preserves exact projection and restores all methods (1449.485417ms)
✔ HTTP observer counts actual UTF-8 bodies, omits sensitive URL fields and restores after failure (31.830709ms)
✔ benchmark observation counts actual operations and restores WebCrypto after failure (4.986125ms)
✔ v2 contract identities agree with independent encoder vectors and exclude implementation provenance (1672.65025ms)
✔ unapproved, missing and duplicated installed dependency sets fail closed (6.667875ms)
✔ host-only errors do not widen semantic interpretation outcomes (0.1535ms)
✔ host snapshot stays coherent during writes and rebuilds after cache deletion (2069.766334ms)
▶ protocol vectors and rejection corpus agree in Node and Chromium
  ✔ independent CBOR and CID: profile (0.304125ms)
  ✔ independent CBOR and CID: definition (0.038709ms)
  ✔ independent CBOR and CID: genesis (0.030333ms)
  ✔ independent CBOR and CID: intent (0.026292ms)
  ✔ independent CBOR and CID: signed (0.023875ms)
  ✔ independent CBOR and CID: entry (0.021792ms)
  ✔ independent CBOR and CID: head (0.020042ms)
  ✔ application descriptor CID matches independent vector (0.045167ms)
  ✔ independent actor signature verifies (0.060042ms)
  ✔ independent sequencer signature verifies (0.049042ms)
  ✔ two valid signature encodings share content identity and receipt (0.024125ms)
  ✔ changed intent app rejected (0.017792ms)
  ✔ changed intent genesis rejected (0.01475ms)
  ✔ changed intent definition rejected (0.01325ms)
  ✔ changed intent payload rejected (0.012917ms)
  ✔ changed intent extra payload field rejected (0.012208ms)
  ✔ changed intent nonce rejected (0.0105ms)
  ✔ changed intent action rejected (0.014833ms)
  ✔ changed intent actor key rejected (0.011333ms)
  ✔ changed intent version rejected (0.010625ms)
  ✔ changed intent domain rejected (0.034167ms)
  ✔ unknown framework fields are refused, never stripped (0.021417ms)
  ✔ genesis anchor cannot be replaced (0.012583ms)
  ✔ duplicate genesis activation keys rejected (0.010084ms)
  ✔ signature bit flip rejected (0.008959ms)
  ✔ signature verification and key import host faults retain their identity (0.008791ms)
  ✔ high-S variant rejected (0.008708ms)
  ✔ wire rejects duplicate map key (0.008542ms)
  ✔ wire rejects noncanonical key order (0.008792ms)
  ✔ wire rejects long integer encoding (0.008416ms)
  ✔ wire rejects float encoding of integer (0.008041ms)
  ✔ wire rejects negative zero (0.008125ms)
  ✔ wire rejects indefinite array (0.008125ms)
  ✔ wire rejects trailing bytes (0.007833ms)
  ✔ wire rejects non-string map key (0.009541ms)
  ✔ wire rejects unsupported tag (0.00875ms)
  ✔ wire rejects truncated string (0.007708ms)
  ✔ wire rejects huge truncated array (0.007917ms)
  ✔ wire $type is a string in nested records (0.008083ms)
  ✔ wire invalid UTF-8 has the same code in every engine (0.008167ms)
  ✔ nested CID tags are refused without recursion in every engine (0.007875ms)
  ✔ array nesting accepts the depth limit and refuses the next level (0.007875ms)
  ✔ incomplete base64 has a deterministic input code (0.007833ms)
  ✔ wire rejects deep nesting (0.010167ms)
  ✔ wire block byte boundary (0.008083ms)
  ✔ wire input rejects undefined field (0.007958ms)
  ✔ wire input rejects negative zero value (0.008084ms)
  ✔ wire input rejects malformed Unicode key (0.008167ms)
  ✔ wire input rejects malformed Unicode value (0.007625ms)
  ✔ wire input rejects extra bytes member (0.007833ms)
  ✔ wire input rejects noncanonical base64 (0.007917ms)
  ✔ wire input rejects padded base64 (0.008041ms)
  ✔ wire input rejects extra CID member (0.008208ms)
  ✔ wire input rejects reserved data-model field (0.008042ms)
  ✔ wire input rejects unsafe integer (0.012833ms)
  ✔ wire input rejects float value (0.009375ms)
  ✔ wire input rejects invalid CID (0.007792ms)
  ✔ UTF-8 map ordering and absent/null remain distinct (0.008166ms)
  ✔ live signing verifies without a second SHA-256 (0.009917ms)
  ✔ wrong signing key rejected (0.008291ms)
  ✔ wrong curve rejected (0.007833ms)
  ✔ verify rejects a valid secp256k1 actor signature (0.008ms)
  ✔ verify rejects an uncompressed P-256 did:key with a valid signature (0.007416ms)
  ✔ verify rejects a valid entry proof for a foreign sequencer (0.007958ms)
  ✔ verify rejects a valid entry proof for a foreign app (0.007667ms)
  ✔ verify rejects a valid entry proof for a foreign genesis (0.008459ms)
  ✔ head targeting a foreign app is rejected (0.007708ms)
  ✔ head targeting a foreign genesis is rejected (0.014167ms)
  ✔ history follows signed positions, not arrival order (0.007833ms)
  ✔ empty genesis prefix (0.008125ms)
  ✔ missing history cannot appear current (0.008292ms)
  ✔ duplicate positions rejected (0.015458ms)
  ✔ altered predecessor invalidates proof (0.008291ms)
  ✔ valid signature on wrong predecessor still rejected (0.049084ms)
  ✔ valid signature on skipped position still rejected (0.044917ms)
  ✔ altered chosen head rejected (0.019875ms)
  ✔ position zero is genesis only (0.020416ms)
  ✔ entry keys have fixed width and safe bounds (0.014083ms)
  ✔ conflicting content under retained nonce is rejected (0.051792ms)
  ✔ same retry identity cannot be recorded twice (0.011334ms)
  ✔ nonce exact width (0.011625ms)
  ✔ signature exact width (0.010917ms)
  ✔ action payload exact JSON byte boundary (0.046625ms)
  ✔ framework validation retains unknown action content (0.024792ms)
  ✔ fixed XRPC schemas load and validate through Lexicon (0.0145ms)
[plugin builtin:vite-reporter] 
(!) Some chunks are larger than 500 kB after minification. Consider:
- Using dynamic import() to code-split the application
- Use build.rolldownOptions.output.codeSplitting to improve chunking: https://rolldown.rs/reference/OutputOptions.codeSplitting
- Adjust chunk size limit for this warning via build.chunkSizeWarningLimit.
✔ protocol vectors and rejection corpus agree in Node and Chromium (1744.506708ms)
▶ application interpretation agrees in Node and a Chromium worker
  ✔ CAR round trip owns exact source bytes (0.413083ms)
  ✔ two unrelated definitions resolve schemas and retained views (0.06325ms)
  ✔ initial state comes only from the pinned definition (0.039167ms)
  ✔ fold and query match independently specified values (0.035125ms)
  ✔ rainfall summary covers the maximum valid aggregate (0.032708ms)
  ✔ malformed domain input is retained ineffective (0.035833ms)
  ✔ unknown action is retained ineffective (0.030291ms)
  ✔ old definition intent is retained ineffective (0.037333ms)
  ✔ domain refusal preserves complete prior state (0.04975ms)
  ✔ restarting and replaying reproduces state outcomes and frontier (0.158375ms)
  ✔ failed persistence advances neither state outcomes nor frontier (0.028333ms)
  ✔ runtime faults pause without producing a replicated outcome and can resume (0.021708ms)
  ✔ activation validation host faults pause and resume to the healthy replica (0.018458ms)
  ✔ parser TypeError and RangeError faults pause folds and activations, then resume identically (0.018375ms)
  ✔ malformed schema and view shapes cannot freeze activation (0.018125ms)
  ✔ malformed UTF-8 source has a deterministic loader code (0.018ms)
  ✔ reader size claims require independently verified bytes (0.017625ms)
  ✔ hash-valid oversized activation is ineffective; corrupt bytes pause until restored (0.016791ms)
  ✔ query captures its prefix before concurrent catch-up (0.016875ms)
  ✔ malformed fold result records framework failure and continues (0.027167ms)
  ✔ invalid successor schema records framework failure and continues (0.028333ms)
  ✔ ineffective successor state records framework failure and continues (0.019625ms)
  ✔ noninteger computed state records framework failure and continues (0.013083ms)
  ✔ the 1001st reading is ineffective and a later valid action clears state (0.012417ms)
  ✔ copied extra payload bytes cannot freeze interpretation (0.013167ms)
  ✔ overlong ineffective message cannot block a later valid entry (0.012708ms)
  ✔ invalid query output is unavailable at its exact unchanged prefix (0.011375ms)
  ✔ caller snapshot mutation cannot change the projection (0.011458ms)
  ✔ unavailable source pauses definition loading (0.0115ms)
  ✔ tampered source fails its pinned CID (0.01275ms)
  ✔ unsupported definition runtime is refused (0.013ms)
  ✔ unsupported genesis runtime is refused even with a valid definition (0.012292ms)
  ✔ definition refuses unknown binding field (0.011208ms)
  ✔ definition refuses duplicate action binding (0.011875ms)
  ✔ definition refuses missing binding schema (0.011916ms)
  ✔ definition refuses missing program file (0.014ms)
  ✔ definition refuses escaping source path (0.012ms)
  ✔ definition refuses ambient program (0.011958ms)
  ✔ definition refuses invalid program syntax (0.011167ms)
  ✔ definition refuses noninteger program literal (0.011958ms)
  ✔ definition refuses null initial state (0.011875ms)
  ✔ definition refuses negative zero initial data (0.012ms)
  ✔ source closure and initial state byte limits are enforced (0.17025ms)
  ✔ exact state and program limits pass and the next byte fails (0.380125ms)
  ✔ definition counts the manifest within the 64-file limit (0.046584ms)
  ✔ CAR blocks outside the declared closure are refused (0.0215ms)
  ✔ work exhaustion records a framework refusal and preserves prior state (0.015542ms)
  ✔ oversized action is refused before interpretation (0.013709ms)
  ✔ unsupported schema constructs fail while loading the definition (0.012375ms)
  ✔ application registry refuses anchor replacement (0.012542ms)
  ✔ concurrent anchor replacement cannot persist a conflicting initial state (0.01175ms)
  ✔ 64 sibling object values do not consume nesting depth (0.011834ms)
  ✔ 100 grouped values do not consume nesting depth (0.011375ms)
  ✔ intermediate negative zero can be consumed as integer zero (0.010458ms)
  ✔ negative zero remains invalid at input and output boundaries (0.024334ms)
  ✔ sum checks exact intermediate integers before cancellation (0.014958ms)
  ✔ ineffective messages count Unicode code points and stop at 1024 (0.012709ms)
  ✔ conditional integrity adapter matches the running environment (0.012208ms)
  ✔ unmatched dependency closure fails closed in either environment (0.010917ms)
  ✔ source document taskboard round trip and viewless preview (0.010875ms)
  ✔ source document guitar round trip and viewless preview (0.011583ms)
  ✔ source document ledger round trip and viewless preview (0.01125ms)
  ✔ source document guitar summary covers the maximum valid aggregate (0.015333ms)
  ✔ source document taskboard completes a retained task (0.011125ms)
  ✔ source documents refuse the historical application v1 profile (0.01075ms)
  ✔ source document retains exact bytes, aliases, unused files and manifest order (0.010667ms)
  ✔ source document refuses path, version, byte and retained-table ambiguity (0.010959ms)
✔ application interpretation agrees in Node and a Chromium worker (3744.723791ms)
▶ single documents support generic CLI, host discovery and viewless browser participation
  ✔ taskboard: pack, validate, preview, create, submit, query and outcome (10302.931583ms)
  ✔ guitar: pack, validate, preview, create, submit, query and outcome (9189.307375ms)
  ✔ ledger: pack, validate, preview, create, submit, query and outcome (6734.686583ms)
  ✔ viewless taskboard offers generic forms, signed actions and query inspection (485.306167ms)
✔ single documents support generic CLI, host discovery and viewless browser participation (29286.804625ms)
ℹ tests 374
ℹ suites 0
ℹ pass 374
ℹ fail 0
ℹ cancelled 0
ℹ skipped 0
ℹ todo 0
ℹ duration_ms 72210.987334
