
> atseq@0.1.0 test:protocol
> node scripts/source-run.mjs --test tests/protocol.test.ts

▶ protocol vectors and rejection corpus agree in Node and Chromium
  ✔ independent CBOR and CID: profile (0.270666ms)
  ✔ independent CBOR and CID: definition (0.031417ms)
  ✔ independent CBOR and CID: genesis (0.023625ms)
  ✔ independent CBOR and CID: intent (0.019584ms)
  ✔ independent CBOR and CID: signed (0.019166ms)
  ✔ independent CBOR and CID: entry (0.017958ms)
  ✔ independent CBOR and CID: head (0.017ms)
  ✔ application descriptor CID matches independent vector (0.019625ms)
  ✔ independent actor signature verifies (0.031417ms)
  ✔ independent sequencer signature verifies (0.041375ms)
  ✔ two valid signature encodings share content identity and receipt (0.019417ms)
  ✔ changed intent app rejected (0.014833ms)
  ✔ changed intent genesis rejected (0.011208ms)
  ✔ changed intent definition rejected (0.011083ms)
  ✔ changed intent payload rejected (0.010667ms)
  ✔ changed intent extra payload field rejected (0.010625ms)
  ✔ changed intent nonce rejected (0.009084ms)
  ✔ changed intent action rejected (0.009042ms)
  ✔ changed intent actor key rejected (0.009041ms)
  ✔ changed intent version rejected (0.008542ms)
  ✔ changed intent domain rejected (0.008542ms)
  ✔ unknown framework fields are refused, never stripped (0.009458ms)
  ✔ genesis anchor cannot be replaced (0.016167ms)
  ✔ duplicate genesis activation keys rejected (0.0085ms)
  ✔ signature bit flip rejected (0.021875ms)
  ✔ signature verification and key import host faults retain their identity (0.011875ms)
  ✔ high-S variant rejected (0.009042ms)
  ✔ wire rejects duplicate map key (0.008167ms)
  ✔ wire rejects noncanonical key order (0.0075ms)
  ✔ wire rejects long integer encoding (0.007083ms)
  ✔ wire rejects float encoding of integer (0.006958ms)
  ✔ wire rejects negative zero (0.006875ms)
  ✔ wire rejects indefinite array (0.006834ms)
  ✔ wire rejects trailing bytes (0.006833ms)
  ✔ wire rejects non-string map key (0.007041ms)
  ✔ wire rejects unsupported tag (0.006959ms)
  ✔ wire rejects truncated string (0.006709ms)
  ✔ wire rejects huge truncated array (0.00675ms)
  ✔ wire $type is a string in nested records (0.006667ms)
  ✔ wire invalid UTF-8 has the same code in every engine (0.006708ms)
  ✔ nested CID tags are refused without recursion in every engine (0.010875ms)
  ✔ array nesting accepts the depth limit and refuses the next level (0.006792ms)
  ✔ incomplete base64 has a deterministic input code (0.006833ms)
  ✔ wire rejects deep nesting (0.008125ms)
  ✔ wire block byte boundary (0.006917ms)
  ✔ wire input rejects undefined field (0.006708ms)
  ✔ wire input rejects negative zero value (0.006625ms)
  ✔ wire input rejects malformed Unicode key (0.006833ms)
  ✔ wire input rejects malformed Unicode value (0.01975ms)
  ✔ wire input rejects extra bytes member (0.00675ms)
  ✔ wire input rejects noncanonical base64 (0.006666ms)
  ✔ wire input rejects padded base64 (0.006709ms)
  ✔ wire input rejects extra CID member (0.006583ms)
  ✔ wire input rejects reserved data-model field (0.006833ms)
  ✔ wire input rejects unsafe integer (0.009167ms)
  ✔ wire input rejects float value (0.008708ms)
  ✔ wire input rejects invalid CID (0.007583ms)
  ✔ UTF-8 map ordering and absent/null remain distinct (0.007167ms)
  ✔ live signing verifies without a second SHA-256 (0.006917ms)
  ✔ wrong signing key rejected (0.00675ms)
  ✔ wrong curve rejected (0.00675ms)
  ✔ verify rejects a valid secp256k1 actor signature (0.006625ms)
  ✔ verify rejects an uncompressed P-256 did:key with a valid signature (0.006583ms)
  ✔ verify rejects a valid entry proof for a foreign sequencer (0.006542ms)
  ✔ verify rejects a valid entry proof for a foreign app (0.006375ms)
  ✔ verify rejects a valid entry proof for a foreign genesis (0.006625ms)
  ✔ head targeting a foreign app is rejected (0.006458ms)
  ✔ head targeting a foreign genesis is rejected (0.012584ms)
  ✔ history follows signed positions, not arrival order (0.007416ms)
  ✔ empty genesis prefix (0.007167ms)
  ✔ missing history cannot appear current (0.007333ms)
  ✔ duplicate positions rejected (0.011583ms)
  ✔ altered predecessor invalidates proof (0.006833ms)
  ✔ valid signature on wrong predecessor still rejected (0.007041ms)
  ✔ valid signature on skipped position still rejected (0.006875ms)
  ✔ altered chosen head rejected (0.006667ms)
  ✔ position zero is genesis only (0.00675ms)
  ✔ entry keys have fixed width and safe bounds (0.006458ms)
  ✔ conflicting content under retained nonce is rejected (0.006875ms)
  ✔ same retry identity cannot be recorded twice (0.007375ms)
  ✔ nonce exact width (0.006917ms)
  ✔ signature exact width (0.006833ms)
  ✔ action payload exact JSON byte boundary (0.006208ms)
  ✔ framework validation retains unknown action content (0.006167ms)
  ✔ fixed XRPC schemas load and validate through Lexicon (0.007458ms)
[plugin builtin:vite-reporter] 
(!) Some chunks are larger than 500 kB after minification. Consider:
- Using dynamic import() to code-split the application
- Use build.rolldownOptions.output.codeSplitting to improve chunking: https://rolldown.rs/reference/OutputOptions.codeSplitting
- Adjust chunk size limit for this warning via build.chunkSizeWarningLimit.
✔ protocol vectors and rejection corpus agree in Node and Chromium (678.016125ms)
ℹ tests 86
ℹ suites 0
ℹ pass 86
ℹ fail 0
ℹ cancelled 0
ℹ skipped 0
ℹ todo 0
ℹ duration_ms 1136.931875
