
> atseq@0.1.0 test:pds
> node scripts/source-run.mjs --test tests/pds.test.ts

▶ real disposable PDS persistence and recovery
  ✔ genesis and initial head are a verified empty prefix (7.135375ms)
  ✔ provisioning refuses to replace an existing application log (13.462209ms)
  ✔ source blobs are retained and recovered by exact CID (11.306625ms)
  ✔ reset refuses a live or unmarked directory (0.7535ms)
  ✔ two concurrent submissions receive one contiguous order (47.431167ms)
  ✔ same intent and a new valid signature return original receipt (16.046833ms)
  ✔ second local writer is refused while the lease is held (0.226125ms)
  ✔ official PDS process crash preserves acknowledged history and blobs (665.422583ms)
  ✔ a rejected conditional batch leaves entry and head unchanged (32.693416ms)
  ✔ malformed commit replies cannot remove an append or provision condition (32.933333ms)
  ✔ an unrelated repo write races the append and is reconciled (51.299958ms)
  ✔ lost HTTP response after commit resolves to one original receipt (32.945333ms)
  ✔ a different writer process cannot acquire the same local lease (493.397459ms)
  ✔ writer crash after commit but before acknowledgment recovers one receipt (639.590583ms)
  ✔ writer crash after acknowledgment keeps receipt and no domain effect claim (635.940125ms)
  ✔ XRPC rejects a foreign receipt anchor and malformed submission (13.697042ms)
  ✔ bootstrap at a chosen head catches up without notifications (82.2115ms)
  ✔ repository CAR contains retention references but blobs require explicit export (7.825166ms)
  ✔ missing and tampered source references fail, then recover by exact content (25.088958ms)
  ✔ missing or corrupted physical blob bytes never satisfy a source CID (8.97625ms)
  ✔ a retained verified head refuses repository rollback and signed-entry corruption (127.49525ms)
  ✔ chosen-head catch-up verifies a prefix spanning real PDS pages (223.375333ms)
  ✔ PDS compare-and-swap excludes competing writers even with the local lease bypassed (474.011625ms)
✔ real disposable PDS persistence and recovery (5264.285333ms)
ℹ tests 24
ℹ suites 0
ℹ pass 24
ℹ fail 0
ℹ cancelled 0
ℹ skipped 0
ℹ todo 0
ℹ duration_ms 5601.938042
