
> atseq@0.1.0 test:runtime
> node scripts/source-run.mjs --test tests/runtime.test.ts tests/projection.test.ts

✔ host snapshot stays coherent during writes and rebuilds after cache deletion (848.693083ms)
▶ application interpretation agrees in Node and a Chromium worker
  ✔ CAR round trip owns exact source bytes (0.306125ms)
  ✔ two unrelated definitions resolve schemas and retained views (0.031958ms)
  ✔ initial state comes only from the pinned definition (0.024125ms)
  ✔ fold and query match independently specified values (0.022417ms)
  ✔ rainfall summary covers the maximum valid aggregate (0.021ms)
  ✔ malformed domain input is retained ineffective (0.019542ms)
  ✔ unknown action is retained ineffective (0.018ms)
  ✔ old definition intent is retained ineffective (0.022416ms)
  ✔ domain refusal preserves complete prior state (0.031542ms)
  ✔ restarting and replaying reproduces state outcomes and frontier (0.038791ms)
  ✔ failed persistence advances neither state outcomes nor frontier (0.019959ms)
  ✔ runtime faults pause without producing a replicated outcome and can resume (0.016875ms)
  ✔ activation validation host faults pause and resume to the healthy replica (0.012834ms)
  ✔ parser TypeError and RangeError faults pause folds and activations, then resume identically (0.011291ms)
  ✔ malformed schema and view shapes cannot freeze activation (0.01075ms)
  ✔ malformed UTF-8 source has a deterministic loader code (0.011417ms)
  ✔ reader size claims require independently verified bytes (0.009875ms)
  ✔ hash-valid oversized activation is ineffective; corrupt bytes pause until restored (0.009417ms)
  ✔ query captures its prefix before concurrent catch-up (0.00925ms)
  ✔ malformed fold result records framework failure and continues (0.009375ms)
  ✔ invalid successor schema records framework failure and continues (0.008959ms)
  ✔ ineffective successor state records framework failure and continues (0.009417ms)
  ✔ noninteger computed state records framework failure and continues (0.009083ms)
  ✔ the 1001st reading is ineffective and a later valid action clears state (0.009167ms)
  ✔ copied extra payload bytes cannot freeze interpretation (0.008958ms)
  ✔ overlong ineffective message cannot block a later valid entry (0.008792ms)
  ✔ invalid query output is unavailable at its exact unchanged prefix (0.008625ms)
  ✔ caller snapshot mutation cannot change the projection (0.009042ms)
  ✔ unavailable source pauses definition loading (0.009083ms)
  ✔ tampered source fails its pinned CID (0.00875ms)
  ✔ unsupported definition runtime is refused (0.009ms)
  ✔ unsupported genesis runtime is refused even with a valid definition (0.008542ms)
  ✔ definition refuses unknown binding field (0.008334ms)
  ✔ definition refuses duplicate action binding (0.018834ms)
  ✔ definition refuses missing binding schema (0.0145ms)
  ✔ definition refuses missing program file (0.010583ms)
  ✔ definition refuses escaping source path (0.008458ms)
  ✔ definition refuses ambient program (0.008ms)
  ✔ definition refuses invalid program syntax (0.0075ms)
  ✔ definition refuses noninteger program literal (0.00775ms)
  ✔ definition refuses null initial state (0.007541ms)
  ✔ definition refuses negative zero initial data (0.007833ms)
  ✔ source closure and initial state byte limits are enforced (0.00775ms)
  ✔ exact state and program limits pass and the next byte fails (0.008792ms)
  ✔ definition counts the manifest within the 64-file limit (0.007458ms)
  ✔ CAR blocks outside the declared closure are refused (0.007333ms)
  ✔ work exhaustion records a framework refusal and preserves prior state (0.007583ms)
  ✔ oversized action is refused before interpretation (0.007791ms)
  ✔ unsupported schema constructs fail while loading the definition (0.006959ms)
  ✔ application registry refuses anchor replacement (0.007375ms)
  ✔ concurrent anchor replacement cannot persist a conflicting initial state (0.007416ms)
  ✔ 64 sibling object values do not consume nesting depth (0.007ms)
  ✔ 100 grouped values do not consume nesting depth (0.007209ms)
  ✔ intermediate negative zero can be consumed as integer zero (0.006959ms)
  ✔ negative zero remains invalid at input and output boundaries (0.00925ms)
  ✔ sum checks exact intermediate integers before cancellation (0.008417ms)
  ✔ ineffective messages count Unicode code points and stop at 1024 (0.007583ms)
  ✔ conditional integrity adapter matches the running environment (0.007125ms)
  ✔ unmatched dependency closure fails closed in either environment (0.007084ms)
  ✔ source document taskboard round trip and viewless preview (0.007292ms)
  ✔ source document guitar round trip and viewless preview (0.007291ms)
  ✔ source document ledger round trip and viewless preview (0.007083ms)
  ✔ source document guitar summary covers the maximum valid aggregate (0.008375ms)
  ✔ source document taskboard completes a retained task (0.007458ms)
  ✔ source documents refuse the historical application v1 profile (0.007417ms)
  ✔ source document retains exact bytes, aliases, unused files and manifest order (0.007083ms)
  ✔ source document refuses path, version, byte and retained-table ambiguity (0.00675ms)
✔ application interpretation agrees in Node and a Chromium worker (1964.450542ms)
ℹ tests 69
ℹ suites 0
ℹ pass 69
ℹ fail 0
ℹ cancelled 0
ℹ skipped 0
ℹ todo 0
ℹ duration_ms 2522.343708
