
> atseq@0.1.0 test:flows
> node scripts/source-run.mjs scripts/flows.ts --group evolution

▶ compatible activation preserves its exact interpretation boundary
  ✔ activation at N preserves state and N+1 uses the new interface (14.963208ms)
  ✔ a full replay uses each definition at its original boundary (13.16275ms)
  ✔ unavailable candidate pauses at N and resumes the same entry after repair (18.316959ms)
  ✔ corrupt candidate content cannot fabricate an invalid-activation verdict (19.518ms)
  ✔ failed persistence leaves both definition and state before activation (26.371875ms)
  ✔ another actor cannot activate or force a missing-content fetch (7.42025ms)
  ✔ available invalid candidate code is retained ineffective (8.5025ms)
  ✔ an incomplete or extra signed closure has the same outcome with full and closure-only readers (48.515125ms)
  ✔ a closure over 512 KiB is transported and invalid on both full and closure-only readers (28.732166ms)
  ✔ an available query-less view with missing bindings is invalid rather than a permanent stall (9.96225ms)
  ✔ state compatibility includes transitive schemas and ignores unrelated additions (21.974666ms)
  ✔ malformed closure and control-action rebinding are refused (9.0575ms)
✔ compatible activation preserves its exact interpretation boundary (1311.519083ms)
▶ evolve a real app and explicitly replace its stale pending work
  ✔ ordinary state is retained while another browser queues an old-definition act (430.028334ms)
  ✔ comparison works locally and an ungranted browser cannot apply (63.372667ms)
  ✔ CLI staging and preparing an activation do not activate it (1120.411416ms)
  ✔ explicit Apply records the boundary and preserves existing data (207.113958ms)
  ✔ a prepared activation racing from the same old definition is ineffective (784.455375ms)
  ✔ reconnecting delivers the old signed intent unchanged exactly once (293.504166ms)
  ✔ review preserves entered values and signs a replacement only on Save (298.66975ms)
  ✔ the new action, query and view use the preserved state (330.418167ms)
  ✔ offline queue order preserves add-then-select dependencies (501.243125ms)
  ✔ a recorded unauthorized activation is refused under the fixed grant (29.157375ms)
  ✔ an incompatible proposal preserves the app and current data (193.470208ms)
  ✔ sync delivers an oversized closure so host, CLI and fresh browser agree and continue (2655.813541ms)
  ✔ restarting the host rebuilds the active definition and every outcome (465.041458ms)
✔ evolve a real app and explicitly replace its stale pending work (11467.838958ms)
ℹ tests 27
ℹ suites 0
ℹ pass 27
ℹ fail 0
ℹ cancelled 0
ℹ skipped 0
ℹ todo 0
ℹ duration_ms 12243.136083
