
> atseq@0.1.0 test
> node scripts/source-run.mjs --test tests/*.test.ts

✔ a failed acceptance run replaces a prior pass and retains its exact command logs (551.875333ms)
[plugin builtin:vite-reporter] 
(!) Some chunks are larger than 500 kB after minification. Consider:
- Using dynamic import() to code-split the application
- Use build.rolldownOptions.output.codeSplitting to improve chunking: https://rolldown.rs/reference/OutputOptions.codeSplitting
- Adjust chunk size limit for this warning via build.chunkSizeWarningLimit.
▶ retain complete app history and rebuild without the PDS
  ✔ complete evolved archive retains source history, profiles and exact outcomes (88.563667ms)
  ✔ chosen older prefix uses its original definition and no future candidate (54.48125ms)
  ✔ missing activation source permits only the last complete prefix (79.245375ms)
  ✔ changed history, inventory, runtime and invitation cannot be accepted (79.084209ms)
  ✔ archive bounds, byte decoding and source identity guards reject malformed copies (54.991542ms)
  ✔ CLI rebuild uses a new directory with no host projection cache (4010.098166ms)
  ✔ installed shell bootstraps offline and rebuilds solely from an imported archive (591.454292ms)
  ✔ an archive cannot replace this device’s genesis pin for an existing app DID (229.24675ms)
  ✔ cancelling a held worker export keeps verified inputs and an offline signed action (1016.664083ms)
  ✔ small imported data produces a zero-based chart and static source-tagged exports (1337.671916ms)
  ✔ archives retain oversized invalid activation evidence and replay its following action (652.927833ms)
✔ retain complete app history and rebuild without the PDS (14079.981834ms)
▶ browser sessions retain trust and device work across switches and restarts
  ✔ CryptoKeys survive IndexedDB reload and private export is refused (131.332875ms)
  ✔ every app operation rejects mismatched app, genesis and definition (64.235708ms)
  ✔ a restarted worker replays saved history before a rollback from the host (118.155584ms)
  ✔ a failed or cancelled first worker load preserves the saved prefix against host rollback (508.367292ms)
  ✔ an older archive cannot replace saved history for the same genesis (405.520084ms)
  ✔ a first visit with an invalid host signature does not blame saved device history (310.483959ms)
  ✔ corrupt saved history has explicit recovery without losing its pin, key or signed work (433.386625ms)
  ✔ an online event during the saved-prefix decision cannot load a fork before fresh restore (187.918667ms)
  ✔ a slow A refresh cannot replace offline B or label its query and archive as A (619.132125ms)
  ✔ a new save during a flush is sent, and only definite refusals require explicit resend (8.153083ms)
  ✔ an invalid invitation cannot poison the pin and verified pins can be forgotten (355.837916ms)
  ✔ startup submits retained signed work without a Retry click (94.44975ms)
[plugin builtin:vite-reporter] 
(!) Some chunks are larger than 500 kB after minification. Consider:
- Using dynamic import() to code-split the application
- Use build.rolldownOptions.output.codeSplitting to improve chunking: https://rolldown.rs/reference/OutputOptions.codeSplitting
- Adjust chunk size limit for this warning via build.chunkSizeWarningLimit.
  ✔ a shell update waits and keeps an open tab’s worker assets available offline (547.645ms)
✔ browser sessions retain trust and device work across switches and restarts (9165.007375ms)
✔ outputs require explicit overwrite and never replace key/intent aliases (78.308459ms)
✔ CAR output cannot enter its source through a directory alias or missing descendant (17.397833ms)
✔ CLI export verifies the invitation instead of accepting the host’s self-pin (4019.031917ms)
✔ CLI replay refuses a single pin; archive import owns verified typed data and codes malformed input (880.395917ms)
✔ retry requests compare content identity across property order and retain signed bytes (1340.077042ms)
✔ running host loads and interprets two newly generated unrelated applications (3313.024917ms)
✔ worker requests honor longer replay budgets and retain the shorter preview default (1.393584ms)
✔ worker failures stop after three attempts and require a page reload (0.255917ms)
▶ compatible activation preserves its exact interpretation boundary
  ✔ activation at N preserves state and N+1 uses the new interface (26.387417ms)
  ✔ a full replay uses each definition at its original boundary (31.659209ms)
  ✔ unavailable candidate pauses at N and resumes the same entry after repair (48.994625ms)
  ✔ corrupt candidate content cannot fabricate an invalid-activation verdict (45.44325ms)
  ✔ failed persistence leaves both definition and state before activation (48.116458ms)
  ✔ another actor cannot activate or force a missing-content fetch (24.213459ms)
  ✔ available invalid candidate code is retained ineffective (14.89025ms)
  ✔ an incomplete or extra signed closure has the same outcome with full and closure-only readers (117.484584ms)
  ✔ a closure over 512 KiB is transported and invalid on both full and closure-only readers (72.882417ms)
  ✔ an available query-less view with missing bindings is invalid rather than a permanent stall (39.941291ms)
  ✔ state compatibility includes transitive schemas and ignores unrelated additions (41.787875ms)
  ✔ malformed closure and control-action rebinding are refused (15.540125ms)
✔ compatible activation preserves its exact interpretation boundary (3876.68175ms)
▶ evolve a real app and explicitly replace its stale pending work
  ✔ ordinary state is retained while another browser queues an old-definition act (666.142416ms)
  ✔ comparison works locally and an ungranted browser cannot apply (75.125084ms)
  ✔ CLI staging and preparing an activation do not activate it (2050.504417ms)
  ✔ explicit Apply records the boundary and preserves existing data (819.139208ms)
  ✔ a prepared activation racing from the same old definition is ineffective (1324.460833ms)
  ✔ reconnecting delivers the old signed intent unchanged exactly once (385.939542ms)
  ✔ review preserves entered values and signs a replacement only on Save (375.904042ms)
  ✔ the new action, query and view use the preserved state (438.055958ms)
  ✔ offline queue order preserves add-then-select dependencies (772.964875ms)
  ✔ a recorded unauthorized activation is refused under the fixed grant (49.402291ms)
  ✔ an incompatible proposal preserves the app and current data (224.720083ms)
  ✔ sync delivers an oversized closure so host, CLI and fresh browser agree and continue (4517.633583ms)
  ✔ restarting the host rebuilds the active definition and every outcome (523.113083ms)
✔ evolve a real app and explicitly replace its stale pending work (18475.285417ms)
▶ shared feasibility corpus passes in Node
  ✔ effective state fold (0.303875ms)
  ✔ ineffective leaves input state unchanged (0.063ms)
  ✔ pure query (0.040833ms)
  ✔ array append and multiplication (0.040625ms)
  ✔ malformed fold output (0.032833ms)
  ✔ ineffective cannot carry state (0.031875ms)
  ✔ no floating output (0.028042ms)
  ✔ invalid syntax (0.033166ms)
  ✔ forbidden: $now() (0.049666ms)
  ✔ forbidden: $millis() (0.060125ms)
  ✔ forbidden: $random() (0.03ms)
  ✔ forbidden: $shuffle([1,2]) (0.024542ms)
  ✔ forbidden: $eval("1") (0.020833ms)
  ✔ forbidden: function($x){$x}(1) (0.020791ms)
  ✔ forbidden: ($v_f := $now; $v_f()) (0.020167ms)
  ✔ forbidden: [1..100000000] (0.020875ms)
  ✔ forbidden: /(a+)+$/ (0.019333ms)
  ✔ forbidden: $pad("a",100000000) (0.019167ms)
  ✔ forbidden: $map([1],function($x){$x}) (0.019375ms)
  ✔ forbidden: $lookup({},"constructor")() (0.019625ms)
  ✔ literal ambient-function text is data (0.01875ms)
  ✔ deterministic work exhaustion (0.034041ms)
  ✔ program bytes exact cap (0.02675ms)
  ✔ action bytes exact cap (0.016833ms)
  ✔ complete input bytes exact cap (0.014792ms)
  ✔ query output bytes exact cap (0.013583ms)
  ✔ source complexity rejected before evaluation (0.016083ms)
  ✔ intermediate growth is bounded (0.012917ms)
  ✔ ordinary JSONata locals need no custom naming (0.013375ms)
  ✔ built-in callable cannot be replaced (0.014041ms)
  ✔ state bytes exact cap (0.012583ms)
  ✔ input depth exact cap (0.013084ms)
  ✔ safe integer boundaries (0.012542ms)
  ✔ null, absent, extras, array order preserved (0.012542ms)
  ✔ prototype and invalid Unicode refused (0.013333ms)
  ✔ runtime-loaded state schema (0.012834ms)
  ✔ runtime-loaded query contract (0.011875ms)
  ✔ domain type validation does not coerce (0.012375ms)
  ✔ query output validated (0.012916ms)
  ✔ second bundle: nested refs, arrays and closed union (0.01225ms)
  ✔ closed union rejects unknown member (0.013166ms)
  ✔ optional does not mean nullable (0.012459ms)
  ✔ missing ref fails before data use (0.012792ms)
  ✔ defaulting rejected at source admission (0.018042ms)
  ✔ schema closure bytes exact cap (0.01275ms)
  ✔ schema file count exact cap (0.011792ms)
  ✔ Inlay local template and query binding (0.012667ms)
  ✔ Inlay absent component fails explicitly (0.012625ms)
  ✔ Inlay external body refused without I/O (0.012458ms)
  ✔ Inlay missing caller property fails (0.013041ms)
  ✔ Inlay auto-submit property refused (0.011584ms)
  ✔ engine evaluation nesting exact boundary (0.012583ms)
  ✔ engine sequence exact boundary (0.012875ms)
  ✔ AST container count exact boundary in unevaluated branch (0.012209ms)
  ✔ AST container depth exact boundary (0.018375ms)
  ✔ encoded-byte work budget exact boundary (0.01525ms)
  ✔ large repeated intermediate strings exhaust byte budget (0.012416ms)
  ✔ generated range rejected with stable code (0.012208ms)
  ✔ regex rejected with stable code (0.012875ms)
  ✔ Unicode casing is outside the portable profile (0.012833ms)
  ✔ absent expression result is explicit (0.0145ms)
  ✔ negative zero input is not a wire integer (0.012708ms)
  ✔ malformed Unicode object key is rejected (0.012ms)
  ✔ fold input state exact byte cap (0.012333ms)
  ✔ fold successor state exact byte cap (0.012625ms)
  ✔ ineffective reason length and syntax (0.011292ms)
  ✔ ineffective message must be a string (0.013333ms)
  ✔ duplicate schema IDs rejected before validation (0.023958ms)
  ✔ open union rejected at admission (0.014042ms)
  ✔ inherited type names are ordinary unsupported schemas (0.020959ms)
  ✔ native grapheme constraints rejected at admission (0.013458ms)
  ✔ Inlay source bytes exact boundary (0.019959ms)
  ✔ Inlay source record count exact boundary (0.012834ms)
  ✔ Inlay expanded node count exact boundary (0.012416ms)
  ✔ Inlay expansion depth exact boundary (0.013ms)
✔ shared feasibility corpus passes in Node (3168.284584ms)
▶ human and agent participation on a real PDS
  ✔ source validation and preview publish nothing (56.396958ms)
  ✔ creation retry returns one app and binds its content (13.763458ms)
  ✔ shared service exposes recorded and then interpreted progress (105.458917ms)
  ✔ reads after confirmation pass an older held interpretation refresh (48.884458ms)
  ✔ reads do not chase appends arriving during every interpretation refresh (41.663458ms)
  ✔ host restart restores the same app and interpreted history (504.645958ms)
  ✔ concurrent reads and submissions report coherent heads and frontiers (311.845542ms)
  ✔ documented CLI packs, validates and creates the same immutable source (3690.351166ms)
✔ human and agent participation on a real PDS (10204.721542ms)
✔ HTTP receipts retain crash recovery and externally confirmed heads across rollback (3812.796083ms)
✔ host procedures require a retained owner-only token; reads remain public (1587.113209ms)
✔ draft cache evicts least recently used previews within count and byte budgets (115.075416ms)
✔ incomplete creations consume application quota before an account is provisioned (11.541042ms)
✔ a corrupt lease database keeps its SQLite diagnostic instead of claiming contention (3.610375ms)
✔ only a PDS RecordNotFound response becomes a missing source (8.922958ms)
✔ only definite invalid input is final; integrity and host availability errors use 503 (0.169875ms)
✔ expiry renews once across concurrent JSON, blob and upload calls (40.735834ms)
✔ missing, rejected or repeatedly expired session credentials have a permanent authentication code (8.519167ms)
✔ complete-prefix limits and nonce conflicts have stable permanent codes (0.194792ms)
✔ authorization refusal does not permanently disable a valid PDS credential (7.579208ms)
✔ preverified interpretation accepts only immutable history issued for its genesis (1511.130833ms)
✔ snapshot reads share verification, invalidate changed commits and retain rollback and fork checks (71.348417ms)
✔ receipt lookup completes while an append waits for its conditional write (50.422917ms)
✔ confirmation replaces an in-flight read started before the conditional write completed (59.720833ms)
✔ confirmed and repeated receipts retain their head across restart and refuse rollback (57.909542ms)
✔ entry 20000 is accepted, 20001 is refused before a PDS write and existing history stays readable (74638.813042ms)
✔ Node resolution consumes stdin payloads larger than 64 KiB (9642.526666ms)
✔ package file patches and unlisted nested resolution fail before interpretation (8084.459541ms)
✔ loader shape mutations remain coded input failures, including manifest and view edges (8197.46125ms)
ℹ 3260 loader mutations checked against two loadable baselines
{"browserCases":41,"bundleBytes":439078,"shared":["p256","secp256k1"]}
✔ Chromium executes native hostile cases and shared Node key/commit fixtures (447.093708ms)
{"nativeProofCases":["root fields, raw membership, absence and whole-tree checks","non-forgeable capability","wrong DID","wrong key","wrong root","truncated CAR","CAR byte budget","block count budget","block byte budget","header budget","corrupt block","wrong record CID","invalid path","path and full-tree node budgets","caller CAR, options and returned-byte mutation isolation","sparse missing evidence distinct from absence","missing record bytes","full-export cache recovery","failed admission preserves prior evidence","single-CAR cache budget","LRU eviction yields missing evidence","optional expected root","exactly one selected CAR root","oversized authenticated admission is atomic","p256 legacy/compressed/off-curve keys and compact low-S signatures","secp256k1 legacy/compressed/off-curve keys and compact low-S signatures","wrong-layer signed MST node","unordered signed MST keys","wrong child layer","overlapping child interval","canonical MST fields","canonical empty repository root","height-one signed empty non-root MST node","leaf signed empty non-root MST node","untrimmed keyless root is invalid input","noncanonical signed MST CBOR is invalid input","maintained MST deserialization errors are invalid input","noncanonical commit CBOR is invalid input","genuine walker runtime faults retain identity","bounded native CBOR framing","native membership cannot bypass strict Atseq record limits"]}
✔ native repository proof corpus rejects hostile inputs and separates missing evidence (1443.355208ms)
✔ packed APIs, declarations, JSON CLI and host work in a fresh native Node consumer (27416.836ms)
▶ two browser identities and the JSON CLI use generic participation flows
  ✔ CLI preview opens the same source in the browser without publication (767.657667ms)
  ✔ explicit identity and publication create an app once (1366.581667ms)
  ✔ another browser can read before creating a distinct signing identity (358.140958ms)
  ✔ offline double click retains one signed intent across reload and reconnect (490.467084ms)
  ✔ a competing browser action is recorded with an honest ineffective outcome (279.659625ms)
  ✔ CLI uses a third private key and keeps exact retry bytes in a file (4597.079792ms)
  ✔ narrow layout remains usable with keyboard focus and no script errors (215.688084ms)
  ✔ lost submit reply reconciles the retained intent without a second append (294.450875ms)
  ✔ transport refusal retains the original signed work and invents no entry (343.191583ms)
  ✔ hostile template text stays text and rendering cannot sign or fetch external resources (2201.148875ms)
✔ two browser identities and the JSON CLI use generic participation flows (16255.646208ms)
▶ real disposable PDS persistence and recovery
  ✔ genesis and initial head are a verified empty prefix (13.906334ms)
  ✔ provisioning refuses to replace an existing application log (46.148292ms)
  ✔ source blobs are retained and recovered by exact CID (25.351625ms)
  ✔ reset refuses a live or unmarked directory (1.791459ms)
  ✔ two concurrent submissions receive one contiguous order (91.044625ms)
  ✔ same intent and a new valid signature return original receipt (31.0825ms)
  ✔ second local writer is refused while the lease is held (0.403542ms)
  ✔ official PDS process crash preserves acknowledged history and blobs (1177.012084ms)
  ✔ a rejected conditional batch leaves entry and head unchanged (76.671875ms)
  ✔ malformed commit replies cannot remove an append or provision condition (75.298958ms)
  ✔ an unrelated repo write races the append and is reconciled (119.026833ms)
  ✔ lost HTTP response after commit resolves to one original receipt (72.245833ms)
  ✔ a different writer process cannot acquire the same local lease (1162.631916ms)
  ✔ writer crash after commit but before acknowledgment recovers one receipt (1280.0725ms)
  ✔ writer crash after acknowledgment keeps receipt and no domain effect claim (1179.876083ms)
  ✔ XRPC rejects a foreign receipt anchor and malformed submission (25.22475ms)
  ✔ bootstrap at a chosen head catches up without notifications (151.551584ms)
  ✔ repository CAR contains retention references but blobs require explicit export (13.759ms)
  ✔ missing and tampered source references fail, then recover by exact content (42.323625ms)
  ✔ missing or corrupted physical blob bytes never satisfy a source CID (15.059916ms)
  ✔ a retained verified head refuses repository rollback and signed-entry corruption (138.599417ms)
  ✔ chosen-head catch-up verifies a prefix spanning real PDS pages (449.75575ms)
  ✔ PDS compare-and-swap excludes competing writers even with the local lease bypassed (983.827334ms)
✔ real disposable PDS persistence and recovery (12014.709583ms)
✔ benchmark observation counts actual operations and restores WebCrypto after failure (3.26375ms)
✔ v1 contract identities agree with independent encoder vectors and exclude implementation provenance (1506.147041ms)
✔ unapproved, missing and duplicated installed dependency sets fail closed (6.513375ms)
✔ host-only errors do not widen semantic interpretation outcomes (0.236375ms)
✔ host snapshot stays coherent during writes and rebuilds after cache deletion (2195.105542ms)
▶ protocol vectors and rejection corpus agree in Node and Chromium
  ✔ independent CBOR and CID: profile (0.309125ms)
  ✔ independent CBOR and CID: definition (0.033541ms)
  ✔ independent CBOR and CID: genesis (0.02475ms)
  ✔ independent CBOR and CID: intent (0.022417ms)
  ✔ independent CBOR and CID: signed (0.021917ms)
  ✔ independent CBOR and CID: entry (0.019917ms)
  ✔ independent CBOR and CID: head (0.020792ms)
  ✔ application descriptor CID matches independent vector (0.024ms)
  ✔ independent actor signature verifies (0.033584ms)
  ✔ independent sequencer signature verifies (0.041292ms)
  ✔ two valid signature encodings share content identity and receipt (0.03375ms)
  ✔ changed intent app rejected (0.062375ms)
  ✔ changed intent genesis rejected (0.026333ms)
  ✔ changed intent definition rejected (0.023125ms)
  ✔ changed intent payload rejected (0.021625ms)
  ✔ changed intent extra payload field rejected (0.018625ms)
  ✔ changed intent nonce rejected (0.018792ms)
  ✔ changed intent action rejected (0.033084ms)
  ✔ changed intent actor key rejected (0.018208ms)
  ✔ changed intent version rejected (0.01725ms)
  ✔ changed intent domain rejected (0.016667ms)
  ✔ unknown framework fields are refused, never stripped (0.035083ms)
  ✔ genesis anchor cannot be replaced (0.018875ms)
  ✔ duplicate genesis activation keys rejected (0.014833ms)
  ✔ signature bit flip rejected (0.013041ms)
  ✔ signature verification and key import host faults retain their identity (0.012417ms)
  ✔ high-S variant rejected (0.011083ms)
  ✔ wire rejects duplicate map key (0.011583ms)
  ✔ wire rejects noncanonical key order (0.01075ms)
  ✔ wire rejects long integer encoding (0.011875ms)
  ✔ wire rejects float encoding of integer (0.011ms)
  ✔ wire rejects negative zero (0.011875ms)
  ✔ wire rejects indefinite array (0.012041ms)
  ✔ wire rejects trailing bytes (0.010958ms)
  ✔ wire rejects non-string map key (0.010792ms)
  ✔ wire rejects unsupported tag (0.011292ms)
  ✔ wire rejects truncated string (0.011292ms)
  ✔ wire rejects huge truncated array (0.010833ms)
  ✔ wire $type is a string in nested records (0.010917ms)
  ✔ wire invalid UTF-8 has the same code in every engine (0.011541ms)
  ✔ nested CID tags are refused without recursion in every engine (0.011459ms)
  ✔ array nesting accepts the depth limit and refuses the next level (0.011792ms)
  ✔ incomplete base64 has a deterministic input code (0.011958ms)
  ✔ wire rejects deep nesting (0.013708ms)
  ✔ wire block byte boundary (0.010916ms)
  ✔ wire input rejects undefined field (0.011042ms)
  ✔ wire input rejects negative zero value (0.011625ms)
  ✔ wire input rejects malformed Unicode key (0.011083ms)
  ✔ wire input rejects malformed Unicode value (0.011125ms)
  ✔ wire input rejects extra bytes member (0.01075ms)
  ✔ wire input rejects noncanonical base64 (0.01125ms)
  ✔ wire input rejects padded base64 (0.01175ms)
  ✔ wire input rejects extra CID member (0.0125ms)
  ✔ wire input rejects reserved data-model field (0.011959ms)
  ✔ wire input rejects unsafe integer (0.019875ms)
  ✔ wire input rejects float value (0.014584ms)
  ✔ wire input rejects invalid CID (0.012375ms)
  ✔ UTF-8 map ordering and absent/null remain distinct (0.014541ms)
  ✔ live signing verifies without a second SHA-256 (0.012458ms)
  ✔ wrong signing key rejected (0.011333ms)
  ✔ wrong curve rejected (0.010792ms)
  ✔ verify rejects a valid secp256k1 actor signature (0.017458ms)
  ✔ verify rejects an uncompressed P-256 did:key with a valid signature (0.012833ms)
  ✔ verify rejects a valid entry proof for a foreign sequencer (0.010583ms)
  ✔ verify rejects a valid entry proof for a foreign app (0.010583ms)
  ✔ verify rejects a valid entry proof for a foreign genesis (0.011209ms)
  ✔ head targeting a foreign app is rejected (0.011042ms)
  ✔ head targeting a foreign genesis is rejected (0.022375ms)
  ✔ history follows signed positions, not arrival order (0.011375ms)
  ✔ empty genesis prefix (0.036417ms)
  ✔ missing history cannot appear current (0.011375ms)
  ✔ duplicate positions rejected (0.01775ms)
  ✔ altered predecessor invalidates proof (0.011292ms)
  ✔ valid signature on wrong predecessor still rejected (0.011708ms)
  ✔ valid signature on skipped position still rejected (0.012208ms)
  ✔ altered chosen head rejected (0.011ms)
  ✔ position zero is genesis only (0.010583ms)
  ✔ entry keys have fixed width and safe bounds (0.011375ms)
  ✔ conflicting content under retained nonce is rejected (0.010916ms)
  ✔ same retry identity cannot be recorded twice (0.010625ms)
  ✔ nonce exact width (0.010625ms)
  ✔ signature exact width (0.01125ms)
  ✔ action payload exact JSON byte boundary (0.016625ms)
  ✔ framework validation retains unknown action content (0.010542ms)
  ✔ fixed XRPC schemas load and validate through Lexicon (0.010667ms)
[plugin builtin:vite-reporter] 
(!) Some chunks are larger than 500 kB after minification. Consider:
- Using dynamic import() to code-split the application
- Use build.rolldownOptions.output.codeSplitting to improve chunking: https://rolldown.rs/reference/OutputOptions.codeSplitting
- Adjust chunk size limit for this warning via build.chunkSizeWarningLimit.
✔ protocol vectors and rejection corpus agree in Node and Chromium (2024.691583ms)
▶ application interpretation agrees in Node and a Chromium worker
  ✔ CAR round trip owns exact source bytes (0.406042ms)
  ✔ two unrelated definitions resolve schemas and retained views (0.060583ms)
  ✔ initial state comes only from the pinned definition (0.047417ms)
  ✔ fold and query match independently specified values (0.0395ms)
  ✔ malformed domain input is retained ineffective (0.033083ms)
  ✔ unknown action is retained ineffective (0.116291ms)
  ✔ old definition intent is retained ineffective (0.027667ms)
  ✔ domain refusal preserves complete prior state (0.034583ms)
  ✔ restarting and replaying reproduces state outcomes and frontier (0.047542ms)
  ✔ failed persistence advances neither state outcomes nor frontier (0.056875ms)
  ✔ runtime faults pause without producing a replicated outcome and can resume (0.030541ms)
  ✔ activation validation host faults pause and resume to the healthy replica (0.024958ms)
  ✔ parser TypeError and RangeError faults pause folds and activations, then resume identically (0.0275ms)
  ✔ malformed schema and view shapes cannot freeze activation (0.02125ms)
  ✔ malformed UTF-8 source has a deterministic loader code (0.0205ms)
  ✔ reader size claims require independently verified bytes (0.021041ms)
  ✔ hash-valid oversized activation is ineffective; corrupt bytes pause until restored (0.018708ms)
  ✔ query captures its prefix before concurrent catch-up (0.02325ms)
  ✔ malformed fold result records framework failure and continues (0.020875ms)
  ✔ invalid successor schema records framework failure and continues (0.020125ms)
  ✔ ineffective successor state records framework failure and continues (0.037541ms)
  ✔ noninteger computed state records framework failure and continues (0.025875ms)
  ✔ the 1001st reading is ineffective and a later valid action clears state (0.015916ms)
  ✔ copied extra payload bytes cannot freeze interpretation (0.014458ms)
  ✔ overlong ineffective message cannot block a later valid entry (0.015417ms)
  ✔ invalid query output is unavailable at its exact unchanged prefix (0.015166ms)
  ✔ caller snapshot mutation cannot change the projection (0.012375ms)
  ✔ unavailable source pauses definition loading (0.01325ms)
  ✔ tampered source fails its pinned CID (0.0175ms)
  ✔ unsupported definition runtime is refused (0.013208ms)
  ✔ unsupported genesis runtime is refused even with a valid definition (0.013458ms)
  ✔ definition refuses unknown binding field (0.012917ms)
  ✔ definition refuses duplicate action binding (0.012791ms)
  ✔ definition refuses missing binding schema (0.01275ms)
  ✔ definition refuses missing program file (0.015125ms)
  ✔ definition refuses escaping source path (0.012416ms)
  ✔ definition refuses ambient program (0.018208ms)
  ✔ definition refuses invalid program syntax (0.012875ms)
  ✔ definition refuses noninteger program literal (0.013458ms)
  ✔ definition refuses null initial state (0.012375ms)
  ✔ definition refuses negative zero initial data (0.013292ms)
  ✔ source closure and initial state byte limits are enforced (0.01225ms)
  ✔ exact state and program limits pass and the next byte fails (0.013333ms)
  ✔ definition counts the manifest within the 64-file limit (0.016083ms)
  ✔ CAR blocks outside the declared closure are refused (0.012416ms)
  ✔ work exhaustion records a framework refusal and preserves prior state (0.014416ms)
  ✔ oversized action is refused before interpretation (0.011917ms)
  ✔ unsupported schema constructs fail while loading the definition (0.0135ms)
  ✔ application registry refuses anchor replacement (0.017709ms)
  ✔ concurrent anchor replacement cannot persist a conflicting initial state (0.012416ms)
  ✔ 64 sibling object values do not consume nesting depth (0.012916ms)
  ✔ 100 grouped values do not consume nesting depth (0.014375ms)
  ✔ intermediate negative zero can be consumed as integer zero (0.013958ms)
  ✔ negative zero remains invalid at input and output boundaries (0.0125ms)
  ✔ sum checks exact intermediate integers before cancellation (0.021459ms)
  ✔ ineffective messages count Unicode code points and stop at 1024 (0.016083ms)
  ✔ conditional integrity adapter matches the running environment (0.012708ms)
  ✔ unmatched dependency closure fails closed in either environment (0.012959ms)
✔ application interpretation agrees in Node and a Chromium worker (3816.401709ms)
ℹ tests 355
ℹ suites 0
ℹ pass 355
ℹ fail 0
ℹ cancelled 0
ℹ skipped 0
ℹ todo 0
ℹ duration_ms 76948.38
