
> atseq@0.1.0 test:protocol
> node scripts/source-run.mjs --test tests/protocol.test.ts

▶ protocol vectors and rejection corpus agree in Node and Chromium
  ✔ independent CBOR and CID: profile (0.264208ms)
  ✔ independent CBOR and CID: definition (0.039458ms)
  ✔ independent CBOR and CID: genesis (0.023375ms)
  ✔ independent CBOR and CID: intent (0.021125ms)
  ✔ independent CBOR and CID: signed (0.020625ms)
  ✔ independent CBOR and CID: entry (0.018917ms)
  ✔ independent CBOR and CID: head (0.018541ms)
  ✔ application descriptor CID matches independent vector (0.02075ms)
  ✔ independent actor signature verifies (0.032209ms)
  ✔ independent sequencer signature verifies (0.038917ms)
  ✔ two valid signature encodings share content identity and receipt (0.020667ms)
  ✔ changed intent app rejected (0.014458ms)
  ✔ changed intent genesis rejected (0.011542ms)
  ✔ changed intent definition rejected (0.010375ms)
  ✔ changed intent payload rejected (0.01075ms)
  ✔ changed intent extra payload field rejected (0.010292ms)
  ✔ changed intent nonce rejected (0.009ms)
  ✔ changed intent action rejected (0.009ms)
  ✔ changed intent actor key rejected (0.009834ms)
  ✔ changed intent version rejected (0.008833ms)
  ✔ changed intent domain rejected (0.009625ms)
  ✔ unknown framework fields are refused, never stripped (0.011ms)
  ✔ genesis anchor cannot be replaced (0.008417ms)
  ✔ duplicate genesis activation keys rejected (0.008625ms)
  ✔ signature bit flip rejected (0.008958ms)
  ✔ signature verification and key import host faults retain their identity (0.018709ms)
  ✔ high-S variant rejected (0.014334ms)
  ✔ wire rejects duplicate map key (0.016125ms)
  ✔ wire rejects noncanonical key order (0.008875ms)
  ✔ wire rejects long integer encoding (0.007458ms)
  ✔ wire rejects float encoding of integer (0.007083ms)
  ✔ wire rejects negative zero (0.006833ms)
  ✔ wire rejects indefinite array (0.00725ms)
  ✔ wire rejects trailing bytes (0.007125ms)
  ✔ wire rejects non-string map key (0.006958ms)
  ✔ wire rejects unsupported tag (0.007ms)
  ✔ wire rejects truncated string (0.007292ms)
  ✔ wire rejects huge truncated array (0.0075ms)
  ✔ wire $type is a string in nested records (0.007ms)
  ✔ wire invalid UTF-8 has the same code in every engine (0.007625ms)
  ✔ nested CID tags are refused without recursion in every engine (0.006625ms)
  ✔ array nesting accepts the depth limit and refuses the next level (0.006667ms)
  ✔ incomplete base64 has a deterministic input code (0.006666ms)
  ✔ wire rejects deep nesting (0.007875ms)
  ✔ wire block byte boundary (0.006833ms)
  ✔ wire input rejects undefined field (0.007083ms)
  ✔ wire input rejects negative zero value (0.006708ms)
  ✔ wire input rejects malformed Unicode key (0.007ms)
  ✔ wire input rejects malformed Unicode value (0.006584ms)
  ✔ wire input rejects extra bytes member (0.007292ms)
  ✔ wire input rejects noncanonical base64 (0.006833ms)
  ✔ wire input rejects padded base64 (0.006833ms)
  ✔ wire input rejects extra CID member (0.007875ms)
  ✔ wire input rejects reserved data-model field (0.006666ms)
  ✔ wire input rejects unsafe integer (0.008709ms)
  ✔ wire input rejects float value (0.008291ms)
  ✔ wire input rejects invalid CID (0.007833ms)
  ✔ UTF-8 map ordering and absent/null remain distinct (0.00725ms)
  ✔ live signing verifies without a second SHA-256 (0.006583ms)
  ✔ wrong signing key rejected (0.006958ms)
  ✔ wrong curve rejected (0.006833ms)
  ✔ verify rejects a valid secp256k1 actor signature (0.00675ms)
  ✔ verify rejects an uncompressed P-256 did:key with a valid signature (0.007375ms)
  ✔ verify rejects a valid entry proof for a foreign sequencer (0.007542ms)
  ✔ verify rejects a valid entry proof for a foreign app (0.006709ms)
  ✔ verify rejects a valid entry proof for a foreign genesis (0.00675ms)
  ✔ head targeting a foreign app is rejected (0.00675ms)
  ✔ head targeting a foreign genesis is rejected (0.012292ms)
  ✔ history follows signed positions, not arrival order (0.007791ms)
  ✔ empty genesis prefix (0.00725ms)
  ✔ missing history cannot appear current (0.006875ms)
  ✔ duplicate positions rejected (0.011166ms)
  ✔ altered predecessor invalidates proof (0.007542ms)
  ✔ valid signature on wrong predecessor still rejected (0.006875ms)
  ✔ valid signature on skipped position still rejected (0.006916ms)
  ✔ altered chosen head rejected (0.0075ms)
  ✔ position zero is genesis only (0.006875ms)
  ✔ entry keys have fixed width and safe bounds (0.006792ms)
  ✔ conflicting content under retained nonce is rejected (0.040583ms)
  ✔ same retry identity cannot be recorded twice (0.007041ms)
  ✔ nonce exact width (0.006917ms)
  ✔ signature exact width (0.006625ms)
  ✔ action payload exact JSON byte boundary (0.006834ms)
  ✔ framework validation retains unknown action content (0.006375ms)
  ✔ fixed XRPC schemas load and validate through Lexicon (0.007209ms)
[plugin builtin:vite-reporter] 
(!) Some chunks are larger than 500 kB after minification. Consider:
- Using dynamic import() to code-split the application
- Use build.rolldownOptions.output.codeSplitting to improve chunking: https://rolldown.rs/reference/OutputOptions.codeSplitting
- Adjust chunk size limit for this warning via build.chunkSizeWarningLimit.
✔ protocol vectors and rejection corpus agree in Node and Chromium (768.795708ms)
ℹ tests 86
ℹ suites 0
ℹ pass 86
ℹ fail 0
ℹ cancelled 0
ℹ skipped 0
ℹ todo 0
ℹ duration_ms 1247.8865
