
> atseq@0.1.0 test:pds
> node scripts/source-run.mjs --test tests/pds.test.ts

▶ real disposable PDS persistence and recovery
  ✔ genesis and initial head are a verified empty prefix (7.936083ms)
  ✔ provisioning refuses to replace an existing application log (12.815292ms)
  ✔ source blobs are retained and recovered by exact CID (10.61725ms)
  ✔ reset refuses a live or unmarked directory (0.817333ms)
  ✔ two concurrent submissions receive one contiguous order (48.620958ms)
  ✔ same intent and a new valid signature return original receipt (17.336ms)
  ✔ second local writer is refused while the lease is held (0.254416ms)
  ✔ official PDS process crash preserves acknowledged history and blobs (624.773375ms)
  ✔ a rejected conditional batch leaves entry and head unchanged (31.262459ms)
  ✔ malformed commit replies cannot remove an append or provision condition (30.647625ms)
  ✔ an unrelated repo write races the append and is reconciled (55.958833ms)
  ✔ lost HTTP response after commit resolves to one original receipt (37.139458ms)
  ✔ a different writer process cannot acquire the same local lease (553.5135ms)
  ✔ writer crash after commit but before acknowledgment recovers one receipt (644.4855ms)
  ✔ writer crash after acknowledgment keeps receipt and no domain effect claim (629.543ms)
  ✔ XRPC rejects a foreign receipt anchor and malformed submission (15.856708ms)
  ✔ bootstrap at a chosen head catches up without notifications (74.437417ms)
  ✔ repository CAR contains retention references but blobs require explicit export (6.58775ms)
  ✔ missing and tampered source references fail, then recover by exact content (23.717125ms)
  ✔ missing or corrupted physical blob bytes never satisfy a source CID (6.329792ms)
  ✔ a retained verified head refuses repository rollback and signed-entry corruption (71.977834ms)
  ✔ chosen-head catch-up verifies a prefix spanning real PDS pages (227.017334ms)
  ✔ PDS compare-and-swap excludes competing writers even with the local lease bypassed (516.097833ms)
✔ real disposable PDS persistence and recovery (5466.267292ms)
ℹ tests 24
ℹ suites 0
ℹ pass 24
ℹ fail 0
ℹ cancelled 0
ℹ skipped 0
ℹ todo 0
ℹ duration_ms 5809.452208
