TAP version 13
# {"cases":20,"metrics":{"commit":{"cursorContinuations":4,"payloadReads":0,"payloadAdds":1},"page":{"cursorContinuations":12,"payloadReads":10,"payloadAdds":0},"pinRelease":{"cursorContinuations":1004,"payloadReads":0,"payloadAdds":0},"storage":{"historyRows":500,"storedVersions":501,"logicalBytes":137794}},"quota":{"case":"actual Chromium quota abort preserves generation","generation":1,"attemptedBytes":4194304,"observed":{"code":"quota","causeName":"QuotaExceededError","causeMessage":""},"override":{"usage":0,"quota":1048576,"overrideActive":true,"usageBreakdown":[{"storageType":"file_systems","usage":0},{"storageType":"indexeddb","usage":0},{"storageType":"cache_storage","usage":0},{"storageType":"service_workers","usage":0}]}},"crashes":[{"phase":"before","generation":1,"observedRequests":162},{"phase":"after","generation":2,"observedRequests":0}]}
# Subtest: real Chromium IndexedDB shares storage corpus, physical quota and renderer crashes
ok 1 - real Chromium IndexedDB shares storage corpus, physical quota and renderer crashes
  ---
  duration_ms: 539.87575
  type: 'test'
  ...
# (node:20738) ExperimentalWarning: SQLite is an experimental feature and might change at any time
# (Use `node --trace-warnings ...` to show where the warning was created)
# {"node":"v22.19.0","cases":22,"incremental":{"historyRows":500,"precedingChangedKeys":1,"actualRetirementKeys":1,"storedVersions":501,"sqlPlan":[{"id":3,"parent":0,"notused":61,"detail":"SEARCH local_rows USING INDEX local_rows_generation (generation=?)"}],"logicalUsage":{"bytes":137794,"rows":501}}}
# Subtest: real SQLite generations, coherent abort/crash recovery and incremental retirement
ok 2 - real SQLite generations, coherent abort/crash recovery and incremental retirement
  ---
  duration_ms: 195.660667
  type: 'test'
  ...
1..2
# tests 2
# suites 0
# pass 2
# fail 0
# cancelled 0
# skipped 0
# todo 0
# duration_ms 937.701291
