{"cases":["initial selected epoch and immutable grant admission","genesis role disable changes revision to unsigned request CID","stale assignment cannot revive disabled role","second immutable grant admission","one referenced grant cannot union another grant role scope","explicit one-grant owner role administration","role no-change retains its effective revision","source grant deletion does not revoke retained device authority","terminal revoke before first grant admission needs no target grant or epoch","never-admitted terminal revoked grant cannot be revived","fresh repeated revoke no-op advances observation floor","same grant path with different CID cannot edit admitted signer","linked epoch reset retires all earlier grants without walking them","queued old-epoch device operation is ineffective","never-seen pre-reset grant cannot enter current epoch","fresh reset epoch needs fresh exact grant admission","copied backup cannot restore a retired epoch","authentic lower repository revision cannot lower ordinary admission floor","greater revision does not repair a conflicting epoch predecessor","appointed recovery permits lower floor only with never-accepted fresh epoch","appointed recovery cannot revive a retired epoch","stale signed recovery consumes descriptor but changes no epoch or floor","govern may explicitly remove owner without revoking devices","routine admission after recovery preserves fresh scope","participation grant does not appoint owner/admin authority","appointed governance assigns domain role without target device grant","govern adds fifteen certify-only pairs while preserving mixed recovery exactly","recovery input bound does not waive sixteen combined-pair capacity","govern cannot alter lower powers on a mixed recover pair","specific capacity route first prunes one non-recover certifier by govern","specific capacity route then rotates recovery preserving old governance","removed recovery signer cannot rotate newly appointed peers","specific capacity route newly appointed recovery replaces governance only","one recovery signer may remove all existing governance without removing certify","one recovery signer may restore a selected governance pair","whole-map replacement equality ignores object property insertion order","claimed-key P1 root cannot substitute for authentic retained app identity","authentic app history truncation changes before/after tip even with unchanged key and PDS","complete selected root proves claimed entry absent: invalid history","missing native tree node stalls without proven absence","missing exact retained method chunk stalls rather than granting authority","invalid device signature stays invalid before delegated checks","authentic app publication cannot rebind descriptor subject","signed published ordinary action stalls without supported source/action derivation and preserves prior","repeated recovery request/descriptor is invalid before missing observation fetch","same actor nonce with changed signed contents is invalid before live-grant denial","unknown app initializes current epoch without replaying pre-app resets; secp256k1 repo and P-256 device","secp256k1 repository key does not change P-256 owner role authorization","hostname web observation/native grant retains weaker assurance class","web account publication still needs a separate P-256 actor signature and owner scope","sixteen mixed recover/certify pairs cannot add a new recovery pair without govern","disabled recovery-to-govern policy cannot manufacture a capacity escape","recover/certify alone cannot prune lower powers through setControl","native app repository key cannot appoint governance by itself"],"authoritySnapshotBytes":6395,"retainedPublicFixtureBytes":23516348,"noPrivateKeysRetained":true}
✔ native participant authority, role revisions and recovery use authenticated retained evidence (3089.030083ms)
✔ caller cancellation during final proof construction prevents account and app capture (1390.741042ms)
{"actualReservationMilliseconds":30000,"delayPhase":"final proof construction after both method reads","elapsedMilliseconds":30114.219084,"node":"v26.10.0","captureCreated":false,"timeoutReplaced":false}
✔ the actual existing 30-second reservation expires during final evidence construction (30119.974917ms)
{"sharedCumulativeBytes":33554432,"oneSignedProofBytes":15213076,"recordDispatches":3,"methodDispatches":5,"finalCapture":false,"perRetryBudgetReset":false}
✔ complete binding-change retries share the cumulative 32 MiB response reservation (89.489583ms)
{"node":"v26.10.0","cases":["p256/plc/signed sparse capture, ownership, offline I2 handoff and app publication","p256/web/signed sparse capture, ownership, offline I2 handoff and app publication","secp256k1/plc/signed sparse capture, ownership, offline I2 handoff and app publication","secp256k1/web/signed sparse capture, ownership, offline I2 handoff and app publication","stable pointer mismatch: stable pointer checked before target and no capture/retarget/nonce consumption","D3-1 target absent: stable pointer checked before target and no capture/retarget/nonce consumption","D3-1 target replaced: stable pointer checked before target and no capture/retarget/nonce consumption","D3-2 advance unpublished: stable pointer checked before target and no capture/retarget/nonce consumption","D3-2 explicit publication and new preparation succeeds; original refusal did not advance state","after method unavailable: stable pointer checked before target and no capture/retarget/nonce consumption","after method invalid: stable pointer checked before target and no capture/retarget/nonce consumption","rootless primary404 absent grant: authenticated full export, never 404 as absence proof","rootless primary404 pointer mismatch outranks absent target: authenticated full export, never 404 as absence proof","grant absent: one stable after-method observation and no automatic retry","grant replaced: one stable after-method observation and no automatic retry","pointer absent: one stable after-method observation and no automatic retry","primary404 full export","blocks404 same-root full export","omitted block full export","extra block refused","PLC unchanged-key tip restart","busy pruning bounded","PLC tip change discards pending absence; stable successor attempt refuses once","valid truncated authorized PLC history remains authentic without proving latestness","genuine retired-key root with invented high revision cannot regain newly observed key authority","key/PDS rotation discards pending pointer mismatch and restarts with new target/root; no mixed proof or retargeting","unexpected integrity fault preserved without after-method retry or reclassification","forged/cross-owner preparation, wrong prior/frontier/floor, pre-cancellation and diagnostic validation before network","recovery capture remains unsigned until device signature and I2 authorization","epoch advance and exact revoke offline acceptance","old epoch grant captured then I2 epoch_conflict, no observer permission evaluator","already consumed actor nonce rejected before network","unappointed controller can obtain factual capture; only I2 returns control_unappointed","hostname web app bootstrap retains weaker assurance and explicit external genesis pin","p256/header empty/same signed root and private bytes","p256/header same/same signed root and private bytes","p256/header other/same signed root and private bytes","p256/header multiple/same signed root and private bytes","p256/unrequested body root rejected","p256/header does not supply omitted body","p256/body hash verified","p256/64 repeated entries hash checked and deduplicated","p256/65 repeated entries exceed response cap","p256/invalid header refused","secp256k1/header empty/same signed root and private bytes","secp256k1/header same/same signed root and private bytes","secp256k1/header other/same signed root and private bytes","secp256k1/header multiple/same signed root and private bytes","secp256k1/unrequested body root rejected","secp256k1/header does not supply omitted body","secp256k1/body hash verified","secp256k1/64 repeated entries hash checked and deduplicated","secp256k1/65 repeated entries exceed response cap","secp256k1/invalid header refused","p256/plc/observed grant","p256/web/observed grant","secp256k1/plc/observed grant","secp256k1/web/observed grant","establish prior epoch before unpublished advance","publish transition then explicitly prepare and accept advance","initial authority for recovery","observer does not authorize recovery controller","observer recovery then genuine actor signature","observed advance","observed exact revoke","old epoch grant still captured for I2 result","app publication/plc-audit-v1/did:key:zDnaeobaXqavxdjWT95ZL47xTkqWCFdWSR1wZ3FKziJgJqN25","app publication/plc-audit-v1/did:key:zDnaekMAeFdmRVmhgocAmyhSQdsnEro5x6dtxv8YWT9ur1Tsq","app publication/plc-audit-v1/did:key:zQ3shUFen2AVH935RCwAnMC2K2GDBUyVwY98zDsQUBpKD9hQr","app publication/plc-audit-v1/did:key:zQ3shtgb7mhcH5o2ztQj15tQXofSfEso84aPK13oeiacuQsxY","app publication/web-observation-v1/did:key:zDnaerPeSdN6Dk9sgPHWUA3fmRRcxvB8mirYxxgUGah2hoBBh"],"delivery":"simulated public HTTP; genuine signed method/repository fixtures; no provider trial"}
✔ native observer retains signed proof/method evidence, refuses stale targets and hands off offline (2279.447292ms)
{"node":"v26.10.0","cases":["unknown native semantics cannot issue a genuine prefix or supported coverage","cold zero head authenticates actual genesis/head and complete empty coverage","cloned copied prototype and snapshot prefix handles cannot mint views or evidence","delta zero still checks genesis/head and returns no signature or identity writes","delta one stages privately and accepted fixed old view cannot see new identities","cold and staged publication capture delta budget and reader before asynchronous work","unpublished candidates cannot report missing retries or mint receipts before acceptance","a fixed old view cannot acquire a contradiction beyond its authenticated head","cloned staged extension and stale exact base cannot publish or insert rows","delta100 adds only suffix checks and writes while old views remain fixed","warm N100 delta0/1/100 uses only suffix signatures and identity writes","lower revision and equal-revision changed root recover all retained paths without lowering app floor","fully checked unpublished floor survives discard and rejects lower or higher fork while allowing samefloor and descendant","concurrent low staging cannot publish after a higher complete observed floor","bounded suffix refusal occurs before enumerating any delta paths","complete selected root cannot lower retained application ordering floor","published duplicate request is invalid despite current grant denial","CID retry precedes tuple conflict and preserves first low-S signed entry bytes","original publication method provenance is retained separately and exported copies cannot alter it","authenticated entry is bound to exact genuine prior and copied capabilities cannot fold","evidence cannot replace a compact prior with a cold lineage or lower retained tail","pending participant bytes preserve verified head and every later consumed identity","coordinator retains a larger pending head then resumed execution equals fresh healthy replay","pending-tail persistence confirmed abort inserts no identities; successful retry retains all tail rows","pending-tail uncertain local commit poisons queries retries and further publication","late participant contradiction is persisted with the retained head and all later consumed identities","failed contradiction persistence poisons and the same prefix owner blocks further staging","pending-tail durable success with stale prefix owner poisons before exposure","higher staging during successful pending-tail persistence poisons without inserting either suffix"],"work":[{"delta":0,"signatureChecks":0,"entryLoads":0,"reusedEntries":0,"descriptorLoads":0,"indexReads":0,"stagedIndexWrites":0,"indexWrites":0,"publicationLookups":2},{"delta":1,"signatureChecks":1,"entryLoads":1,"reusedEntries":0,"descriptorLoads":0,"indexReads":4,"stagedIndexWrites":2,"indexWrites":2,"publicationLookups":3},{"prior":1,"delta":100,"signatureChecks":100,"entryLoads":100,"reusedEntries":1,"descriptorLoads":0,"indexReads":400,"stagedIndexWrites":200,"indexWrites":200,"publicationLookups":103},{"prior":100,"delta":0,"signatureChecks":0,"entryLoads":0,"reusedEntries":1,"descriptorLoads":0,"indexReads":0,"stagedIndexWrites":0,"indexWrites":0,"publicationLookups":3},{"prior":100,"delta":1,"signatureChecks":1,"entryLoads":1,"reusedEntries":1,"descriptorLoads":0,"indexReads":4,"stagedIndexWrites":2,"indexWrites":2,"publicationLookups":4},{"prior":100,"delta":100,"signatureChecks":100,"entryLoads":100,"reusedEntries":1,"descriptorLoads":0,"indexReads":400,"stagedIndexWrites":200,"indexWrites":200,"publicationLookups":103}]}
✔ one genuine verified prefix owns retries and compact authority across pending tails (8363.797459ms)
{"node":"v26.10.0","passed":["exact reviewed literal identities compile without registering a runnable profile","independent retained native/application block: bafyreif3o3voyumcx7npk6mjuh6mcdt75nctukusagaso53ji2l72gyi6e","independent retained native/application block: bafyreifr5mnsten4opd2sqxtebix7vfqiupyvmjzaek2rqvy3l6nlbolbm","independent retained native/application block: bafyreigbzoxazlf4qoo3pzrpkgmqukncqhitm5lduor2f3nwot3rfrzd7q","independent retained native/application block: bafyreia2xh3bzymsxe7aotaqqi3vxtvag22l4wp7vyltdiu2hmxz2llivm","independent retained native/application block: bafyreigkw5hbf6qqqku73pbohnd4folcme66gvjof7osnkukewaty24liq","independent retained native/application block: bafyreiakiydzcobsrmqecnx4qvl6aponp5eiaeyhv2hgnmw5dbprabbyhe","independent retained native/application block: bafyreid5y7di742qa3u22dyoozcsuvsabsytc33jzz4gzlltodx3jpwxjm","independent retained native/application block: bafyreihbnjozhk3mzewcpslr7qr3wu7ewtfq52wskrpq5wsyae5xsyuqji","independent retained native/application block: bafyreie3stynbxcyowedoe7qfkfy2swqcn7x6shobcc6exgcxqj3herohq","independent retained native/application block: bafyreih6zlsu7zg5cv4kvmenwc6rlgzk2sy6dwdeh4vtrjtbh6bckmqrza","independent retained native/application block: bafyreihvnufbqiqtfcqdnpr3ardmocn4i4j4uoh26f5lhk6rofi24sdtny","independent retained native/application block: bafyreid44mrvkdbqave3hjcvl2hrqr7otc5aarhlowmu6holcun42cqham","independent retained native/application block: bafyreih3ilrfqadartv3itlhryawfzibacdmzofe5bze6krgyz7doe2czy","independent retained native/application block: bafyreidz2g2tzk4qzmmxwghggnqxrkj6ffxpwkqvkgnlzwu3gu5cn32zrq","retained source identity: baseline","retained source identity: title edit","retained source identity: unused arbitrary-byte asset","retained source identity: retained file table reordered","retained source identity: unchanged fold moved","retained source identity: unrelated action added","retained source identity: successor initial state changed","retained source identity: state annotation changed","retained source identity: literal description constraint changed","retained source identity: fold byte whitespace changed","retained source identity: enforced role changed","recursive and shared refs visit each identity once; literal ref-shaped strings survive","schema annotation stripping preserves literal description/const/default/enum data","long reference chain is iterative and default refs normalize","query output/error annotation stripping uses schema positions","projection framing uses exact full 32 KiB chunks followed by one short chunk","maintained incremental SHA-256 agrees with maintained one-shot CID over boundary sizes","private source/action capabilities reject forged, copied and cross-type objects","strict used JSON rejects duplicate decoded key","strict used JSON rejects trailing comma","strict used JSON rejects comment","strict used JSON rejects trailing text","strict used JSON rejects BOM","owned used JSON rejects unsafe number","owned used JSON rejects negative zero","owned used JSON rejects reserved key","owned used JSON rejects unpaired surrogate","unused arbitrary-byte assets remain admitted and owned","unsupported program in any action prevents complete admission","complete admission rejects duplicate lexicon path","complete admission rejects duplicate action ref","complete admission rejects undeclared initial source","complete admission rejects undeclared fold source","complete admission rejects unsafe local path","complete admission rejects schema-invalid initial state","complete admission rejects malformed used view","complete admission rejects view query binding must exist","complete admission rejects invalid UTF-8 JSON","complete admission rejects invalid UTF-8 program","complete admission rejects JSON container depth above 32","maintained admitted schema subset rejects unresolved ref","maintained admitted schema subset rejects unsupported open union","maintained admitted schema subset rejects unsupported default constraint","duplicate authored document identity is not hidden by alias file paths","query program is statically checked even when no action uses it","63 named files are allowed; 64 are a decisive authenticated root count violation","semantic mismatch precedes unsupported target program","missing/corrupt source precedes compatibility or source interpretation","complete closed set cannot be repaired from a global reader pool","extra listed blocks are verified before closed-set invalidity","complete legal source with smaller local retention stalls","actual typed-array bytes override spoofed length and subarray hints","empty chunk streams cannot accumulate retained objects or bypass operational read bounds","fully hash-verified oversized streaming body proves invalidity with smaller retention","oversized verified early block cannot mask later corrupt bytes","decoded named aliases count separately despite block deduplication","canonical CAR framing can exceed the bound while decoded occurrences fit","actual logical CAR size agrees with maintained serialization","foreign/runtime reader faults propagate without a source capability or invalidity verdict","direct source assessment returns frozen admitted facts with a real private definition","source target and local options are copied before conformance and reader awaits","assessment propagates exact reader exception: real public invalid_activation error","assessment propagates exact reader exception: real public incompatible_definition error","assessment propagates exact reader exception: real static-looking interpreter error","assessment propagates exact reader exception: foreign static-looking error","assessment propagates exact reader exception: runtime fault","reader supplied status object cannot become an owner source result","unknown expected semantics are unavailable without descriptor-registry support","checked source stage returns proven invalid: strict JSON duplicate","checked source stage returns proven invalid: schema-invalid state","checked source stage returns proven invalid: unsupported bound program","checked source stage returns proven invalid: invalid used view","checked source stage returns proven invalid: undeclared fold path","checked source stage returns proven invalid: full hash-verified oversized closure","direct incompatible source result precedes unsupported target programs","exact selected closed set proves omission and complete verified extras; corrupt extras escape","direct source assessment never classifies local retention, read or chunk exhaustion","oversized earlier verified bytes never hide a later corrupt or missing selected block"]}
✔ private native source owner agrees with retained literals and hostile source cases (1412.024708ms)
{"node":"v26.10.0","testOnlyFaultBundles":["foreign interpreter error with static-looking code","foreign interpreter subclass with static-looking code","strict parser owner-input fault"]}
✔ actual source call sites propagate foreign interpreter and owner-input parser faults (551.810458ms)
✔ host snapshot stays coherent during writes and rebuilds after cache deletion (2034.129041ms)
▶ application interpretation agrees in Node and a Chromium worker
  ✔ CAR round trip owns exact source bytes (0.382125ms)
  ✔ two unrelated definitions resolve schemas and retained views (0.041542ms)
  ✔ initial state comes only from the pinned definition (0.026625ms)
  ✔ fold and query match independently specified values (0.023083ms)
  ✔ rainfall summary covers the maximum valid aggregate (0.019875ms)
  ✔ malformed domain input is retained ineffective (0.022084ms)
  ✔ unknown action is retained ineffective (0.025542ms)
  ✔ old definition intent is retained ineffective (0.023958ms)
  ✔ domain refusal preserves complete prior state (0.032ms)
  ✔ restarting and replaying reproduces state outcomes and frontier (0.039667ms)
  ✔ failed persistence advances neither state outcomes nor frontier (0.020459ms)
  ✔ runtime faults pause without producing a replicated outcome and can resume (0.016667ms)
  ✔ activation validation host faults pause and resume to the healthy replica (0.013167ms)
  ✔ parser TypeError and RangeError faults pause folds and activations, then resume identically (0.013ms)
  ✔ malformed schema and view shapes cannot freeze activation (0.012166ms)
  ✔ malformed UTF-8 source has a deterministic loader code (0.013584ms)
  ✔ reader size claims require independently verified bytes (0.012209ms)
  ✔ hash-valid oversized activation is ineffective; corrupt bytes pause until restored (0.011542ms)
  ✔ query captures its prefix before concurrent catch-up (0.012084ms)
  ✔ selective status and exact-position outcomes stay owned across stall and resume (0.01125ms)
  ✔ selective query retains its active definition across concurrent activation (0.011458ms)
  ✔ bounded many-outcome reads avoid full projection clone work (0.013833ms)
  ✔ malformed fold result records framework failure and continues (0.01175ms)
  ✔ invalid successor schema records framework failure and continues (0.010833ms)
  ✔ ineffective successor state records framework failure and continues (0.025083ms)
  ✔ noninteger computed state records framework failure and continues (0.014291ms)
  ✔ the 1001st reading is ineffective and a later valid action clears state (0.011834ms)
  ✔ copied extra payload bytes cannot freeze interpretation (0.009917ms)
  ✔ overlong ineffective message cannot block a later valid entry (0.009666ms)
  ✔ invalid query output is unavailable at its exact unchanged prefix (0.009625ms)
  ✔ caller snapshot mutation cannot change the projection (0.009625ms)
  ✔ unavailable source pauses definition loading (0.009417ms)
  ✔ tampered source fails its pinned CID (0.010209ms)
  ✔ unsupported definition runtime is refused (0.00925ms)
  ✔ unsupported genesis runtime is refused even with a valid definition (0.0095ms)
  ✔ definition refuses unknown binding field (0.009125ms)
  ✔ definition refuses duplicate action binding (0.009458ms)
  ✔ definition refuses missing binding schema (0.009ms)
  ✔ definition refuses missing program file (0.013584ms)
  ✔ definition refuses escaping source path (0.01075ms)
  ✔ definition refuses ambient program (0.008917ms)
  ✔ definition refuses invalid program syntax (0.009125ms)
  ✔ definition refuses noninteger program literal (0.008834ms)
  ✔ definition refuses null initial state (0.010708ms)
  ✔ definition refuses negative zero initial data (0.00875ms)
  ✔ source closure and initial state byte limits are enforced (0.00875ms)
  ✔ exact state and program limits pass and the next byte fails (0.008958ms)
  ✔ definition counts the manifest within the 64-file limit (0.008333ms)
  ✔ CAR blocks outside the declared closure are refused (0.0095ms)
  ✔ work exhaustion records a framework refusal and preserves prior state (0.009208ms)
  ✔ oversized action is refused before interpretation (0.008666ms)
  ✔ unsupported schema constructs fail while loading the definition (0.009125ms)
  ✔ application registry refuses anchor replacement (0.008709ms)
  ✔ concurrent anchor replacement cannot persist a conflicting initial state (0.008875ms)
  ✔ 64 sibling object values do not consume nesting depth (0.00825ms)
  ✔ 100 grouped values do not consume nesting depth (0.008416ms)
  ✔ intermediate negative zero can be consumed as integer zero (0.008834ms)
  ✔ negative zero remains invalid at input and output boundaries (0.008958ms)
  ✔ sum checks exact intermediate integers before cancellation (0.008375ms)
  ✔ ineffective messages count Unicode code points and stop at 1024 (0.008541ms)
  ✔ conditional integrity adapter matches the running environment (0.0085ms)
  ✔ unmatched dependency closure fails closed in either environment (0.066ms)
  ✔ source document taskboard round trip and viewless preview (0.008917ms)
  ✔ source document guitar round trip and viewless preview (0.008625ms)
  ✔ source document ledger round trip and viewless preview (0.008584ms)
  ✔ source document guitar summary covers the maximum valid aggregate (0.01ms)
  ✔ source document taskboard completes a retained task (0.008917ms)
  ✔ source documents refuse the historical application v1 profile (0.020125ms)
  ✔ source document retains exact bytes, aliases, unused files and manifest order (0.057792ms)
  ✔ source document rejects nonzero base64 trailing bits (2-character remainder) as wire_bytes (0.020041ms)
  ✔ source document rejects nonzero base64 trailing bits (3-character remainder) as wire_bytes (0.015291ms)
  ✔ source document refuses path, version, byte and retained-table ambiguity (0.02675ms)
✔ application interpretation agrees in Node and a Chromium worker (7130.192167ms)
ℹ tests 82
ℹ suites 0
ℹ pass 82
ℹ fail 0
ℹ cancelled 0
ℹ skipped 0
ℹ todo 0
ℹ duration_ms 32495.542208
