TAP version 13
# {"identityCases":["strict retained JSON positive","duplicate names","escaped duplicate names","nested duplicate names","comment","trailing comma","trailing value","empty JSON","deep JSON","UTF-8 BOM rejected","fatal UTF-8","response budget before parsing","JSON depth32 accepted","p256 whole-log canonical tip, earlier selection rejected","p256 truncated authenticity is not latestness; before/after compares tips","p256 exact genesis DID and row issuer","p256 signed genesis cannot invent another principal","p256 invalid operation signature","p256 valid-hash high-S signature rejected","p256 canonical unpadded signature encoding","p256 tombstone tip cannot select older active operation","p256 duplicate operation CID","p256 nullification annotations checked","p256 higher-priority recovery and strict timestamp ordering","p256 no lossy signed-field projection","secp256k1 whole-log canonical tip, earlier selection rejected","secp256k1 truncated authenticity is not latestness; before/after compares tips","secp256k1 exact genesis DID and row issuer","secp256k1 signed genesis cannot invent another principal","secp256k1 invalid operation signature","secp256k1 valid-hash high-S signature rejected","secp256k1 canonical unpadded signature encoding","secp256k1 tombstone tip cannot select older active operation","secp256k1 duplicate operation CID","secp256k1 nullification annotations checked","secp256k1 higher-priority recovery and strict timestamp ordering","secp256k1 no lossy signed-field projection","PLC total response budget","PLC row budget","PLC operation array budget","PLC operation byte budget","web observation assurance and ignored unrelated metadata","web exact document DID","ATproto hostname web restriction","typed assurance cannot substitute method","relative and own-DID fragments","web key controller","web controller type is not coerced","HTTPS origin endpoint rules","first matching bad service cannot fall through","first ATproto service ID with bad type cannot fall through","first ATproto key ID with foreign controller cannot fall through","first ATproto key ID with unsupported JsonWebKey2020 cannot fall through","web service array budget","web response byte budget","p256 web legacy/modern canonical key equivalence","p256 web off-curve legacy point rejected","secp256k1 web legacy/modern canonical key equivalence","secp256k1 web off-curve legacy point rejected","legacy genesis exact DID/signature before maintained normalization"]}
# Subtest: retained identity JSON and PLC canonical-tip corpus
ok 1 - retained identity JSON and PLC canonical-tip corpus
  ---
  duration_ms: 1832.678667
  type: 'test'
  ...
# {"node":"v22.19.0","builtinUndici":"6.21.2","selectedAgentAlias":"undici_v6","selectedInstalledVersion":"6.29.0","selectedEntry":"/private/tmp/atseq-native-observer-f2-20261002/node_modules/undici_v6/index.js","dispatchedCalls":7,"connectTimeDnsCalls":2,"privateConnections":0,"literalCases":6}
# {"mockBodyPhases":true,"bodyReadFaultCases":11,"preservedBodyAtseqCases":1,"preservedRequestFaultCases":5,"consumedBeforeFailure":36,"resumed":true}
# {"actualHttpTruncation":true,"termination":"destroy","code":"content_unavailable","name":"AtseqError","message":"Identity evidence body is unavailable","receivedBytes":1000}
# {"actualHttpTruncation":true,"termination":"end","code":"content_unavailable","name":"AtseqError","message":"Identity evidence body is unavailable","receivedBytes":1000}
# {"actualHttpTruncation":true,"termination":"resetAndDestroy","code":"content_unavailable","name":"AtseqError","message":"Identity evidence body is unavailable","receivedBytes":1000}
# Subtest: production identity transport rejects literal/private addresses and connect-time DNS rebinding
ok 2 - production identity transport rejects literal/private addresses and connect-time DNS rebinding
  ---
  duration_ms: 2868.857916
  type: 'test'
  ...
# Subtest: identity transport applies credential/cache/redirect and failed-body total budgets (mock HTTP responses)
ok 3 - identity transport applies credential/cache/redirect and failed-body total budgets (mock HTTP responses)
  ---
  duration_ms: 1507.567375
  type: 'test'
  ...
# Subtest: identity transport classifies body-read failures and preserves request and Atseq faults (mock phases)
ok 4 - identity transport classifies body-read failures and preserves request and Atseq faults (mock phases)
  ---
  duration_ms: 1168.809292
  type: 'test'
  ...
# Subtest: identity body reader classifies a real destroy HTTP socket (injected loopback transport)
ok 5 - identity body reader classifies a real destroy HTTP socket (injected loopback transport)
  ---
  duration_ms: 1127.436209
  type: 'test'
  ...
# Subtest: identity body reader classifies a real end HTTP socket (injected loopback transport)
ok 6 - identity body reader classifies a real end HTTP socket (injected loopback transport)
  ---
  duration_ms: 1077.677334
  type: 'test'
  ...
# Subtest: identity body reader classifies a real resetAndDestroy HTTP socket (injected loopback transport)
ok 7 - identity body reader classifies a real resetAndDestroy HTTP socket (injected loopback transport)
  ---
  duration_ms: 1082.527833
  type: 'test'
  ...
# {"cases":["initial selected epoch and immutable grant admission","genesis role disable changes revision to unsigned request CID","stale assignment cannot revive disabled role","second immutable grant admission","one referenced grant cannot union another grant role scope","explicit one-grant owner role administration","role no-change retains its effective revision","source grant deletion does not revoke retained device authority","terminal revoke before first grant admission needs no target grant or epoch","never-admitted terminal revoked grant cannot be revived","fresh repeated revoke no-op advances observation floor","same grant path with different CID cannot edit admitted signer","linked epoch reset retires all earlier grants without walking them","queued old-epoch device operation is ineffective","never-seen pre-reset grant cannot enter current epoch","fresh reset epoch needs fresh exact grant admission","copied backup cannot restore a retired epoch","authentic lower repository revision cannot lower ordinary admission floor","greater revision does not repair a conflicting epoch predecessor","appointed recovery permits lower floor only with never-accepted fresh epoch","appointed recovery cannot revive a retired epoch","stale signed recovery consumes descriptor but changes no epoch or floor","govern may explicitly remove owner without revoking devices","routine admission after recovery preserves fresh scope","participation grant does not appoint owner/admin authority","appointed governance assigns domain role without target device grant","govern adds fifteen certify-only pairs while preserving mixed recovery exactly","recovery input bound does not waive sixteen combined-pair capacity","govern cannot alter lower powers on a mixed recover pair","specific capacity route first prunes one non-recover certifier by govern","specific capacity route then rotates recovery preserving old governance","removed recovery signer cannot rotate newly appointed peers","specific capacity route newly appointed recovery replaces governance only","one recovery signer may remove all existing governance without removing certify","one recovery signer may restore a selected governance pair","whole-map replacement equality ignores object property insertion order","claimed-key P1 root cannot substitute for authentic retained app identity","authentic app history truncation changes before/after tip even with unchanged key and PDS","complete selected root proves claimed entry absent: invalid history","missing native tree node stalls without proven absence","missing exact retained method chunk stalls rather than granting authority","invalid device signature stays invalid before delegated checks","authentic app publication cannot rebind descriptor subject","signed published ordinary action stalls without supported source/action derivation and preserves prior","repeated recovery request/descriptor is invalid before missing observation fetch","same actor nonce with changed signed contents is invalid before live-grant denial","unknown app initializes current epoch without replaying pre-app resets; secp256k1 repo and P-256 device","secp256k1 repository key does not change P-256 owner role authorization","hostname web observation/native grant retains weaker assurance class","web account publication still needs a separate P-256 actor signature and owner scope","sixteen mixed recover/certify pairs cannot add a new recovery pair without govern","disabled recovery-to-govern policy cannot manufacture a capacity escape","recover/certify alone cannot prune lower powers through setControl","native app repository key cannot appoint governance by itself"],"authoritySnapshotBytes":14131,"retainedPublicFixtureBytes":23881689,"noPrivateKeysRetained":true}
# Subtest: native participant authority, role revisions and recovery use authenticated retained evidence
ok 8 - native participant authority, role revisions and recovery use authenticated retained evidence
  ---
  duration_ms: 4350.228041
  type: 'test'
  ...
# Subtest: caller cancellation during final proof construction prevents account and app capture
ok 9 - caller cancellation during final proof construction prevents account and app capture
  ---
  duration_ms: 1976.09075
  type: 'test'
  ...
# {"actualReservationMilliseconds":30000,"delayPhase":"final proof construction after both method reads","elapsedMilliseconds":30120.836167000005,"node":"v22.19.0","captureCreated":false,"timeoutReplaced":false}
# Subtest: the actual existing 30-second reservation expires during final evidence construction
ok 10 - the actual existing 30-second reservation expires during final evidence construction
  ---
  duration_ms: 30129.472584
  type: 'test'
  ...
# {"sharedCumulativeBytes":33554432,"oneSignedProofBytes":15213076,"recordDispatches":3,"methodDispatches":5,"finalCapture":false,"perRetryBudgetReset":false}
# Subtest: complete binding-change retries share the cumulative 32 MiB response reservation
ok 11 - complete binding-change retries share the cumulative 32 MiB response reservation
  ---
  duration_ms: 87.784458
  type: 'test'
  ...
# {"node":"v22.19.0","cases":["p256/plc/signed sparse capture, ownership, offline I2 handoff and app publication","p256/web/signed sparse capture, ownership, offline I2 handoff and app publication","secp256k1/plc/signed sparse capture, ownership, offline I2 handoff and app publication","secp256k1/web/signed sparse capture, ownership, offline I2 handoff and app publication","stable pointer mismatch: stable pointer checked before target and no capture/retarget/nonce consumption","D3-1 target absent: stable pointer checked before target and no capture/retarget/nonce consumption","D3-1 target replaced: stable pointer checked before target and no capture/retarget/nonce consumption","D3-2 advance unpublished: stable pointer checked before target and no capture/retarget/nonce consumption","D3-2 explicit publication and new preparation succeeds; original refusal did not advance state","after method unavailable: stable pointer checked before target and no capture/retarget/nonce consumption","after method invalid: stable pointer checked before target and no capture/retarget/nonce consumption","rootless primary404 absent grant: authenticated full export, never 404 as absence proof","rootless primary404 pointer mismatch outranks absent target: authenticated full export, never 404 as absence proof","grant absent: one stable after-method observation and no automatic retry","grant replaced: one stable after-method observation and no automatic retry","pointer absent: one stable after-method observation and no automatic retry","primary404 full export","blocks404 same-root full export","omitted block full export","extra block refused","PLC unchanged-key tip restart","busy pruning bounded","PLC tip change discards pending absence; stable successor attempt refuses once","valid truncated authorized PLC history remains authentic without proving latestness","genuine retired-key root with invented high revision cannot regain newly observed key authority","key/PDS rotation discards pending pointer mismatch and restarts with new target/root; no mixed proof or retargeting","unexpected integrity fault preserved without after-method retry or reclassification","forged/cross-owner preparation, wrong prior/frontier/floor, pre-cancellation and diagnostic validation before network","recovery capture remains unsigned until device signature and I2 authorization","epoch advance and exact revoke offline acceptance","old epoch grant captured then I2 epoch_conflict, no observer permission evaluator","already consumed actor nonce rejected before network","unappointed controller can obtain factual capture; only I2 returns control_unappointed","hostname web app bootstrap retains weaker assurance and explicit external genesis pin","p256/header empty/same signed root and private bytes","p256/header same/same signed root and private bytes","p256/header other/same signed root and private bytes","p256/header multiple/same signed root and private bytes","p256/unrequested body root rejected","p256/header does not supply omitted body","p256/body hash verified","p256/64 repeated entries hash checked and deduplicated","p256/65 repeated entries exceed response cap","p256/invalid header refused","secp256k1/header empty/same signed root and private bytes","secp256k1/header same/same signed root and private bytes","secp256k1/header other/same signed root and private bytes","secp256k1/header multiple/same signed root and private bytes","secp256k1/unrequested body root rejected","secp256k1/header does not supply omitted body","secp256k1/body hash verified","secp256k1/64 repeated entries hash checked and deduplicated","secp256k1/65 repeated entries exceed response cap","secp256k1/invalid header refused","p256/plc/observed grant","p256/web/observed grant","secp256k1/plc/observed grant","secp256k1/web/observed grant","establish prior epoch before unpublished advance","publish transition then explicitly prepare and accept advance","initial authority for recovery","observer does not authorize recovery controller","observer recovery then genuine actor signature","observed advance","observed exact revoke","old epoch grant still captured for I2 result","app publication/plc-audit-v1/did:key:zDnaeUGT6N5H1S9jZbPRym96mLSncAQHxnT3akGdApEukqDYt","app publication/plc-audit-v1/did:key:zDnaeziCLTSLwTxZbZMwmJPUiMuvWKR4XPpJB7HferCV9itGT","app publication/plc-audit-v1/did:key:zQ3shnFEjyYxT8gfedKTtZ1YmMRRTrW8v3DHr9cfpsgaFH1nK","app publication/plc-audit-v1/did:key:zQ3shvQ7dXMBFbyrsrEUZZ2hVByccZwCmnNkDnYX4oRNnQ9sK","app publication/web-observation-v1/did:key:zDnaedK4BNUZvV1vnbpAfQqHT4Y3VGAAH4mX3uhYS4WkQ5zNG"],"delivery":"simulated public HTTP; genuine signed method/repository fixtures; no provider trial"}
# Subtest: native observer retains signed proof/method evidence, refuses stale targets and hands off offline
ok 12 - native observer retains signed proof/method evidence, refuses stale targets and hands off offline
  ---
  duration_ms: 3402.372084
  type: 'test'
  ...
# {"nativeProofCases":["root fields, raw membership, absence and whole-tree checks","non-forgeable capability","wrong DID","wrong key","wrong root","truncated CAR","CAR byte budget: resource limit and sufficient-budget recovery","block count budget: resource limit and sufficient-budget recovery","block byte budget: resource limit and sufficient-budget recovery","header budget: resource limit and sufficient-budget recovery","native header depth budget: resource limit and sufficient-budget recovery","CAR type and truncated/zero header are input before local header policy","unknown and nonpositive/fractional/nonfinite/unsafe bounds remain caller input errors","corrupt block","wrong record CID","path protocol syntax/1024 maximum precede stricter local character policy","path node, full-tree node and walker-depth budgets are resource limits","node-entry policy yields resource limit and sufficient-budget recovery","native cached-node depth is local policy distinct from Atseq wire depth","cached native block bytes obey resource policy","caller CAR, options and returned-byte mutation isolation","sparse missing evidence distinct from absence","missing record bytes","full-export cache recovery","failed admission preserves prior evidence","single-CAR cache byte/count budgets are resource limits","LRU eviction yields missing evidence","optional expected root","exactly one selected CAR root","oversized authenticated admission is atomic","p256 legacy/compressed/off-curve keys and compact low-S signatures","secp256k1 legacy/compressed/off-curve keys and compact low-S signatures","wrong-layer signed MST node","unordered signed MST keys","wrong child layer","overlapping child interval","signed walked interval fault overrides withheld child for lookup and full tree","signed walked interval fault overrides node-load limit before withheld child for lookup and full tree","canonical MST fields","invalid node shape precedes local node-entry policy","canonical empty repository root","height-one signed empty non-root MST node","leaf signed empty non-root MST node","untrimmed keyless root is invalid input","noncanonical signed MST CBOR is invalid input","maintained MST deserialization errors are invalid input","noncanonical commit CBOR is invalid input","lookup/tree preserve observed runtime/resource/input/missing failures instead of cleanup depth error","genuine walker runtime faults retain identity","native depth limit does not claim validity; raised policy detects malformed commit","native membership cannot bypass strict Atseq record limits"]}
# Subtest: native repository proof corpus rejects hostile inputs and separates missing evidence
ok 13 - native repository proof corpus rejects hostile inputs and separates missing evidence
  ---
  duration_ms: 2009.579208
  type: 'test'
  ...
1..13
# tests 13
# suites 0
# pass 13
# fail 0
# cancelled 0
# skipped 0
# todo 0
# duration_ms 33496.070667
