✔ host procedures require a retained owner-only token; reads remain public (702.091041ms)
✔ draft cache evicts least recently used previews within count and byte budgets (62.461042ms)
✔ incomplete creations consume application quota before an account is provisioned (5.697333ms)
✔ a corrupt lease database keeps its SQLite diagnostic instead of claiming contention (1.675667ms)
✔ only a PDS RecordNotFound response becomes a missing source (5.160958ms)
✔ only definite invalid input is final; integrity and host availability errors use 503 (0.153292ms)
✔ actual native proof limits remain unavailable and nonpermanent through host HTTP (21.334709ms)
✔ expiry renews once across concurrent JSON, blob and upload calls (35.979375ms)
✔ missing, rejected or repeatedly expired session credentials have a permanent authentication code (4.802ms)
✔ complete-prefix limits and nonce conflicts have stable permanent codes (0.187709ms)
✔ authorization refusal does not permanently disable a valid PDS credential (2.777208ms)
▶ real disposable PDS persistence and recovery
  ✔ genesis and initial head are a verified empty prefix (7.923875ms)
  ✔ provisioning refuses to replace an existing application log (18.716542ms)
  ✔ source blobs are retained and recovered by exact CID (18.230916ms)
  ✔ reset refuses a live or unmarked directory (1.278375ms)
  ✔ two concurrent submissions receive one contiguous order (64.175208ms)
  ✔ same intent and a new valid signature return original receipt (17.662375ms)
  ✔ second local writer is refused while the lease is held (0.224167ms)
  ✔ official PDS process crash preserves acknowledged history and blobs (721.963917ms)
  ✔ a rejected conditional batch leaves entry and head unchanged (36.973416ms)
  ✔ malformed commit replies cannot remove an append or provision condition (32.488916ms)
  ✔ an unrelated repo write races the append and is reconciled (59.045958ms)
  ✔ lost HTTP response after commit resolves to one original receipt (34.887125ms)
  ✔ a different writer process cannot acquire the same local lease (880.41975ms)
  ✔ writer crash after commit but before acknowledgment recovers one receipt (928.912375ms)
  ✔ writer crash after acknowledgment keeps receipt and no domain effect claim (882.943084ms)
  ✔ XRPC rejects a foreign receipt anchor and malformed submission (13.581333ms)
  ✔ bootstrap at a chosen head catches up without notifications (75.976208ms)
  ✔ repository CAR contains retention references but blobs require explicit export (8.009167ms)
  ✔ missing and tampered source references fail, then recover by exact content (25.567333ms)
  ✔ missing or corrupted physical blob bytes never satisfy a source CID (12.572084ms)
  ✔ a retained verified head refuses repository rollback and signed-entry corruption (84.238708ms)
  ✔ chosen-head catch-up verifies a prefix spanning real PDS pages (230.755459ms)
  ✔ PDS compare-and-swap excludes competing writers even with the local lease bypassed (482.263458ms)
✔ real disposable PDS persistence and recovery (7200.376833ms)
ℹ tests 35
ℹ suites 0
ℹ pass 35
ℹ fail 0
ℹ cancelled 0
ℹ skipped 0
ℹ todo 0
ℹ duration_ms 7540.439792
