▶ hostile configured SDK dispatch cannot widen the private native resource allowance
  ✔ origin (917.5065ms)
  ✔ path (1.042916ms)
  ✔ query (0.620042ms)
  ✔ encoded-path (0.419084ms)
  ✔ method (0.638708ms)
  ✔ body (0.590792ms)
  ✔ retry-body (3.804041ms)
  ✔ token (0.506083ms)
  ✔ refresh (0.475667ms)
  ✔ revoke (0.526083ms)
  ✔ PAR (0.397417ms)
  ✔ discovery (0.430959ms)
  ✔ same-path-no-authorization (0.3985ms)
  ✔ count (3.168125ms)
  ✔ pool (12.028125ms)
  ✔ deadline (30001.828792ms)
✔ hostile configured SDK dispatch cannot widen the private native resource allowance (30946.215ms)
▶ private native first refusal survives hostile SDK success, cleanup and all excluded recovery shapes
  ✔ input-sdk-success (921.509125ms)
  ✔ input-sdk-throw (5.470833ms)
  ✔ origin (7.07325ms)
  ✔ unavailable (7.082333ms)
  ✔ no-second-resource (4.790209ms)
  ✔ first-before-revoke (4.584541ms)
  ✔ credential-sdk-success (4.202541ms)
  ✔ credential-sdk-throw (4.288792ms)
  ✔ non-post (6.170542ms)
  ✔ non-form (3.871542ms)
  ✔ identity-form (3.743541ms)
  ✔ authorized-form (3.395125ms)
  ✔ response (8.063166ms)
  ✔ count (6.998291ms)
  ✔ pool (18.697333ms)
  ✔ pool-plus-body (16.137208ms)
  ✔ cancel (5.154417ms)
  ✔ custody-throw (4.695ms)
  ✔ unknown-sdk (3.930375ms)
✔ private native first refusal survives hostile SDK success, cleanup and all excluded recovery shapes (1041.275542ms)
▶ native first failure preserves its original deadline and fixed recovery through later finalization
  ✔ input-late-deadline (30111.727834ms)
  ✔ origin-late-deadline (30111.800625ms)
  ✔ recovery-late-deadline (30111.009208ms)
  ✔ deadline (30001.319459ms)
✔ native first failure preserves its original deadline and fixed recovery through later finalization (30112.174667ms)
{"node":"v26.10.0","cases":["maintained-callback-and-restore-owned-writer","constructor-prototype-clone-forgery-and-public-method-mutation-refused","standard-get-and-explicit-102-record-pages-bounded-input","mandatory-CAS-captured-before-await-maintained-401-identical-body-no-writer-retry","owned-upload-64KiB-plus-one-512KiB-1MiB-copy-and-1MiB-plus-one-local-refusal","bounded-returned-blob-MIME-size-RAW-CID-shapes-refused-without-provider-text","large-conditional-JSON-and-whole-batch-local-cap","maintained-exact-1MiB-conditional-body-and-one-byte-over-local-refusal","default-request-stays-64KiB-after-native-success","malformed-record-and-page-shapes-account-key-CID-cursor-refused","closed-provider-codes-local-auth-separation-and-counted-response-error-limits","lost-response-single-send-cancel-and-error-allowance-cleanup","fresh-PDS-issuer-and-refresh-scope-refusal-before-second-write","maintained-subject-missing-and-extra-scope-refused-before-mint","genuine-admitted-source-authority-evaluator-entry-head-and-two-content-chunks-unchanged-JSON","genuine-maintained-all-native-methods-encoded-refresh-overflow-fixed-text-no-dispatch-generic-401-and-fresh-reauthorization","pre-authority-automatic-refresh-remains-original-A1-generic-input-outside-native-marker"],"nativeBatch":{"selectedFixtureVector":"activate authored denial","payloadJSONBytes":0,"entryCBORBytes":1187,"entryHeadJSONBytes":2304,"entryHeadAndChunkJSONBytes":90308},"credentialRecovery":{"message":"OAuth credential request exceeds the byte limit; reauthorization is required","rawRefreshTokenBytes":21864,"actualCountedEncodedRefreshBytes":65656},"realNetwork":[{"path":"/drop","code":"content_unavailable","elapsedMs":11.959374999999909},{"path":"/body-drop","code":"content_unavailable","elapsedMs":16.436500000000024},{"path":"/deadline","code":"content_unavailable","elapsedMs":30000.074708}],"dispatcherCalls":449,"maintainedClient":true,"syntheticASAndResource":true,"publicProviderExecuted":false}
✔ owned native writer uses genuine maintained Node OAuth and finite bounded standard operations (31926.683042ms)
{"node":"v26.10.0","cases":["actual-maintained-PAR-PKCE-DPoP-nonce-refresh-resource-revoke","duplicate-callback-single-exchange","opaque-session-and-adapter-serialization","missing-issuer","oversized-callback","duplicate-issuer","wrong-subject","wrong-scopes","extra-scopes","wrong-callback-issuer","changed-authority","refresh-extra-scopes-before-resource-retry","scope-refusal-before-resource","resource-path-escape","oversized-outgoing-body","caller-aborted-request","unsafe-token-url","oversized-resource","refused-token","refused-refresh","refused-resource","refused-revoke","callback-state-selects-one-of-two-pending-transactions","secret-free-identity-content_unavailable-class","secret-free-identity-origin-class","actual-native-fetch/drop-transient","actual-native-fetch/body-drop-transient","actual-native-fetch/deadline-transient","failed-PAR-state-count-bounded","expired-transaction-before-token-exchange","expired-callback-leaves-later-live-transaction-usable","new-volatile-Node-instance-refuses-abandoned-callback","identity-request-count-budget","identity-cumulative-byte-budget","path-based-issuer-binding-preserved"],"dispatcherCalls":446,"providerSuccess":false,"syntheticOnly":true}
✔ actual Node OAuth adapter uses maintained client, guarded edges, races and private custody (31340.513667ms)
✔ browser-visible OAuth URL policy refuses unsafe schemes, hosts, credentials and fragments (0.2345ms)
✔ storage finalization crossing the network deadline preserves the original work failure (527.948584ms)
✔ definitive verification failure retains its class when awaited signout crosses the network deadline (0.505208ms)
{"case":"actual-bfcache-housekeeping","chromium":"153.0.8010.12","compiled":true,"nativeTLS":true,"requestInterception":false,"restorations":3,"initial":{"instance":"f8165b96-20ce-4a0e-906f-2ae5a5dede79","events":[{"event":"pageshow","persisted":false}],"activeTimers":1,"fires":0},"final":{"instance":"f8165b96-20ce-4a0e-906f-2ae5a5dede79","events":[{"event":"pageshow","persisted":false},{"event":"pagehide","persisted":true},{"event":"pageshow","persisted":true},{"event":"pagehide","persisted":true},{"event":"pageshow","persisted":true},{"event":"pagehide","persisted":true},{"event":"pageshow","persisted":true}],"activeTimers":1,"fires":1},"actualMinuteTimerFired":true,"idleReservedRowsPurged":true,"providerSuccess":false}
✔ actual BFCache restores exactly one custody timer, which performs idle cleanup after repeated restores (60715.441166ms)
{"custodyCase":"counts-consent-expiry","pendingCap":10,"accountCap":10,"onePendingPerDid":true,"refreshDoesNotExtendConsent":true,"expiredNeverRefreshes":true}
✔ owned custody atomic counts, one pending per DID, expiry, and fixed consent lifetime (590.749083ms)
{"custodyCase":"actual-write-abort","callbackAndRefreshRejected":true,"selectedSdkRevocation":true,"localPurge":true}
✔ actual IDB session abort propagates and selected SDK revokes new refresh token (293.456125ms)
{"custodyCase":"read-crash","realDocumentClosed":true,"uncertainNotRestored":true,"noRefreshRetry":true,"oneBestEffortRevoke":true}
✔ crash during a logical read retains uncertainty, reopens with one revocation and no refresh retry (321.187209ms)
{"custodyCase":"callback-after-commit-crash","actualCommittedCredential":true,"authorityChecksUnfinished":true,"noReturnedHandle":true,"noRefreshRetry":true}
✔ committed callback is not live before fresh authority checks; closing document retires it (321.1295ms)
{"custodyCase":"cross-document-lock-key","actualWebLocks":true,"reloadedNonextractablePrivateKey":true,"distinctLockPrefixes":true}
✔ two documents serialize custody and distinct SDK locks without a process local fallback (400.575458ms)
{"custodyCase":"actual-browser-quota","chromiumQuotaOverride":1,"writeRejected":true,"physicalCountsPreserved":true,"recoveredAfterQuotaRestored":true}
✔ browser quota refusal aborts real owned writes without exceeding physical slot counts (227.170792ms)
{"custodyCase":"purge-failure-reset","actualDeleteTransactionAborts":true,"countedWhileUnusable":true,"noRefreshRetry":true,"repairAndTrustedResetReenrollment":true}
✔ failed local purge remains counted and unusable until storage repair or trusted explicit reset (250.392125ms)
{"custodyCase":"remote-refusal","localDeletionIndependent":true,"noDurableRemoteRetryQueue":true}
✔ remote revocation refusal cannot prevent local purge (217.677625ms)
{"custodyCase":"legacy-origin-reset","legacyRefused":true,"explicitDeletionWithoutDecoding":true,"freshEnrollment":true}
✔ legacy private SDK origin is refused until trusted reset; no private database migration (205.801166ms)
{"custodyCase":"exact-metadata-ceiling","utf8Bytes":65536,"oneByteOverRejected":true,"opaquePairExcluded":true,"journalIncluded":true}
✔ 64 KiB logical UTF-8 metadata ceiling includes the account journal while opaque keypair is excluded (242.187292ms)
{"custodyCase":"refresh-issued-before-commit-crash","realTokenResponsePrepared":true,"oldCredentialUncertain":true,"noOneUseRefreshRetry":true,"actualDistinctSdkAndCustodyLocks":true}
✔ refresh response issued before local commit leaves the old credential uncertain and never retries it on reopen (283.321834ms)
{"custodyCase":"final-live-commit-abort","actualFinalTransactionAborted":true,"noAcceptedHandle":true,"committedCredentialRetiredOnReopen":true}
✔ final live-marker transaction abort returns no handle and retains committed uncertain credential for cleanup (266.553291ms)
{"custodyCase":"journal-first","actualMarkerAbort":true,"noCredentialDispatchBeforeCommit":true,"untouchedLiveConsentPreserved":true}
✔ journal write must commit before any credential read, refresh or resource request (202.891583ms)
{"custodyCase":"subject-and-401","foreignSubjectNeverAllocated":true,"implicitRefreshJournalRetained":true,"consentNotExtended":true,"changedScopeRefusedBeforeSecondResourceDispatch":true}
✔ subject mismatch cannot allocate another account and resource 401 refresh retains the journal and checks exact scopes (236.642375ms)
{"custodyCase":"plain-reset-keeps-consent","originalUnavailableError":true,"unchangedDeadline":true,"noRefreshOrRevoke":true,"nextRequestSucceeded":true}
✔ plain resource transport reset preserves live consent, deadline and next successful request without refresh or revocation (211.333875ms)
{"custodyCase":"resource-form-not-token","normalizedPostBody":true,"authorizationProvenanceSeparatesResource":true,"consentPreserved":true}
✔ an authenticated resource form cannot masquerade as a maintained token request (215.907292ms)
{"custodyCase":"lost-401-refresh-response","actualPreparedTokenResponseLost":true,"sdkInitial401Preserved":true,"uncertainRetired":true,"noOneUseRetry":true}
✔ lost 401 refresh response retires uncertainty even when the maintained resource helper returns its initial 401 (202.486916ms)
{"custodyCase":"token-dispatch-normalized-form","publicSdkFetchDecoratorOnly":true,"optionalFieldsAccepted":true,"mixedCaseCharsetAccepted":true,"lostResponseRetired":true}
✔ token dispatch marker accepts maintained normalized form with extra fields and mixed-case media type with charset (215.98325ms)
{"custodyCase":"safe-finalization-abort","actualTransactionAbort":true,"originalTransientErrorPreserved":true,"uncertainNotUsable":true,"noRefreshRetry":true}
✔ safe failure finalization must commit; aborted live marker leaves uncertainty and preserves original transient error (264.205666ms)
{"custodyCase":"plain-caller-abort","existingConsentLive":true,"noTokenOrRevoke":true,"originalUnavailableClass":true}
✔ plain caller abort without token dispatch preserves existing consent and original unavailable class (206.212708ms)
{"custodyCase":"token-handoff-sync-rejection","markedBeforeTransport":true,"noServerTokenResponseRequiredForConservativeRetirement":true,"noAutomaticRetry":true}
✔ token handoff is marked before transport can synchronously reject, retaining conservative no-retry semantics (212.448042ms)
{"custodyCase":"fresh-verification-reset","stage":"identity","operation":"resource","nextSucceeded":true,"deltasBeforeRetry":{"token":0,"revoke":0,"resource":0},"accountPhases":["live"]}
✔ fresh verification identity reset preserves unchanged resource consent and permits next request (198.822791ms)
{"custodyCase":"fresh-verification-reset","stage":"identity","operation":"info","nextSucceeded":true,"deltasBeforeRetry":{"token":0,"revoke":0,"resource":0},"accountPhases":["live"]}
✔ fresh verification identity reset preserves unchanged info consent and permits next request (202.664333ms)
{"custodyCase":"fresh-verification-reset","stage":"identity","operation":"restore","nextSucceeded":true,"deltasBeforeRetry":{"token":0,"revoke":0,"resource":0},"accountPhases":["live"]}
✔ fresh verification identity reset preserves unchanged restore consent and permits next request (205.5205ms)
{"custodyCase":"fresh-verification-reset","stage":"discovery","operation":"resource","nextSucceeded":true,"deltasBeforeRetry":{"token":0,"revoke":0,"resource":0},"accountPhases":["live"]}
✔ fresh verification discovery reset preserves unchanged resource consent and permits next request (203.1465ms)
{"custodyCase":"fresh-verification-reset","stage":"discovery","operation":"info","nextSucceeded":true,"deltasBeforeRetry":{"token":0,"revoke":0,"resource":0},"accountPhases":["live"]}
✔ fresh verification discovery reset preserves unchanged info consent and permits next request (208.550208ms)
{"custodyCase":"fresh-verification-reset","stage":"discovery","operation":"restore","nextSucceeded":true,"deltasBeforeRetry":{"token":0,"revoke":0,"resource":0},"accountPhases":["live"]}
✔ fresh verification discovery reset preserves unchanged restore consent and permits next request (204.873625ms)
{"custodyCase":"definitive-verification-mismatch","mismatch":"issuer","retired":true,"tokenDelta":0,"resourceDelta":0,"revokeDelta":0}
✔ definitive fresh issuer mismatch retires unchanged credentials before resource dispatch (263.138333ms)
{"custodyCase":"definitive-verification-mismatch","mismatch":"scope","retired":true,"tokenDelta":0,"resourceDelta":0,"revokeDelta":1}
✔ definitive fresh scope mismatch retires unchanged credentials before resource dispatch (261.962875ms)
{"custodyCase":"unauthenticated-http-outage","stage":"identity","status":500,"operation":"resource","failure":{"code":"content_unavailable","message":"OAuth operation is unavailable"},"deltasBeforeRetry":{"token":0,"revoke":0,"resource":0},"exactAccountUnchanged":true,"live":true,"deadlineUnchanged":true,"nextSucceeded":true}
✔ unauthenticated HTTP500 identity resource outage preserves exact consent and permits healthy retry (214.878833ms)
{"custodyCase":"unauthenticated-http-outage","stage":"identity","status":500,"operation":"restore","failure":{"code":"content_unavailable","message":"OAuth operation is unavailable"},"deltasBeforeRetry":{"token":0,"revoke":0,"resource":0},"exactAccountUnchanged":true,"live":true,"deadlineUnchanged":true,"nextSucceeded":true}
✔ unauthenticated HTTP500 identity restore outage preserves exact consent and permits healthy retry (235.267333ms)
{"custodyCase":"unauthenticated-http-outage","stage":"identity","status":503,"operation":"resource","failure":{"code":"content_unavailable","message":"OAuth operation is unavailable"},"deltasBeforeRetry":{"token":0,"revoke":0,"resource":0},"exactAccountUnchanged":true,"live":true,"deadlineUnchanged":true,"nextSucceeded":true}
✔ unauthenticated HTTP503 identity resource outage preserves exact consent and permits healthy retry (216.21925ms)
{"custodyCase":"unauthenticated-http-outage","stage":"identity","status":503,"operation":"restore","failure":{"code":"content_unavailable","message":"OAuth operation is unavailable"},"deltasBeforeRetry":{"token":0,"revoke":0,"resource":0},"exactAccountUnchanged":true,"live":true,"deadlineUnchanged":true,"nextSucceeded":true}
✔ unauthenticated HTTP503 identity restore outage preserves exact consent and permits healthy retry (206.421292ms)
{"custodyCase":"unauthenticated-http-outage","stage":"identity","status":429,"operation":"resource","failure":{"code":"content_unavailable","message":"OAuth operation is unavailable"},"deltasBeforeRetry":{"token":0,"revoke":0,"resource":0},"exactAccountUnchanged":true,"live":true,"deadlineUnchanged":true,"nextSucceeded":true}
✔ unauthenticated HTTP429 identity resource outage preserves exact consent and permits healthy retry (213.962458ms)
{"custodyCase":"unauthenticated-http-outage","stage":"identity","status":429,"operation":"restore","failure":{"code":"content_unavailable","message":"OAuth operation is unavailable"},"deltasBeforeRetry":{"token":0,"revoke":0,"resource":0},"exactAccountUnchanged":true,"live":true,"deadlineUnchanged":true,"nextSucceeded":true}
✔ unauthenticated HTTP429 identity restore outage preserves exact consent and permits healthy retry (206.931792ms)
{"custodyCase":"unauthenticated-http-outage","stage":"discovery","status":500,"operation":"resource","failure":{"code":"content_unavailable","message":"OAuth operation is unavailable"},"deltasBeforeRetry":{"token":0,"revoke":0,"resource":0},"exactAccountUnchanged":true,"live":true,"deadlineUnchanged":true,"nextSucceeded":true}
✔ unauthenticated HTTP500 discovery resource outage preserves exact consent and permits healthy retry (209.211792ms)
{"custodyCase":"unauthenticated-http-outage","stage":"discovery","status":500,"operation":"restore","failure":{"code":"content_unavailable","message":"OAuth operation is unavailable"},"deltasBeforeRetry":{"token":0,"revoke":0,"resource":0},"exactAccountUnchanged":true,"live":true,"deadlineUnchanged":true,"nextSucceeded":true}
✔ unauthenticated HTTP500 discovery restore outage preserves exact consent and permits healthy retry (222.983334ms)
{"custodyCase":"unauthenticated-http-outage","stage":"discovery","status":503,"operation":"resource","failure":{"code":"content_unavailable","message":"OAuth operation is unavailable"},"deltasBeforeRetry":{"token":0,"revoke":0,"resource":0},"exactAccountUnchanged":true,"live":true,"deadlineUnchanged":true,"nextSucceeded":true}
✔ unauthenticated HTTP503 discovery resource outage preserves exact consent and permits healthy retry (210.19625ms)
{"custodyCase":"unauthenticated-http-outage","stage":"discovery","status":503,"operation":"restore","failure":{"code":"content_unavailable","message":"OAuth operation is unavailable"},"deltasBeforeRetry":{"token":0,"revoke":0,"resource":0},"exactAccountUnchanged":true,"live":true,"deadlineUnchanged":true,"nextSucceeded":true}
✔ unauthenticated HTTP503 discovery restore outage preserves exact consent and permits healthy retry (215.723625ms)
{"custodyCase":"unauthenticated-http-outage","stage":"discovery","status":429,"operation":"resource","failure":{"code":"content_unavailable","message":"OAuth operation is unavailable"},"deltasBeforeRetry":{"token":0,"revoke":0,"resource":0},"exactAccountUnchanged":true,"live":true,"deadlineUnchanged":true,"nextSucceeded":true}
✔ unauthenticated HTTP429 discovery resource outage preserves exact consent and permits healthy retry (213.957708ms)
{"custodyCase":"unauthenticated-http-outage","stage":"discovery","status":429,"operation":"restore","failure":{"code":"content_unavailable","message":"OAuth operation is unavailable"},"deltasBeforeRetry":{"token":0,"revoke":0,"resource":0},"exactAccountUnchanged":true,"live":true,"deadlineUnchanged":true,"nextSucceeded":true}
✔ unauthenticated HTTP429 discovery restore outage preserves exact consent and permits healthy retry (212.365583ms)
{"custodyCase":"unauthenticated-http-outage","stage":"protected-resource","status":500,"operation":"resource","failure":{"code":"content_unavailable","message":"OAuth operation is unavailable"},"deltasBeforeRetry":{"token":0,"revoke":0,"resource":0},"exactAccountUnchanged":true,"live":true,"deadlineUnchanged":true,"nextSucceeded":true}
✔ unauthenticated HTTP500 protected-resource resource outage preserves exact consent and permits healthy retry (204.272833ms)
{"custodyCase":"unauthenticated-http-outage","stage":"protected-resource","status":500,"operation":"restore","failure":{"code":"content_unavailable","message":"OAuth operation is unavailable"},"deltasBeforeRetry":{"token":0,"revoke":0,"resource":0},"exactAccountUnchanged":true,"live":true,"deadlineUnchanged":true,"nextSucceeded":true}
✔ unauthenticated HTTP500 protected-resource restore outage preserves exact consent and permits healthy retry (219.576ms)
{"custodyCase":"unauthenticated-http-outage","stage":"protected-resource","status":503,"operation":"resource","failure":{"code":"content_unavailable","message":"OAuth operation is unavailable"},"deltasBeforeRetry":{"token":0,"revoke":0,"resource":0},"exactAccountUnchanged":true,"live":true,"deadlineUnchanged":true,"nextSucceeded":true}
✔ unauthenticated HTTP503 protected-resource resource outage preserves exact consent and permits healthy retry (207.94475ms)
{"custodyCase":"unauthenticated-http-outage","stage":"protected-resource","status":503,"operation":"restore","failure":{"code":"content_unavailable","message":"OAuth operation is unavailable"},"deltasBeforeRetry":{"token":0,"revoke":0,"resource":0},"exactAccountUnchanged":true,"live":true,"deadlineUnchanged":true,"nextSucceeded":true}
✔ unauthenticated HTTP503 protected-resource restore outage preserves exact consent and permits healthy retry (205.086041ms)
{"custodyCase":"unauthenticated-http-outage","stage":"protected-resource","status":429,"operation":"resource","failure":{"code":"content_unavailable","message":"OAuth operation is unavailable"},"deltasBeforeRetry":{"token":0,"revoke":0,"resource":0},"exactAccountUnchanged":true,"live":true,"deadlineUnchanged":true,"nextSucceeded":true}
✔ unauthenticated HTTP429 protected-resource resource outage preserves exact consent and permits healthy retry (218.973167ms)
{"custodyCase":"unauthenticated-http-outage","stage":"protected-resource","status":429,"operation":"restore","failure":{"code":"content_unavailable","message":"OAuth operation is unavailable"},"deltasBeforeRetry":{"token":0,"revoke":0,"resource":0},"exactAccountUnchanged":true,"live":true,"deadlineUnchanged":true,"nextSucceeded":true}
✔ unauthenticated HTTP429 protected-resource restore outage preserves exact consent and permits healthy retry (209.301083ms)
{"custodyCase":"authenticated-http-response","status":500,"unchangedResponseStatusAndBody":true,"exactAccountUnchanged":true,"tokenDelta":0,"revokeDelta":0,"nextSucceeded":true}
✔ authenticated resource HTTP500 remains a response and leaves exact consent live (207.28675ms)
{"custodyCase":"token-http-outage","status":500,"operation":"explicit-refresh","tokenDelta":1,"retired":true,"nextRequestRefused":true,"noAutomaticRefreshRetry":true}
✔ dispatched token HTTP500 explicit-refresh failure retires credentials without automatic retry (204.342ms)
{"custodyCase":"token-http-outage","status":500,"operation":"resource-401-refresh","tokenDelta":1,"retired":true,"nextRequestRefused":true,"noAutomaticRefreshRetry":true}
✔ dispatched token HTTP500 resource-401-refresh failure retires credentials without automatic retry (204.973792ms)
{"custodyCase":"authenticated-http-response","status":503,"unchangedResponseStatusAndBody":true,"exactAccountUnchanged":true,"tokenDelta":0,"revokeDelta":0,"nextSucceeded":true}
✔ authenticated resource HTTP503 remains a response and leaves exact consent live (216.690333ms)
{"custodyCase":"token-http-outage","status":503,"operation":"explicit-refresh","tokenDelta":1,"retired":true,"nextRequestRefused":true,"noAutomaticRefreshRetry":true}
✔ dispatched token HTTP503 explicit-refresh failure retires credentials without automatic retry (205.083916ms)
{"custodyCase":"token-http-outage","status":503,"operation":"resource-401-refresh","tokenDelta":1,"retired":true,"nextRequestRefused":true,"noAutomaticRefreshRetry":true}
✔ dispatched token HTTP503 resource-401-refresh failure retires credentials without automatic retry (216.274542ms)
{"custodyCase":"authenticated-http-response","status":429,"unchangedResponseStatusAndBody":true,"exactAccountUnchanged":true,"tokenDelta":0,"revokeDelta":0,"nextSucceeded":true}
✔ authenticated resource HTTP429 remains a response and leaves exact consent live (202.927166ms)
{"custodyCase":"token-http-outage","status":429,"operation":"explicit-refresh","tokenDelta":1,"retired":true,"nextRequestRefused":true,"noAutomaticRefreshRetry":true}
✔ dispatched token HTTP429 explicit-refresh failure retires credentials without automatic retry (208.825666ms)
{"custodyCase":"token-http-outage","status":429,"operation":"resource-401-refresh","tokenDelta":1,"retired":true,"nextRequestRefused":true,"noAutomaticRefreshRetry":true}
✔ dispatched token HTTP429 resource-401-refresh failure retires credentials without automatic retry (210.948458ms)
{"custodyCase":"explicit-signout-http-outage","remoteFailureSuppressedBySDK":true,"status":503,"tokenDelta":0,"revokeDelta":1,"retiredLocally":true,"nextRequestRefused":true}
✔ explicit signout HTTP503 still retires locally without token mutation or automatic retry (201.23225ms)
ℹ tests 105
ℹ suites 0
ℹ pass 105
ℹ fail 0
ℹ cancelled 0
ℹ skipped 0
ℹ todo 0
ℹ duration_ms 60931.601334
