▶ hostile configured SDK dispatch cannot widen the private native resource allowance
  ✔ origin (906.222416ms)
  ✔ path (1.245375ms)
  ✔ query (1.2175ms)
  ✔ encoded-path (1.020166ms)
  ✔ method (0.884041ms)
  ✔ body (0.751959ms)
  ✔ retry-body (4.078ms)
  ✔ token (0.551625ms)
  ✔ refresh (0.571958ms)
  ✔ revoke (0.83075ms)
  ✔ PAR (0.783667ms)
  ✔ discovery (0.598459ms)
  ✔ same-path-no-authorization (0.44575ms)
  ✔ count (4.826375ms)
  ✔ pool (20.331792ms)
  ✔ deadline (30000.180833ms)
✔ hostile configured SDK dispatch cannot widen the private native resource allowance (30945.9855ms)
▶ private native first refusal survives hostile SDK success, cleanup and all excluded recovery shapes
  ✔ input-sdk-success (908.882834ms)
  ✔ input-sdk-throw (4.448083ms)
  ✔ origin (6.82875ms)
  ✔ unavailable (9.325084ms)
  ✔ no-second-resource (4.043167ms)
  ✔ first-before-revoke (5.538042ms)
  ✔ credential-sdk-success (4.32275ms)
  ✔ credential-sdk-throw (4.245416ms)
  ✔ non-post (4.794625ms)
  ✔ non-form (6.917709ms)
  ✔ identity-form (3.681666ms)
  ✔ authorized-form (3.740584ms)
  ✔ response (6.344333ms)
  ✔ count (6.739792ms)
  ✔ pool (22.300583ms)
  ✔ pool-plus-body (24.837ms)
  ✔ cancel (5.260333ms)
  ✔ custody-throw (4.849416ms)
  ✔ unknown-sdk (4.410208ms)
✔ private native first refusal survives hostile SDK success, cleanup and all excluded recovery shapes (1043.093625ms)
▶ native first failure preserves its original deadline and fixed recovery through later finalization
  ✔ input-late-deadline (30110.99175ms)
  ✔ origin-late-deadline (30110.853917ms)
  ✔ recovery-late-deadline (30110.117958ms)
  ✔ deadline (30001.39325ms)
✔ native first failure preserves its original deadline and fixed recovery through later finalization (30111.568042ms)
{"node":"v24.21.0","cases":["maintained-callback-and-restore-owned-writer","constructor-prototype-clone-forgery-and-public-method-mutation-refused","standard-get-and-explicit-102-record-pages-bounded-input","mandatory-CAS-captured-before-await-maintained-401-identical-body-no-writer-retry","owned-upload-64KiB-plus-one-512KiB-1MiB-copy-and-1MiB-plus-one-local-refusal","bounded-returned-blob-MIME-size-RAW-CID-shapes-refused-without-provider-text","large-conditional-JSON-and-whole-batch-local-cap","maintained-exact-1MiB-conditional-body-and-one-byte-over-local-refusal","default-request-stays-64KiB-after-native-success","malformed-record-and-page-shapes-account-key-CID-cursor-refused","closed-provider-codes-local-auth-separation-and-counted-response-error-limits","lost-response-single-send-cancel-and-error-allowance-cleanup","fresh-PDS-issuer-and-refresh-scope-refusal-before-second-write","maintained-subject-missing-and-extra-scope-refused-before-mint","genuine-admitted-source-authority-evaluator-entry-head-and-two-content-chunks-unchanged-JSON","genuine-maintained-all-native-methods-encoded-refresh-overflow-fixed-text-no-dispatch-generic-401-and-fresh-reauthorization","pre-authority-automatic-refresh-remains-original-A1-generic-input-outside-native-marker"],"nativeBatch":{"selectedFixtureVector":"activate authored denial","payloadJSONBytes":0,"entryCBORBytes":1187,"entryHeadJSONBytes":2304,"entryHeadAndChunkJSONBytes":90308},"credentialRecovery":{"message":"OAuth credential request exceeds the byte limit; reauthorization is required","rawRefreshTokenBytes":21864,"actualCountedEncodedRefreshBytes":65656},"realNetwork":[{"path":"/drop","code":"content_unavailable","elapsedMs":14.780166000000008},{"path":"/body-drop","code":"content_unavailable","elapsedMs":18.64458300000001},{"path":"/deadline","code":"content_unavailable","elapsedMs":30000.510791}],"dispatcherCalls":449,"maintainedClient":true,"syntheticASAndResource":true,"publicProviderExecuted":false}
✔ owned native writer uses genuine maintained Node OAuth and finite bounded standard operations (31930.398417ms)
{"node":"v24.21.0","cases":["actual-maintained-PAR-PKCE-DPoP-nonce-refresh-resource-revoke","duplicate-callback-single-exchange","opaque-session-and-adapter-serialization","missing-issuer","oversized-callback","duplicate-issuer","wrong-subject","wrong-scopes","extra-scopes","wrong-callback-issuer","changed-authority","refresh-extra-scopes-before-resource-retry","scope-refusal-before-resource","resource-path-escape","oversized-outgoing-body","caller-aborted-request","unsafe-token-url","oversized-resource","refused-token","refused-refresh","refused-resource","refused-revoke","callback-state-selects-one-of-two-pending-transactions","secret-free-identity-content_unavailable-class","secret-free-identity-origin-class","actual-native-fetch/drop-transient","actual-native-fetch/body-drop-transient","actual-native-fetch/deadline-transient","failed-PAR-state-count-bounded","expired-transaction-before-token-exchange","expired-callback-leaves-later-live-transaction-usable","new-volatile-Node-instance-refuses-abandoned-callback","identity-request-count-budget","identity-cumulative-byte-budget","path-based-issuer-binding-preserved"],"dispatcherCalls":446,"providerSuccess":false,"syntheticOnly":true}
✔ actual Node OAuth adapter uses maintained client, guarded edges, races and private custody (31318.024125ms)
✔ browser-visible OAuth URL policy refuses unsafe schemes, hosts, credentials and fragments (0.25775ms)
✔ storage finalization crossing the network deadline preserves the original work failure (459.323875ms)
✔ definitive verification failure retains its class when awaited signout crosses the network deadline (0.482125ms)
{"case":"actual-bfcache-housekeeping","chromium":"153.0.8010.12","compiled":true,"nativeTLS":true,"requestInterception":false,"restorations":3,"initial":{"instance":"f9e03489-9125-4a19-87e5-642d1249a236","events":[{"event":"pageshow","persisted":false}],"activeTimers":1,"fires":0},"final":{"instance":"f9e03489-9125-4a19-87e5-642d1249a236","events":[{"event":"pageshow","persisted":false},{"event":"pagehide","persisted":true},{"event":"pageshow","persisted":true},{"event":"pagehide","persisted":true},{"event":"pageshow","persisted":true},{"event":"pagehide","persisted":true},{"event":"pageshow","persisted":true}],"activeTimers":1,"fires":1},"actualMinuteTimerFired":true,"idleReservedRowsPurged":true,"providerSuccess":false}
✔ actual BFCache restores exactly one custody timer, which performs idle cleanup after repeated restores (60867.89275ms)
{"custodyCase":"counts-consent-expiry","pendingCap":10,"accountCap":10,"onePendingPerDid":true,"refreshDoesNotExtendConsent":true,"expiredNeverRefreshes":true}
✔ owned custody atomic counts, one pending per DID, expiry, and fixed consent lifetime (594.122584ms)
{"custodyCase":"actual-write-abort","callbackAndRefreshRejected":true,"selectedSdkRevocation":true,"localPurge":true}
✔ actual IDB session abort propagates and selected SDK revokes new refresh token (304.0355ms)
{"custodyCase":"read-crash","realDocumentClosed":true,"uncertainNotRestored":true,"noRefreshRetry":true,"oneBestEffortRevoke":true}
✔ crash during a logical read retains uncertainty, reopens with one revocation and no refresh retry (327.894875ms)
{"custodyCase":"callback-after-commit-crash","actualCommittedCredential":true,"authorityChecksUnfinished":true,"noReturnedHandle":true,"noRefreshRetry":true}
✔ committed callback is not live before fresh authority checks; closing document retires it (310.804375ms)
{"custodyCase":"cross-document-lock-key","actualWebLocks":true,"reloadedNonextractablePrivateKey":true,"distinctLockPrefixes":true}
✔ two documents serialize custody and distinct SDK locks without a process local fallback (407.346166ms)
{"custodyCase":"actual-browser-quota","chromiumQuotaOverride":1,"writeRejected":true,"physicalCountsPreserved":true,"recoveredAfterQuotaRestored":true}
✔ browser quota refusal aborts real owned writes without exceeding physical slot counts (227.219541ms)
{"custodyCase":"purge-failure-reset","actualDeleteTransactionAborts":true,"countedWhileUnusable":true,"noRefreshRetry":true,"repairAndTrustedResetReenrollment":true}
✔ failed local purge remains counted and unusable until storage repair or trusted explicit reset (236.374209ms)
{"custodyCase":"remote-refusal","localDeletionIndependent":true,"noDurableRemoteRetryQueue":true}
✔ remote revocation refusal cannot prevent local purge (216.846042ms)
{"custodyCase":"legacy-origin-reset","legacyRefused":true,"explicitDeletionWithoutDecoding":true,"freshEnrollment":true}
✔ legacy private SDK origin is refused until trusted reset; no private database migration (208.584875ms)
{"custodyCase":"exact-metadata-ceiling","utf8Bytes":65536,"oneByteOverRejected":true,"opaquePairExcluded":true,"journalIncluded":true}
✔ 64 KiB logical UTF-8 metadata ceiling includes the account journal while opaque keypair is excluded (238.602875ms)
{"custodyCase":"refresh-issued-before-commit-crash","realTokenResponsePrepared":true,"oldCredentialUncertain":true,"noOneUseRefreshRetry":true,"actualDistinctSdkAndCustodyLocks":true}
✔ refresh response issued before local commit leaves the old credential uncertain and never retries it on reopen (271.1395ms)
{"custodyCase":"final-live-commit-abort","actualFinalTransactionAborted":true,"noAcceptedHandle":true,"committedCredentialRetiredOnReopen":true}
✔ final live-marker transaction abort returns no handle and retains committed uncertain credential for cleanup (261.902ms)
{"custodyCase":"journal-first","actualMarkerAbort":true,"noCredentialDispatchBeforeCommit":true,"untouchedLiveConsentPreserved":true}
✔ journal write must commit before any credential read, refresh or resource request (243.748041ms)
{"custodyCase":"subject-and-401","foreignSubjectNeverAllocated":true,"implicitRefreshJournalRetained":true,"consentNotExtended":true,"changedScopeRefusedBeforeSecondResourceDispatch":true}
✔ subject mismatch cannot allocate another account and resource 401 refresh retains the journal and checks exact scopes (255.713042ms)
{"custodyCase":"plain-reset-keeps-consent","originalUnavailableError":true,"unchangedDeadline":true,"noRefreshOrRevoke":true,"nextRequestSucceeded":true}
✔ plain resource transport reset preserves live consent, deadline and next successful request without refresh or revocation (215.772042ms)
{"custodyCase":"resource-form-not-token","normalizedPostBody":true,"authorizationProvenanceSeparatesResource":true,"consentPreserved":true}
✔ an authenticated resource form cannot masquerade as a maintained token request (206.310541ms)
{"custodyCase":"lost-401-refresh-response","actualPreparedTokenResponseLost":true,"sdkInitial401Preserved":true,"uncertainRetired":true,"noOneUseRetry":true}
✔ lost 401 refresh response retires uncertainty even when the maintained resource helper returns its initial 401 (217.578ms)
{"custodyCase":"token-dispatch-normalized-form","publicSdkFetchDecoratorOnly":true,"optionalFieldsAccepted":true,"mixedCaseCharsetAccepted":true,"lostResponseRetired":true}
✔ token dispatch marker accepts maintained normalized form with extra fields and mixed-case media type with charset (221.951084ms)
{"custodyCase":"safe-finalization-abort","actualTransactionAbort":true,"originalTransientErrorPreserved":true,"uncertainNotUsable":true,"noRefreshRetry":true}
✔ safe failure finalization must commit; aborted live marker leaves uncertainty and preserves original transient error (272.345125ms)
{"custodyCase":"plain-caller-abort","existingConsentLive":true,"noTokenOrRevoke":true,"originalUnavailableClass":true}
✔ plain caller abort without token dispatch preserves existing consent and original unavailable class (215.130208ms)
{"custodyCase":"token-handoff-sync-rejection","markedBeforeTransport":true,"noServerTokenResponseRequiredForConservativeRetirement":true,"noAutomaticRetry":true}
✔ token handoff is marked before transport can synchronously reject, retaining conservative no-retry semantics (224.005ms)
{"custodyCase":"fresh-verification-reset","stage":"identity","operation":"resource","nextSucceeded":true,"deltasBeforeRetry":{"token":0,"revoke":0,"resource":0},"accountPhases":["live"]}
✔ fresh verification identity reset preserves unchanged resource consent and permits next request (215.363125ms)
{"custodyCase":"fresh-verification-reset","stage":"identity","operation":"info","nextSucceeded":true,"deltasBeforeRetry":{"token":0,"revoke":0,"resource":0},"accountPhases":["live"]}
✔ fresh verification identity reset preserves unchanged info consent and permits next request (210.239666ms)
{"custodyCase":"fresh-verification-reset","stage":"identity","operation":"restore","nextSucceeded":true,"deltasBeforeRetry":{"token":0,"revoke":0,"resource":0},"accountPhases":["live"]}
✔ fresh verification identity reset preserves unchanged restore consent and permits next request (216.333416ms)
{"custodyCase":"fresh-verification-reset","stage":"discovery","operation":"resource","nextSucceeded":true,"deltasBeforeRetry":{"token":0,"revoke":0,"resource":0},"accountPhases":["live"]}
✔ fresh verification discovery reset preserves unchanged resource consent and permits next request (253.401584ms)
{"custodyCase":"fresh-verification-reset","stage":"discovery","operation":"info","nextSucceeded":true,"deltasBeforeRetry":{"token":0,"revoke":0,"resource":0},"accountPhases":["live"]}
✔ fresh verification discovery reset preserves unchanged info consent and permits next request (227.267917ms)
{"custodyCase":"fresh-verification-reset","stage":"discovery","operation":"restore","nextSucceeded":true,"deltasBeforeRetry":{"token":0,"revoke":0,"resource":0},"accountPhases":["live"]}
✔ fresh verification discovery reset preserves unchanged restore consent and permits next request (213.179708ms)
{"custodyCase":"definitive-verification-mismatch","mismatch":"issuer","retired":true,"tokenDelta":0,"resourceDelta":0,"revokeDelta":0}
✔ definitive fresh issuer mismatch retires unchanged credentials before resource dispatch (264.06025ms)
{"custodyCase":"definitive-verification-mismatch","mismatch":"scope","retired":true,"tokenDelta":0,"resourceDelta":0,"revokeDelta":1}
✔ definitive fresh scope mismatch retires unchanged credentials before resource dispatch (295.558167ms)
{"custodyCase":"unauthenticated-http-outage","stage":"identity","status":500,"operation":"resource","failure":{"code":"content_unavailable","message":"OAuth operation is unavailable"},"deltasBeforeRetry":{"token":0,"revoke":0,"resource":0},"exactAccountUnchanged":true,"live":true,"deadlineUnchanged":true,"nextSucceeded":true}
✔ unauthenticated HTTP500 identity resource outage preserves exact consent and permits healthy retry (217.525792ms)
{"custodyCase":"unauthenticated-http-outage","stage":"identity","status":500,"operation":"restore","failure":{"code":"content_unavailable","message":"OAuth operation is unavailable"},"deltasBeforeRetry":{"token":0,"revoke":0,"resource":0},"exactAccountUnchanged":true,"live":true,"deadlineUnchanged":true,"nextSucceeded":true}
✔ unauthenticated HTTP500 identity restore outage preserves exact consent and permits healthy retry (215.122542ms)
{"custodyCase":"unauthenticated-http-outage","stage":"identity","status":503,"operation":"resource","failure":{"code":"content_unavailable","message":"OAuth operation is unavailable"},"deltasBeforeRetry":{"token":0,"revoke":0,"resource":0},"exactAccountUnchanged":true,"live":true,"deadlineUnchanged":true,"nextSucceeded":true}
✔ unauthenticated HTTP503 identity resource outage preserves exact consent and permits healthy retry (209.86925ms)
{"custodyCase":"unauthenticated-http-outage","stage":"identity","status":503,"operation":"restore","failure":{"code":"content_unavailable","message":"OAuth operation is unavailable"},"deltasBeforeRetry":{"token":0,"revoke":0,"resource":0},"exactAccountUnchanged":true,"live":true,"deadlineUnchanged":true,"nextSucceeded":true}
✔ unauthenticated HTTP503 identity restore outage preserves exact consent and permits healthy retry (205.181875ms)
{"custodyCase":"unauthenticated-http-outage","stage":"identity","status":429,"operation":"resource","failure":{"code":"content_unavailable","message":"OAuth operation is unavailable"},"deltasBeforeRetry":{"token":0,"revoke":0,"resource":0},"exactAccountUnchanged":true,"live":true,"deadlineUnchanged":true,"nextSucceeded":true}
✔ unauthenticated HTTP429 identity resource outage preserves exact consent and permits healthy retry (232.415584ms)
{"custodyCase":"unauthenticated-http-outage","stage":"identity","status":429,"operation":"restore","failure":{"code":"content_unavailable","message":"OAuth operation is unavailable"},"deltasBeforeRetry":{"token":0,"revoke":0,"resource":0},"exactAccountUnchanged":true,"live":true,"deadlineUnchanged":true,"nextSucceeded":true}
✔ unauthenticated HTTP429 identity restore outage preserves exact consent and permits healthy retry (246.761708ms)
{"custodyCase":"unauthenticated-http-outage","stage":"discovery","status":500,"operation":"resource","failure":{"code":"content_unavailable","message":"OAuth operation is unavailable"},"deltasBeforeRetry":{"token":0,"revoke":0,"resource":0},"exactAccountUnchanged":true,"live":true,"deadlineUnchanged":true,"nextSucceeded":true}
✔ unauthenticated HTTP500 discovery resource outage preserves exact consent and permits healthy retry (230.426042ms)
{"custodyCase":"unauthenticated-http-outage","stage":"discovery","status":500,"operation":"restore","failure":{"code":"content_unavailable","message":"OAuth operation is unavailable"},"deltasBeforeRetry":{"token":0,"revoke":0,"resource":0},"exactAccountUnchanged":true,"live":true,"deadlineUnchanged":true,"nextSucceeded":true}
✔ unauthenticated HTTP500 discovery restore outage preserves exact consent and permits healthy retry (222.146709ms)
{"custodyCase":"unauthenticated-http-outage","stage":"discovery","status":503,"operation":"resource","failure":{"code":"content_unavailable","message":"OAuth operation is unavailable"},"deltasBeforeRetry":{"token":0,"revoke":0,"resource":0},"exactAccountUnchanged":true,"live":true,"deadlineUnchanged":true,"nextSucceeded":true}
✔ unauthenticated HTTP503 discovery resource outage preserves exact consent and permits healthy retry (213.715625ms)
{"custodyCase":"unauthenticated-http-outage","stage":"discovery","status":503,"operation":"restore","failure":{"code":"content_unavailable","message":"OAuth operation is unavailable"},"deltasBeforeRetry":{"token":0,"revoke":0,"resource":0},"exactAccountUnchanged":true,"live":true,"deadlineUnchanged":true,"nextSucceeded":true}
✔ unauthenticated HTTP503 discovery restore outage preserves exact consent and permits healthy retry (206.694708ms)
{"custodyCase":"unauthenticated-http-outage","stage":"discovery","status":429,"operation":"resource","failure":{"code":"content_unavailable","message":"OAuth operation is unavailable"},"deltasBeforeRetry":{"token":0,"revoke":0,"resource":0},"exactAccountUnchanged":true,"live":true,"deadlineUnchanged":true,"nextSucceeded":true}
✔ unauthenticated HTTP429 discovery resource outage preserves exact consent and permits healthy retry (253.074708ms)
{"custodyCase":"unauthenticated-http-outage","stage":"discovery","status":429,"operation":"restore","failure":{"code":"content_unavailable","message":"OAuth operation is unavailable"},"deltasBeforeRetry":{"token":0,"revoke":0,"resource":0},"exactAccountUnchanged":true,"live":true,"deadlineUnchanged":true,"nextSucceeded":true}
✔ unauthenticated HTTP429 discovery restore outage preserves exact consent and permits healthy retry (237.53475ms)
{"custodyCase":"unauthenticated-http-outage","stage":"protected-resource","status":500,"operation":"resource","failure":{"code":"content_unavailable","message":"OAuth operation is unavailable"},"deltasBeforeRetry":{"token":0,"revoke":0,"resource":0},"exactAccountUnchanged":true,"live":true,"deadlineUnchanged":true,"nextSucceeded":true}
✔ unauthenticated HTTP500 protected-resource resource outage preserves exact consent and permits healthy retry (218.50975ms)
{"custodyCase":"unauthenticated-http-outage","stage":"protected-resource","status":500,"operation":"restore","failure":{"code":"content_unavailable","message":"OAuth operation is unavailable"},"deltasBeforeRetry":{"token":0,"revoke":0,"resource":0},"exactAccountUnchanged":true,"live":true,"deadlineUnchanged":true,"nextSucceeded":true}
✔ unauthenticated HTTP500 protected-resource restore outage preserves exact consent and permits healthy retry (219.878291ms)
{"custodyCase":"unauthenticated-http-outage","stage":"protected-resource","status":503,"operation":"resource","failure":{"code":"content_unavailable","message":"OAuth operation is unavailable"},"deltasBeforeRetry":{"token":0,"revoke":0,"resource":0},"exactAccountUnchanged":true,"live":true,"deadlineUnchanged":true,"nextSucceeded":true}
✔ unauthenticated HTTP503 protected-resource resource outage preserves exact consent and permits healthy retry (213.333792ms)
{"custodyCase":"unauthenticated-http-outage","stage":"protected-resource","status":503,"operation":"restore","failure":{"code":"content_unavailable","message":"OAuth operation is unavailable"},"deltasBeforeRetry":{"token":0,"revoke":0,"resource":0},"exactAccountUnchanged":true,"live":true,"deadlineUnchanged":true,"nextSucceeded":true}
✔ unauthenticated HTTP503 protected-resource restore outage preserves exact consent and permits healthy retry (202.636416ms)
{"custodyCase":"unauthenticated-http-outage","stage":"protected-resource","status":429,"operation":"resource","failure":{"code":"content_unavailable","message":"OAuth operation is unavailable"},"deltasBeforeRetry":{"token":0,"revoke":0,"resource":0},"exactAccountUnchanged":true,"live":true,"deadlineUnchanged":true,"nextSucceeded":true}
✔ unauthenticated HTTP429 protected-resource resource outage preserves exact consent and permits healthy retry (201.096542ms)
{"custodyCase":"unauthenticated-http-outage","stage":"protected-resource","status":429,"operation":"restore","failure":{"code":"content_unavailable","message":"OAuth operation is unavailable"},"deltasBeforeRetry":{"token":0,"revoke":0,"resource":0},"exactAccountUnchanged":true,"live":true,"deadlineUnchanged":true,"nextSucceeded":true}
✔ unauthenticated HTTP429 protected-resource restore outage preserves exact consent and permits healthy retry (220.210375ms)
{"custodyCase":"authenticated-http-response","status":500,"unchangedResponseStatusAndBody":true,"exactAccountUnchanged":true,"tokenDelta":0,"revokeDelta":0,"nextSucceeded":true}
✔ authenticated resource HTTP500 remains a response and leaves exact consent live (222.632042ms)
{"custodyCase":"token-http-outage","status":500,"operation":"explicit-refresh","tokenDelta":1,"retired":true,"nextRequestRefused":true,"noAutomaticRefreshRetry":true}
✔ dispatched token HTTP500 explicit-refresh failure retires credentials without automatic retry (224.324375ms)
{"custodyCase":"token-http-outage","status":500,"operation":"resource-401-refresh","tokenDelta":1,"retired":true,"nextRequestRefused":true,"noAutomaticRefreshRetry":true}
✔ dispatched token HTTP500 resource-401-refresh failure retires credentials without automatic retry (248.517709ms)
{"custodyCase":"authenticated-http-response","status":503,"unchangedResponseStatusAndBody":true,"exactAccountUnchanged":true,"tokenDelta":0,"revokeDelta":0,"nextSucceeded":true}
✔ authenticated resource HTTP503 remains a response and leaves exact consent live (211.429208ms)
{"custodyCase":"token-http-outage","status":503,"operation":"explicit-refresh","tokenDelta":1,"retired":true,"nextRequestRefused":true,"noAutomaticRefreshRetry":true}
✔ dispatched token HTTP503 explicit-refresh failure retires credentials without automatic retry (210.586ms)
{"custodyCase":"token-http-outage","status":503,"operation":"resource-401-refresh","tokenDelta":1,"retired":true,"nextRequestRefused":true,"noAutomaticRefreshRetry":true}
✔ dispatched token HTTP503 resource-401-refresh failure retires credentials without automatic retry (220.945459ms)
{"custodyCase":"authenticated-http-response","status":429,"unchangedResponseStatusAndBody":true,"exactAccountUnchanged":true,"tokenDelta":0,"revokeDelta":0,"nextSucceeded":true}
✔ authenticated resource HTTP429 remains a response and leaves exact consent live (224.495416ms)
{"custodyCase":"token-http-outage","status":429,"operation":"explicit-refresh","tokenDelta":1,"retired":true,"nextRequestRefused":true,"noAutomaticRefreshRetry":true}
✔ dispatched token HTTP429 explicit-refresh failure retires credentials without automatic retry (224.373542ms)
{"custodyCase":"token-http-outage","status":429,"operation":"resource-401-refresh","tokenDelta":1,"retired":true,"nextRequestRefused":true,"noAutomaticRefreshRetry":true}
✔ dispatched token HTTP429 resource-401-refresh failure retires credentials without automatic retry (221.8535ms)
{"custodyCase":"explicit-signout-http-outage","remoteFailureSuppressedBySDK":true,"status":503,"tokenDelta":0,"revokeDelta":1,"retiredLocally":true,"nextRequestRefused":true}
✔ explicit signout HTTP503 still retires locally without token mutation or automatic retry (229.4505ms)
ℹ tests 105
ℹ suites 0
ℹ pass 105
ℹ fail 0
ℹ cancelled 0
ℹ skipped 0
ℹ todo 0
ℹ duration_ms 61046.055833
