✔ host procedures require a retained owner-only token; reads remain public (643.725041ms)
✔ draft cache evicts least recently used previews within count and byte budgets (59.855333ms)
✔ incomplete creations consume application quota before an account is provisioned (6.565459ms)
✔ a corrupt lease database keeps its SQLite diagnostic instead of claiming contention (1.224416ms)
✔ only a PDS RecordNotFound response becomes a missing source (5.266875ms)
✔ only definite invalid input is final; integrity and host availability errors use 503 (0.165667ms)
✔ actual native proof limits remain unavailable and nonpermanent through host HTTP (20.366458ms)
✔ expiry renews once across concurrent JSON, blob and upload calls (35.158625ms)
✔ missing, rejected or repeatedly expired session credentials have a permanent authentication code (4.186041ms)
✔ complete-prefix limits and nonce conflicts have stable permanent codes (0.158292ms)
✔ authorization refusal does not permanently disable a valid PDS credential (2.9175ms)
▶ real disposable PDS persistence and recovery
  ✔ genesis and initial head are a verified empty prefix (7.343708ms)
  ✔ provisioning refuses to replace an existing application log (15.951708ms)
  ✔ source blobs are retained and recovered by exact CID (13.267875ms)
  ✔ reset refuses a live or unmarked directory (0.936459ms)
  ✔ two concurrent submissions receive one contiguous order (56.496084ms)
  ✔ same intent and a new valid signature return original receipt (16.088292ms)
  ✔ second local writer is refused while the lease is held (0.22775ms)
  ✔ official PDS process crash preserves acknowledged history and blobs (638.27425ms)
  ✔ a rejected conditional batch leaves entry and head unchanged (40.91475ms)
  ✔ malformed commit replies cannot remove an append or provision condition (44.114375ms)
  ✔ an unrelated repo write races the append and is reconciled (69.102791ms)
  ✔ lost HTTP response after commit resolves to one original receipt (42.412708ms)
  ✔ a different writer process cannot acquire the same local lease (778.6855ms)
  ✔ writer crash after commit but before acknowledgment recovers one receipt (881.2445ms)
  ✔ writer crash after acknowledgment keeps receipt and no domain effect claim (826.076334ms)
  ✔ XRPC rejects a foreign receipt anchor and malformed submission (13.353875ms)
  ✔ bootstrap at a chosen head catches up without notifications (74.8855ms)
  ✔ repository CAR contains retention references but blobs require explicit export (7.18275ms)
  ✔ missing and tampered source references fail, then recover by exact content (22.849583ms)
  ✔ missing or corrupted physical blob bytes never satisfy a source CID (7.258083ms)
  ✔ a retained verified head refuses repository rollback and signed-entry corruption (77.410708ms)
  ✔ chosen-head catch-up verifies a prefix spanning real PDS pages (231.535292ms)
  ✔ PDS compare-and-swap excludes competing writers even with the local lease bypassed (470.143042ms)
✔ real disposable PDS persistence and recovery (6639.249583ms)
ℹ tests 35
ℹ suites 0
ℹ pass 35
ℹ fail 0
ℹ cancelled 0
ℹ skipped 0
ℹ todo 0
ℹ duration_ms 7218.53375
