✔ host procedures require a retained owner-only token; reads remain public (662.404542ms)
✔ draft cache evicts least recently used previews within count and byte budgets (60.774458ms)
✔ incomplete creations consume application quota before an account is provisioned (6.509541ms)
✔ a corrupt lease database keeps its SQLite diagnostic instead of claiming contention (1.612542ms)
✔ only a PDS RecordNotFound response becomes a missing source (5.131209ms)
✔ only definite invalid input is final; integrity and host availability errors use 503 (0.17975ms)
✔ actual native proof limits remain unavailable and nonpermanent through host HTTP (21.905375ms)
✔ expiry renews once across concurrent JSON, blob and upload calls (35.310709ms)
✔ missing, rejected or repeatedly expired session credentials have a permanent authentication code (5.248042ms)
✔ complete-prefix limits and nonce conflicts have stable permanent codes (0.133584ms)
✔ authorization refusal does not permanently disable a valid PDS credential (3.005416ms)
▶ real disposable PDS persistence and recovery
  ✔ genesis and initial head are a verified empty prefix (8.681958ms)
  ✔ provisioning refuses to replace an existing application log (15.761042ms)
  ✔ source blobs are retained and recovered by exact CID (14.444084ms)
  ✔ reset refuses a live or unmarked directory (0.834875ms)
  ✔ two concurrent submissions receive one contiguous order (56.548375ms)
  ✔ same intent and a new valid signature return original receipt (18.972542ms)
  ✔ second local writer is refused while the lease is held (0.229791ms)
  ✔ official PDS process crash preserves acknowledged history and blobs (685.843291ms)
  ✔ a rejected conditional batch leaves entry and head unchanged (35.038583ms)
  ✔ malformed commit replies cannot remove an append or provision condition (34.850208ms)
  ✔ an unrelated repo write races the append and is reconciled (67.590041ms)
  ✔ lost HTTP response after commit resolves to one original receipt (42.359792ms)
  ✔ a different writer process cannot acquire the same local lease (1109.390917ms)
  ✔ writer crash after commit but before acknowledgment recovers one receipt (1142.228125ms)
  ✔ writer crash after acknowledgment keeps receipt and no domain effect claim (1084.865542ms)
  ✔ XRPC rejects a foreign receipt anchor and malformed submission (13.195708ms)
  ✔ bootstrap at a chosen head catches up without notifications (71.567667ms)
  ✔ repository CAR contains retention references but blobs require explicit export (10.095417ms)
  ✔ missing and tampered source references fail, then recover by exact content (26.78975ms)
  ✔ missing or corrupted physical blob bytes never satisfy a source CID (8.792958ms)
  ✔ a retained verified head refuses repository rollback and signed-entry corruption (84.696833ms)
  ✔ chosen-head catch-up verifies a prefix spanning real PDS pages (225.735209ms)
  ✔ PDS compare-and-swap excludes competing writers even with the local lease bypassed (552.523208ms)
✔ real disposable PDS persistence and recovery (7927.505375ms)
ℹ tests 35
ℹ suites 0
ℹ pass 35
ℹ fail 0
ℹ cancelled 0
ℹ skipped 0
ℹ todo 0
ℹ duration_ms 8522.041916
