
> atseq@0.1.0 setup
> node scripts/setup.mjs


added 170 packages, and audited 171 packages in 2s

21 packages are looking for funding
  run `npm fund` for details

found 0 vulnerabilities
npm warn install-scripts 2 packages have install scripts not yet covered by allowScripts:
npm warn install-scripts   esbuild@0.28.2 (postinstall: node install.js)
npm warn install-scripts   fsevents@2.3.3 (install: (install scripts present))
npm warn install-scripts
npm warn install-scripts Run `npm install-scripts ls` to review, or `npm install-scripts approve <pkg>` to allow.
npm warn deprecated prebuild-install@7.1.3: No longer maintained. Please contact the author of the relevant native addon; alternatives are available.
npm warn deprecated node-domexception@1.0.0: Use your platform's native DOMException instead
npm warn deprecated glob@10.5.0: Old versions of glob are not supported, and contain widely publicized security vulnerabilities, which have been fixed in the current version. Please update. Support for old versions may be purchased (at exorbitant rates) by contacting i@izs.me

added 592 packages, and audited 593 packages in 3s

80 packages are looking for funding
  run `npm fund` for details

8 high severity vulnerabilities

Some issues need review, and may require choosing
a different dependency.

Run `npm audit` for details.
npm warn install-scripts 3 packages have install scripts not yet covered by allowScripts:
npm warn install-scripts   better-sqlite3@12.11.1 (install: prebuild-install || node-gyp rebuild --release)
npm warn install-scripts   core-js@3.50.0 (postinstall: node -e "try{require('./postinstall')}catch(e){}")
npm warn install-scripts   protobufjs@7.6.6 (postinstall: node scripts/postinstall)
npm warn install-scripts
npm warn install-scripts Run `npm install-scripts ls` to review, or `npm install-scripts approve <pkg>` to allow.

> atseq@0.1.0 build
> node scripts/build.mjs

[plugin builtin:vite-reporter] 
(!) Some chunks are larger than 500 kB after minification. Consider:
- Using dynamic import() to code-split the application
- Use build.rolldownOptions.output.codeSplitting to improve chunking: https://rolldown.rs/reference/OutputOptions.codeSplitting
- Adjust chunk size limit for this warning via build.chunkSizeWarningLimit.
TypeScript public APIs and executables built; installed runtime file closure verified.
Atseq development and test setup complete. Run npm run check and npm test.
