{"event":"begin","name":"one-100-node22-source","began":"2026-10-02T12:48:51.663Z"}
{"event":"end","name":"one-100-node22-source","exit":0,"signal":null}
{"event":"begin","name":"one-100-node22-compiled","began":"2026-10-02T12:48:54.737Z"}
{"event":"end","name":"one-100-node22-compiled","exit":0,"signal":null}
{"event":"begin","name":"one-100-node24-source","began":"2026-10-02T12:48:57.139Z"}
{"event":"end","name":"one-100-node24-source","exit":0,"signal":null}
{"event":"begin","name":"one-100-node24-compiled","began":"2026-10-02T12:48:59.948Z"}
{"event":"end","name":"one-100-node24-compiled","exit":0,"signal":null}
{"event":"begin","name":"one-100-node26-source","began":"2026-10-02T12:49:02.175Z"}
{"event":"end","name":"one-100-node26-source","exit":0,"signal":null}
{"event":"begin","name":"one-100-node26-compiled","began":"2026-10-02T12:49:04.868Z"}
{"event":"end","name":"one-100-node26-compiled","exit":0,"signal":null}
{"event":"begin","name":"one-100-chromium","began":"2026-10-02T12:49:07.216Z"}
{"event":"end","name":"one-100-chromium","exit":0,"signal":null}
{"event":"begin","name":"sixteen-100-node22-source","began":"2026-10-02T12:49:09.163Z"}
{"event":"end","name":"sixteen-100-node22-source","exit":0,"signal":null}
{"event":"begin","name":"sixteen-100-node22-compiled","began":"2026-10-02T12:49:12.229Z"}
{"event":"end","name":"sixteen-100-node22-compiled","exit":0,"signal":null}
{"event":"begin","name":"sixteen-100-node24-source","began":"2026-10-02T12:49:14.928Z"}
{"event":"end","name":"sixteen-100-node24-source","exit":0,"signal":null}
{"event":"begin","name":"sixteen-100-node24-compiled","began":"2026-10-02T12:49:17.808Z"}
{"event":"end","name":"sixteen-100-node24-compiled","exit":0,"signal":null}
{"event":"begin","name":"sixteen-100-node26-source","began":"2026-10-02T12:49:20.277Z"}
{"event":"end","name":"sixteen-100-node26-source","exit":0,"signal":null}
{"event":"begin","name":"sixteen-100-node26-compiled","began":"2026-10-02T12:49:23.132Z"}
{"event":"end","name":"sixteen-100-node26-compiled","exit":0,"signal":null}
{"event":"begin","name":"sixteen-100-chromium","began":"2026-10-02T12:49:25.782Z"}
{"event":"end","name":"sixteen-100-chromium","exit":0,"signal":null}
{"event":"begin","name":"retired-100-node22-source","began":"2026-10-02T12:49:28.024Z"}
{"event":"end","name":"retired-100-node22-source","exit":0,"signal":null}
{"event":"begin","name":"retired-100-node22-compiled","began":"2026-10-02T12:49:33.430Z"}
{"event":"end","name":"retired-100-node22-compiled","exit":0,"signal":null}
{"event":"begin","name":"retired-100-node24-source","began":"2026-10-02T12:49:38.823Z"}
{"event":"end","name":"retired-100-node24-source","exit":0,"signal":null}
{"event":"begin","name":"retired-100-node24-compiled","began":"2026-10-02T12:49:44.872Z"}
{"event":"end","name":"retired-100-node24-compiled","exit":0,"signal":null}
{"event":"begin","name":"retired-100-node26-source","began":"2026-10-02T12:49:50.279Z"}
{"event":"end","name":"retired-100-node26-source","exit":0,"signal":null}
{"event":"begin","name":"retired-100-node26-compiled","began":"2026-10-02T12:49:55.840Z"}
{"event":"end","name":"retired-100-node26-compiled","exit":0,"signal":null}
{"event":"begin","name":"retired-100-chromium","began":"2026-10-02T12:50:00.937Z"}
{"event":"end","name":"retired-100-chromium","exit":0,"signal":null}
{"event":"begin","name":"one-use-100-node22-source","began":"2026-10-02T12:50:06.735Z"}
{"event":"end","name":"one-use-100-node22-source","exit":0,"signal":null}
{"event":"begin","name":"one-use-100-node22-compiled","began":"2026-10-02T12:50:12.874Z"}
{"event":"end","name":"one-use-100-node22-compiled","exit":0,"signal":null}
{"event":"begin","name":"one-use-100-node24-source","began":"2026-10-02T12:50:18.468Z"}
{"event":"end","name":"one-use-100-node24-source","exit":0,"signal":null}
{"event":"begin","name":"one-use-100-node24-compiled","began":"2026-10-02T12:50:24.212Z"}
{"event":"end","name":"one-use-100-node24-compiled","exit":0,"signal":null}
{"event":"begin","name":"one-use-100-node26-source","began":"2026-10-02T12:50:29.296Z"}
{"event":"end","name":"one-use-100-node26-source","exit":0,"signal":null}
{"event":"begin","name":"one-use-100-node26-compiled","began":"2026-10-02T12:50:35.072Z"}
{"event":"end","name":"one-use-100-node26-compiled","exit":0,"signal":null}
{"event":"begin","name":"one-use-100-chromium","began":"2026-10-02T12:50:39.857Z"}
{"event":"end","name":"one-use-100-chromium","exit":0,"signal":null}
{"event":"begin","name":"one-1000-node22-source","began":"2026-10-02T12:50:45.263Z"}
{"event":"end","name":"one-1000-node22-source","exit":0,"signal":null}
{"event":"begin","name":"one-1000-node22-compiled","began":"2026-10-02T12:50:57.090Z"}
{"event":"end","name":"one-1000-node22-compiled","exit":0,"signal":null}
{"event":"begin","name":"one-1000-node24-source","began":"2026-10-02T12:51:08.128Z"}
{"event":"end","name":"one-1000-node24-source","exit":0,"signal":null}
{"event":"begin","name":"one-1000-node24-compiled","began":"2026-10-02T12:51:19.375Z"}
{"event":"end","name":"one-1000-node24-compiled","exit":0,"signal":null}
{"event":"begin","name":"one-1000-node26-source","began":"2026-10-02T12:51:29.838Z"}
{"event":"end","name":"one-1000-node26-source","exit":0,"signal":null}
{"event":"begin","name":"one-1000-node26-compiled","began":"2026-10-02T12:51:40.587Z"}
{"event":"end","name":"one-1000-node26-compiled","exit":0,"signal":null}
{"event":"begin","name":"one-1000-chromium","began":"2026-10-02T12:51:50.961Z"}
{"event":"end","name":"one-1000-chromium","exit":0,"signal":null}
{"event":"begin","name":"sixteen-1000-node22-source","began":"2026-10-02T12:52:07.213Z"}
{"event":"end","name":"sixteen-1000-node22-source","exit":0,"signal":null}
{"event":"begin","name":"sixteen-1000-node22-compiled","began":"2026-10-02T12:52:20.917Z"}
{"event":"end","name":"sixteen-1000-node22-compiled","exit":0,"signal":null}
{"event":"begin","name":"sixteen-1000-node24-source","began":"2026-10-02T12:52:34.271Z"}
{"event":"end","name":"sixteen-1000-node24-source","exit":0,"signal":null}
{"event":"begin","name":"sixteen-1000-node24-compiled","began":"2026-10-02T12:52:48.888Z"}
{"event":"end","name":"sixteen-1000-node24-compiled","exit":0,"signal":null}
{"event":"begin","name":"sixteen-1000-node26-source","began":"2026-10-02T12:53:01.873Z"}
{"event":"end","name":"sixteen-1000-node26-source","exit":0,"signal":null}
{"event":"begin","name":"sixteen-1000-node26-compiled","began":"2026-10-02T12:53:14.614Z"}
{"event":"end","name":"sixteen-1000-node26-compiled","exit":0,"signal":null}
{"event":"begin","name":"sixteen-1000-chromium","began":"2026-10-02T12:53:26.209Z"}
{"event":"end","name":"sixteen-1000-chromium","exit":0,"signal":null}
{"event":"begin","name":"retired-1000-node22-source","began":"2026-10-02T12:53:41.907Z"}
{"event":"end","name":"retired-1000-node22-source","exit":0,"signal":null}
{"event":"begin","name":"retired-1000-node22-compiled","began":"2026-10-02T12:53:58.104Z"}
{"event":"end","name":"retired-1000-node22-compiled","exit":0,"signal":null}
{"event":"begin","name":"retired-1000-node24-source","began":"2026-10-02T12:54:13.737Z"}
{"event":"end","name":"retired-1000-node24-source","exit":0,"signal":null}
{"event":"begin","name":"retired-1000-node24-compiled","began":"2026-10-02T12:54:29.480Z"}
{"event":"end","name":"retired-1000-node24-compiled","exit":0,"signal":null}
{"event":"begin","name":"retired-1000-node26-source","began":"2026-10-02T12:54:44.882Z"}
{"event":"end","name":"retired-1000-node26-source","exit":0,"signal":null}
{"event":"begin","name":"retired-1000-node26-compiled","began":"2026-10-02T12:54:59.950Z"}
{"event":"end","name":"retired-1000-node26-compiled","exit":0,"signal":null}
{"event":"begin","name":"retired-1000-chromium","began":"2026-10-02T12:55:12.472Z"}
{"event":"end","name":"retired-1000-chromium","exit":0,"signal":null}
{"event":"begin","name":"one-use-1000-node22-source","began":"2026-10-02T12:55:31.773Z"}
{"event":"end","name":"one-use-1000-node22-source","exit":0,"signal":null}
{"event":"begin","name":"one-use-1000-node22-compiled","began":"2026-10-02T12:56:22.898Z"}
{"event":"end","name":"one-use-1000-node22-compiled","exit":0,"signal":null}
{"event":"begin","name":"one-use-1000-node24-source","began":"2026-10-02T12:57:10.336Z"}
{"event":"end","name":"one-use-1000-node24-source","exit":0,"signal":null}
{"event":"begin","name":"one-use-1000-node24-compiled","began":"2026-10-02T12:57:58.132Z"}
{"event":"end","name":"one-use-1000-node24-compiled","exit":0,"signal":null}
{"event":"begin","name":"one-use-1000-node26-source","began":"2026-10-02T12:58:39.844Z"}
{"event":"end","name":"one-use-1000-node26-source","exit":0,"signal":null}
{"event":"begin","name":"one-use-1000-node26-compiled","began":"2026-10-02T12:59:27.316Z"}
{"event":"end","name":"one-use-1000-node26-compiled","exit":0,"signal":null}
{"event":"begin","name":"one-use-1000-chromium","began":"2026-10-02T13:00:14.643Z"}
{"event":"end","name":"one-use-1000-chromium","exit":0,"signal":null}
{"event":"begin","name":"one-10000-node22-source","began":"2026-10-02T13:01:19.300Z"}
{"event":"end","name":"one-10000-node22-source","exit":0,"signal":null}
{"event":"begin","name":"one-10000-node22-compiled","began":"2026-10-02T13:01:53.979Z"}
{"event":"end","name":"one-10000-node22-compiled","exit":0,"signal":null}
{"event":"begin","name":"one-10000-node24-source","began":"2026-10-02T13:02:21.937Z"}
{"event":"end","name":"one-10000-node24-source","exit":0,"signal":null}
{"event":"begin","name":"one-10000-node24-compiled","began":"2026-10-02T13:02:51.585Z"}
{"event":"end","name":"one-10000-node24-compiled","exit":0,"signal":null}
{"event":"begin","name":"one-10000-node26-source","began":"2026-10-02T13:03:23.947Z"}
{"event":"end","name":"one-10000-node26-source","exit":0,"signal":null}
{"event":"begin","name":"one-10000-node26-compiled","began":"2026-10-02T13:03:58.800Z"}
{"event":"end","name":"one-10000-node26-compiled","exit":0,"signal":null}
{"event":"begin","name":"one-10000-chromium","began":"2026-10-02T13:04:30.238Z"}
{"event":"end","name":"one-10000-chromium","exit":0,"signal":null}
{"event":"begin","name":"sixteen-10000-node22-source","began":"2026-10-02T13:05:35.755Z"}
{"event":"end","name":"sixteen-10000-node22-source","exit":0,"signal":null}
{"event":"begin","name":"sixteen-10000-node22-compiled","began":"2026-10-02T13:06:10.222Z"}
{"event":"end","name":"sixteen-10000-node22-compiled","exit":0,"signal":null}
{"event":"begin","name":"sixteen-10000-node24-source","began":"2026-10-02T13:06:41.044Z"}
{"event":"end","name":"sixteen-10000-node24-source","exit":0,"signal":null}
{"event":"begin","name":"sixteen-10000-node24-compiled","began":"2026-10-02T13:07:11.735Z"}
{"event":"end","name":"sixteen-10000-node24-compiled","exit":0,"signal":null}
{"event":"begin","name":"sixteen-10000-node26-source","began":"2026-10-02T13:07:41.629Z"}
{"event":"end","name":"sixteen-10000-node26-source","exit":0,"signal":null}
{"event":"begin","name":"sixteen-10000-node26-compiled","began":"2026-10-02T13:08:11.840Z"}
{"event":"end","name":"sixteen-10000-node26-compiled","exit":0,"signal":null}
{"event":"begin","name":"sixteen-10000-chromium","began":"2026-10-02T13:08:43.998Z"}
{"event":"end","name":"sixteen-10000-chromium","exit":0,"signal":null}
{"event":"begin","name":"retired-10000-node22-source","began":"2026-10-02T13:10:00.494Z"}
{"event":"end","name":"retired-10000-node22-source","exit":0,"signal":null}
{"event":"begin","name":"retired-10000-node22-compiled","began":"2026-10-02T13:10:33.023Z"}
{"event":"end","name":"retired-10000-node22-compiled","exit":0,"signal":null}
{"event":"begin","name":"retired-10000-node24-source","began":"2026-10-02T13:11:05.763Z"}
{"event":"end","name":"retired-10000-node24-source","exit":0,"signal":null}
{"event":"begin","name":"retired-10000-node24-compiled","began":"2026-10-02T13:11:37.748Z"}
{"event":"end","name":"retired-10000-node24-compiled","exit":0,"signal":null}
{"event":"begin","name":"retired-10000-node26-source","began":"2026-10-02T13:12:06.824Z"}
{"event":"end","name":"retired-10000-node26-source","exit":0,"signal":null}
{"event":"begin","name":"retired-10000-node26-compiled","began":"2026-10-02T13:12:37.023Z"}
{"event":"end","name":"retired-10000-node26-compiled","exit":0,"signal":null}
{"event":"begin","name":"retired-10000-chromium","began":"2026-10-02T13:13:15.089Z"}
{"event":"end","name":"retired-10000-chromium","exit":0,"signal":null}
{"event":"begin","name":"one-use-10000-node22-source","began":"2026-10-02T13:14:28.680Z"}
{"event":"end","name":"one-use-10000-node22-source","exit":0,"signal":null}
{"event":"begin","name":"one-use-10000-node22-compiled","began":"2026-10-02T13:16:19.009Z"}
{"event":"end","name":"one-use-10000-node22-compiled","exit":0,"signal":null}
{"event":"begin","name":"one-use-10000-node24-source","began":"2026-10-02T13:18:10.555Z"}
{"event":"end","name":"one-use-10000-node24-source","exit":0,"signal":null}
{"event":"begin","name":"one-use-10000-node24-compiled","began":"2026-10-02T13:19:56.488Z"}
{"event":"end","name":"one-use-10000-node24-compiled","exit":0,"signal":null}
{"event":"begin","name":"one-use-10000-node26-source","began":"2026-10-02T13:21:28.806Z"}
{"event":"end","name":"one-use-10000-node26-source","exit":0,"signal":null}
{"event":"begin","name":"one-use-10000-node26-compiled","began":"2026-10-02T13:23:07.630Z"}
{"event":"end","name":"one-use-10000-node26-compiled","exit":0,"signal":null}
{"event":"begin","name":"one-use-10000-chromium","began":"2026-10-02T13:24:45.647Z"}
{"event":"end","name":"one-use-10000-chromium","exit":0,"signal":null}
