{"event":"begin","name":"prepare-one-100","began":"2026-10-02T12:45:17.716Z"}
{"event":"end","name":"prepare-one-100","exit":0,"signal":null}
{"event":"begin","name":"prepare-sixteen-100","began":"2026-10-02T12:45:19.045Z"}
{"event":"end","name":"prepare-sixteen-100","exit":0,"signal":null}
{"event":"begin","name":"prepare-retired-100","began":"2026-10-02T12:45:20.247Z"}
{"event":"end","name":"prepare-retired-100","exit":0,"signal":null}
{"event":"begin","name":"prepare-one-use-100","began":"2026-10-02T12:45:21.820Z"}
{"event":"end","name":"prepare-one-use-100","exit":0,"signal":null}
{"event":"begin","name":"prepare-one-1000","began":"2026-10-02T12:45:23.422Z"}
{"event":"end","name":"prepare-one-1000","exit":0,"signal":null}
{"event":"begin","name":"prepare-sixteen-1000","began":"2026-10-02T12:45:26.697Z"}
{"event":"end","name":"prepare-sixteen-1000","exit":0,"signal":null}
{"event":"begin","name":"prepare-retired-1000","began":"2026-10-02T12:45:30.025Z"}
{"event":"end","name":"prepare-retired-1000","exit":0,"signal":null}
{"event":"begin","name":"prepare-one-use-1000","began":"2026-10-02T12:45:33.872Z"}
{"event":"end","name":"prepare-one-use-1000","exit":0,"signal":null}
{"event":"begin","name":"prepare-one-10000","began":"2026-10-02T12:45:42.978Z"}
{"event":"end","name":"prepare-one-10000","exit":0,"signal":null}
{"event":"begin","name":"prepare-sixteen-10000","began":"2026-10-02T12:46:07.716Z"}
{"event":"end","name":"prepare-sixteen-10000","exit":0,"signal":null}
{"event":"begin","name":"prepare-retired-10000","began":"2026-10-02T12:46:32.955Z"}
{"event":"end","name":"prepare-retired-10000","exit":0,"signal":null}
{"event":"begin","name":"prepare-one-use-10000","began":"2026-10-02T12:47:02.837Z"}
{"event":"end","name":"prepare-one-use-10000","exit":0,"signal":null}
