TAP version 13
# {"node":"v22.19.0","cases":91,"noAdmission":true}
# Subtest: exact retained checkpoint DATA and hostile corpus, without admission capabilities
ok 1 - exact retained checkpoint DATA and hostile corpus, without admission capabilities
  ---
  duration_ms: 1792.735125
  type: 'test'
  ...
# {"node":"v22.19.0","producer":"genuine AuthorityHarness repositories/I1 -> nativeAuthorityHistory live prefix join","cases":["genuine-full-history-join-roundtrip","compact-DATA-without-identity-arrays","RV1-floor-descriptor-missing-exact-rejection","original-export-and-compact-acceptance-unchanged"],"fixtureBytes":2963,"fixtureSha256":"aca6f06e21968e369b8a77a0a6a223e1c22fb25144d78c4b6cf4e8d0316c04b2","exactError":{"code":"envelope","message":"Floor descriptor was not consumed"},"dataOnly":true}
# Subtest: RV1 full-history join rejects exactly a missing consumed principal-floor descriptor
ok 2 - RV1 full-history join rejects exactly a missing consumed principal-floor descriptor
  ---
  duration_ms: 1478.477041
  type: 'test'
  ...
# {"cases":["initial selected epoch and immutable grant admission","genesis role disable changes revision to unsigned request CID","stale assignment cannot revive disabled role","second immutable grant admission","one referenced grant cannot union another grant role scope","explicit one-grant owner role administration","role no-change retains its effective revision","source grant deletion does not revoke retained device authority","terminal revoke before first grant admission needs no target grant or epoch","never-admitted terminal revoked grant cannot be revived","fresh repeated revoke no-op advances observation floor","same grant path with different CID cannot edit admitted signer","linked epoch reset retires all earlier grants without walking them","queued old-epoch device operation is ineffective","never-seen pre-reset grant cannot enter current epoch","fresh reset epoch needs fresh exact grant admission","copied backup cannot restore a retired epoch","authentic lower repository revision cannot lower ordinary admission floor","greater revision does not repair a conflicting epoch predecessor","appointed recovery permits lower floor only with never-accepted fresh epoch","appointed recovery cannot revive a retired epoch","stale signed recovery consumes descriptor but changes no epoch or floor","govern may explicitly remove owner without revoking devices","routine admission after recovery preserves fresh scope","participation grant does not appoint owner/admin authority","appointed governance assigns domain role without target device grant","govern adds fifteen certify-only pairs while preserving mixed recovery exactly","recovery input bound does not waive sixteen combined-pair capacity","govern cannot alter lower powers on a mixed recover pair","specific capacity route first prunes one non-recover certifier by govern","specific capacity route then rotates recovery preserving old governance","removed recovery signer cannot rotate newly appointed peers","specific capacity route newly appointed recovery replaces governance only","one recovery signer may remove all existing governance without removing certify","one recovery signer may restore a selected governance pair","whole-map replacement equality ignores object property insertion order","claimed-key P1 root cannot substitute for authentic retained app identity","authentic app history truncation changes before/after tip even with unchanged key and PDS","complete selected root proves claimed entry absent: invalid history","missing native tree node stalls without proven absence","missing exact retained method chunk stalls rather than granting authority","invalid device signature stays invalid before delegated checks","authentic app publication cannot rebind descriptor subject","signed published ordinary action stalls without supported source/action derivation and preserves prior","repeated recovery request/descriptor is invalid before missing observation fetch","same actor nonce with changed signed contents is invalid before live-grant denial","unknown app initializes current epoch without replaying pre-app resets; secp256k1 repo and P-256 device","secp256k1 repository key does not change P-256 owner role authorization","hostname web observation/native grant retains weaker assurance class","web account publication still needs a separate P-256 actor signature and owner scope","sixteen mixed recover/certify pairs cannot add a new recovery pair without govern","disabled recovery-to-govern policy cannot manufacture a capacity escape","recover/certify alone cannot prune lower powers through setControl","native app repository key cannot appoint governance by itself"],"authoritySnapshotBytes":6395,"retainedPublicFixtureBytes":23351275,"noPrivateKeysRetained":true}
# Subtest: native participant authority, role revisions and recovery use authenticated retained evidence
ok 3 - native participant authority, role revisions and recovery use authenticated retained evidence
  ---
  duration_ms: 3617.749292
  type: 'test'
  ...
1..3
# tests 3
# suites 0
# pass 3
# fail 0
# cancelled 0
# skipped 0
# todo 0
# duration_ms 4459.921625
