TAP version 13
# {"node":"v22.19.0","cases":["actual-maintained-PAR-PKCE-DPoP-nonce-refresh-resource-revoke","duplicate-callback-single-exchange","opaque-session-and-adapter-serialization","missing-issuer","oversized-callback","duplicate-issuer","wrong-subject","wrong-scopes","extra-scopes","wrong-callback-issuer","changed-authority","refresh-extra-scopes-before-resource-retry","scope-refusal-before-resource","resource-path-escape","oversized-outgoing-body","caller-aborted-request","unsafe-token-url","oversized-resource","refused-token","refused-refresh","refused-resource","refused-revoke","callback-state-selects-one-of-two-pending-transactions","secret-free-identity-content_unavailable-class","secret-free-identity-origin-class","actual-native-fetch/drop-transient","actual-native-fetch/body-drop-transient","actual-native-fetch/deadline-transient","failed-PAR-state-count-bounded","expired-transaction-before-token-exchange","expired-callback-leaves-later-live-transaction-usable","new-volatile-Node-instance-refuses-abandoned-callback","identity-request-count-budget","identity-cumulative-byte-budget","path-based-issuer-binding-preserved"],"dispatcherCalls":446,"providerSuccess":false,"syntheticOnly":true}
# Subtest: actual Node OAuth adapter uses maintained client, guarded edges, races and private custody
ok 1 - actual Node OAuth adapter uses maintained client, guarded edges, races and private custody
  ---
  duration_ms: 32025.269416
  type: 'test'
  ...
# Subtest: browser-visible OAuth URL policy refuses unsafe schemes, hosts, credentials and fragments
ok 2 - browser-visible OAuth URL policy refuses unsafe schemes, hosts, credentials and fragments
  ---
  duration_ms: 0.225791
  type: 'test'
  ...
# Subtest: storage finalization crossing the network deadline preserves the original work failure
ok 3 - storage finalization crossing the network deadline preserves the original work failure
  ---
  duration_ms: 691.85575
  type: 'test'
  ...
# Subtest: definitive verification failure retains its class when awaited signout crosses the network deadline
ok 4 - definitive verification failure retains its class when awaited signout crosses the network deadline
  ---
  duration_ms: 0.535958
  type: 'test'
  ...
# {"browser":"153.0.8010.12","syntheticOnly":true,"providerSuccess":false,"crossDocumentOneExchange":true,"twoPendingStateSelection":true,"nativeTransportUnavailable":true,"deterministicHTTPRefusal":true,"reloadRestored":true,"keyProperties":[{"privateExtractable":false,"privateType":"private","publicExtractable":true}],"cookiesSent":0,"isolatedPublisherAndAppOrigin":true}
# Subtest: Chromium exercises maintained OAuth, custody origin, reload, cross-document consume and non-extractable key
ok 5 - Chromium exercises maintained OAuth, custody origin, reload, cross-document consume and non-extractable key
  ---
  duration_ms: 1142.732166
  type: 'test'
  ...
1..5
# tests 5
# suites 0
# pass 5
# fail 0
# cancelled 0
# skipped 0
# todo 0
# duration_ms 33331.639917
