✖ explicit signout HTTP503 still retires locally without token mutation or automatic retry (292.954958ms)
ℹ tests 1
ℹ suites 0
ℹ pass 0
ℹ fail 1
ℹ cancelled 0
ℹ skipped 0
ℹ todo 0
ℹ duration_ms 644.731084

✖ failing tests:

test at tests/oauth-custody.test.ts:1:34017
✖ explicit signout HTTP503 still retires locally without token mutation or automatic retry (292.954958ms)
  AssertionError [ERR_ASSERTION]: Missing expected rejection.
      at async TestContext.<anonymous> (/private/tmp/atseq-oauth-http-outage-20261002/tests/oauth-custody.test.ts:1235:5)
      at async Test.run (node:internal/test_runner/test:1409:7)
      at async startSubtestAfterBootstrap (node:internal/test_runner/harness:387:3) {
    generatedMessage: false,
    code: 'ERR_ASSERTION',
    actual: undefined,
    expected: /OAuth operation is unavailable/,
    operator: 'rejects',
    diff: 'simple'
  }
